Component: ARM Compiler 6.15 Tool: armlink [5dd79300]

==============================================================================

Section Cross References

    main.o(.text.main) refers to main.o(.bss.u32CurrentPC) for u32CurrentPC
    main.o(.text.main) refers to main.o(.bss.u32VTOR_LongAddr) for u32VTOR_LongAddr
    main.o(.text.main) refers to stm32f4xx_hal.o(.text.HAL_Init) for HAL_Init
    main.o(.text.main) refers to stm32f4xx_hal_rcc.o(.text.HAL_RCC_OscConfig) for HAL_RCC_OscConfig
    main.o(.text.main) refers to stm32f4xx_hal_rcc.o(.text.HAL_RCC_ClockConfig) for HAL_RCC_ClockConfig
    main.o(.text.main) refers to stm32f4xx_hal.o(.text.HAL_GetREVID) for HAL_GetREVID
    main.o(.text.main) refers to databaseprocess.o(.text.DataBaseInit) for DataBaseInit
    main.o(.text.main) refers to monitor.o(.bss.FaultCtrl) for FaultCtrl
    main.o(.text.main) refers to didoprocess.o(.text.DidoProcessInit) for DidoProcessInit
    main.o(.text.main) refers to adc.o(.text.Adc_Init) for Adc_Init
    main.o(.text.main) refers to rs485_steeringwheel.o(.text.RS485_SteeringWheel_Init) for RS485_SteeringWheel_Init
    main.o(.text.main) refers to uart_host.o(.text.Uart_Host_Init) for Uart_Host_Init
    main.o(.text.main) refers to uart_pcdbug.o(.text.Uart_PCDbug_Init) for Uart_PCDbug_Init
    main.o(.text.main) refers to timerencoder.o(.text.TimerENC1_Init) for TimerENC1_Init
    main.o(.text.main) refers to timerencoder.o(.text.TimerENC2_Init) for TimerENC2_Init
    main.o(.text.main) refers to spd_ctrl.o(.text.SpdCtrl_Init) for SpdCtrl_Init
    main.o(.text.main) refers to can_vcu.o(.text.Can_VCU_Config) for Can_VCU_Config
    main.o(.text.main) refers to can_node.o(.text.Can_Node_Config) for Can_Node_Config
    main.o(.text.main) refers to host_com.o(.data.Ctrl_OffLine_Flag) for Ctrl_OffLine_Flag
    main.o(.text.main) refers to timerbase.o(.text.TimerBase_Init) for TimerBase_Init
    main.o(.text.main) refers to timerbase.o(.text.TIMER_Fast_Init) for TIMER_Fast_Init
    main.o(.text.main) refers to pullrodprocess.o(.text.Solenoid_Init) for Solenoid_Init
    main.o(.text.main) refers to uart_sprintf.o(.text.Uart_Sprintf_Init) for Uart_Sprintf_Init
    main.o(.text.main) refers to debug_com.o(.text.Set_BootSuccessFlg) for Set_BootSuccessFlg
    main.o(.text.main) refers to debug_com.o(.text.StoreVersion_NewApp) for StoreVersion_NewApp
    main.o(.text.main) refers to debug_com.o(.text.StoreVersion_Factory) for StoreVersion_Factory
    main.o(.text.main) refers to can_vcu.o(.text.Can_VCU_send_msg) for Can_VCU_send_msg
    main.o(.text.main) refers to vcuprocess.o(.bss.Reg_AGVTurnCtrlCmd1) for Reg_AGVTurnCtrlCmd1
    main.o(.text.main) refers to xint.o(.bss.g_u8Tick1kHz) for g_u8Tick1kHz
    main.o(.text.main) refers to main.o(.bss.m_unCnt1mS) for m_unCnt1mS
    main.o(.text.main) refers to main.o(.bss.m_unCnt1mS_Reset) for m_unCnt1mS_Reset
    main.o(.text.main) refers to main.o(.data.SolenoidLast_u16StaFlg) for SolenoidLast_u16StaFlg
    main.o(.text.main) refers to host_com.o(.bss.ReSet_Flag) for ReSet_Flag
    main.o(.text.main) refers to statectrl.o(.text.RunStateInit) for RunStateInit
    main.o(.text.main) refers to oled_com.o(.text.Oled_Init) for Oled_Init
    main.o(.text.main) refers to didoprocess.o(.text.PowerCtrl) for PowerCtrl
    main.o(.text.main) refers to main.o(.bss.CANSendFlag) for CANSendFlag
    main.o(.text.main) refers to pullrodprocess.o(.bss.SolenoidReport) for SolenoidReport
    main.o(.text.main) refers to nodeprocess.o(.text.FualtClear) for FualtClear
    main.o(.text.main) refers to nodeprocess.o(.text.ResetCheck) for ResetCheck
    main.o(.text.main) refers to main.o(.bss.m_unCnt10mS) for m_unCnt10mS
    main.o(.text.main) refers to timerbase.o(.text.TimerBase_GetTicks_10KHz) for TimerBase_GetTicks_10KHz
    main.o(.text.main) refers to main.o(.data.LED_Blink.LEDFaultHandle1) for LED_Blink.LEDFaultHandle1
    main.o(.text.main) refers to monitor.o(.text.FaultNum_Get) for FaultNum_Get
    main.o(.text.main) refers to main.o(.bss.LED_Blink.LEDFaultNum_Shadow) for LED_Blink.LEDFaultNum_Shadow
    main.o(.text.main) refers to main.o(.bss.LED_Blink.u32LedTickLast) for LED_Blink.u32LedTickLast
    main.o(.text.main) refers to dido.o(.text.DO_WriteByIndex) for DO_WriteByIndex
    main.o(.text.main) refers to nodeprocess.o(.text.ParamRead_Write) for ParamRead_Write
    main.o(.text.main) refers to didoprocess.o(.data.m_eCtrlMode) for m_eCtrlMode
    main.o(.text.main) refers to didoprocess.o(.bss.InputIOInfor) for InputIOInfor
    main.o(.text.main) refers to didoprocess.o(.data.LastMode) for LastMode
    main.o(.text.main) refers to main.o(.bss.u8StandbyFlag) for u8StandbyFlag
    main.o(.text.main) refers to host_com.o(.text.HostCom_AutoCharCommand) for HostCom_AutoCharCommand
    main.o(.text.main) refers to host_com.o(.text.HostCom_RadLiftCommand) for HostCom_RadLiftCommand
    main.o(.text.main) refers to host_com.o(.text.HostCom_Fault_DisableCommand) for HostCom_Fault_DisableCommand
[...]
    m_WatchDogCmd                            0x2000235c   Data           4  host_com.o(.bss.m_WatchDogCmd)
    m_bRecvBuf                               0x20002360   Data         255  host_com.o(.bss.m_bRecvBuf)
    m_bReportBuf                             0x20002460   Data         255  host_com.o(.bss.m_bReportBuf)
    m_eActState                              0x2000255f   Data           1  statectrl.o(.bss.m_eActState)
    m_eRunState                              0x20002560   Data           1  statectrl.o(.bss.m_eRunState)
    m_sAutoCharCmd                           0x20002562   Data           6  host_com.o(.bss.m_sAutoCharCmd)
    m_sBreakCanel                            0x20002568   Data           4  host_com.o(.bss.m_sBreakCanel)
    m_sCommandAck                            0x2000256c   Data          54  host_com.o(.bss.m_sCommandAck)
    m_sCurBrakeCmd                           0x200025a4   Data           4  host_com.o(.bss.m_sCurBrakeCmd)
    m_sCurGasCmd                             0x200025a8   Data           4  host_com.o(.bss.m_sCurGasCmd)
    m_sCurLiftCmd                            0x200025b0   Data           8  host_com.o(.bss.m_sCurLiftCmd)
    m_sCurRotateCmd                          0x200025b8   Data           6  host_com.o(.bss.m_sCurRotateCmd)
    m_sCurSteerCmd                           0x200025be   Data           6  host_com.o(.bss.m_sCurSteerCmd)
    m_sElectronMagCmd                        0x200025c4   Data           6  host_com.o(.bss.m_sElectronMagCmd)
    m_sEncoderCalaCmd                        0x200025ca   Data           6  host_com.o(.bss.m_sEncoderCalaCmd)
    m_sFaultClear                            0x200025d0   Data           6  host_com.o(.bss.m_sFaultClear)
    m_sRadLift                               0x200025d6   Data           6  host_com.o(.bss.m_sRadLift)
    m_sRadarCmd                              0x200025dc   Data           4  host_com.o(.bss.m_sRadarCmd)
    m_sSlow_SpdCmd                           0x200025e0   Data           6  host_com.o(.bss.m_sSlow_SpdCmd)
    m_sSound_LigntCmd                        0x200025e6   Data           6  host_com.o(.bss.m_sSound_LigntCmd)
    m_sSteerCalaCmd                          0x200025ec   Data           4  host_com.o(.bss.m_sSteerCalaCmd)
    m_unRecvLen                              0x200025fc   Data           2  host_com.o(.bss.m_unRecvLen)
    pFlash                                   0x20002600   Data          32  stm32f4xx_hal_flash.o(.bss.pFlash)
    s16AGVWalkBrakePosFB                     0x20002a20   Data           2  vcu_ctrl.o(.bss.s16AGVWalkBrakePosFB)
    s16TargetSpeed                           0x20002a22   Data           2  spd_ctrl.o(.bss.s16TargetSpeed)
    s16Temperature                           0x20002a24   Data           2  adcprocess.o(.bss.s16Temperature)
    s16VCUTurnDegFB                          0x20002a26   Data           2  host_com.o(.bss.s16VCUTurnDegFB)
    s16VCUWalkSpdFB                          0x20002a28   Data           2  host_com.o(.bss.s16VCUWalkSpdFB)
    s16WalkSpdTest                           0x20002a2a   Data           2  wireless_ctrl.o(.bss.s16WalkSpdTest)
    s32PumpSpd                               0x20002a2c   Data           4  vcu_ctrl.o(.bss.s32PumpSpd)
    s32VCUWalkSpdFB                          0x20002a30   Data           4  host_com.o(.bss.s32VCUWalkSpdFB)
    tmp                                      0x20002a34   Data           4  encoderprocess.o(.bss.tmp)
    tmp2                                     0x20002a38   Data           4  encoderprocess.o(.bss.tmp2)
    u16AGVWalkPosFb                          0x20002a3c   Data           2  host_com.o(.bss.u16AGVWalkPosFb)
    u16SENSORVlot                            0x20002a3e   Data           2  host_com.o(.bss.u16SENSORVlot)
    u16StandbyCnt                            0x20002a40   Data           2  main.o(.bss.u16StandbyCnt)
    u32Can1RsetTimes                         0x20002a44   Data           4  can_vcu.o(.bss.u32Can1RsetTimes)
    u32Can2RsetTimes                         0x20002a48   Data           4  can_vcu.o(.bss.u32Can2RsetTimes)
    u32CanTask2Cnt                           0x20002a4c   Data           4  nodeprocess.o(.bss.u32CanTask2Cnt)
    u32CurrentPC                             0x20002a50   Data           4  main.o(.bss.u32CurrentPC)
    u32LiftPos                               0x20002a54   Data           4  vcu_ctrl.o(.bss.u32LiftPos)
    u32MOTOR1CurrOverCnt                     0x20002a58   Data           4  monitor.o(.bss.u32MOTOR1CurrOverCnt)
    u32MOTOR2CurrOverCnt                     0x20002a5c   Data           4  monitor.o(.bss.u32MOTOR2CurrOverCnt)
    u32PCCurrOverCnt                         0x20002a60   Data           4  monitor.o(.bss.u32PCCurrOverCnt)
    u32SensorCurrOverCnt                     0x20002a64   Data           4  monitor.o(.bss.u32SensorCurrOverCnt)
    u32VTOR_LongAddr                         0x20002a68   Data           4  main.o(.bss.u32VTOR_LongAddr)
    u8BootFB_Flag                            0x20002a74   Data           1  nodeprocess.o(.bss.u8BootFB_Flag)
    u8BootFlg_Solenoid                       0x20002a75   Data           1  debug_com.o(.bss.u8BootFlg_Solenoid)
    u8BootFlg_SteeringWheel                  0x20002a76   Data           1  debug_com.o(.bss.u8BootFlg_SteeringWheel)
    u8BootLinkFlag                           0x20002a77   Data           1  host_com.o(.bss.u8BootLinkFlag)
    u8IMUDataRxFlag                          0x20002a7b   Data           1  imu_com.o(.bss.u8IMUDataRxFlag)
    u8PowerSwFlag                            0x20002a7c   Data           1  xint.o(.bss.u8PowerSwFlag)
    u8PumpSpd                                0x20002a7d   Data           1  vcu_ctrl.o(.bss.u8PumpSpd)
    u8StandbyFlag                            0x20002a7f   Data           1  main.o(.bss.u8StandbyFlag)
    uwTick                                   0x20002a84   Data           4  stm32f4xx_hal.o(.bss.uwTick)



==============================================================================

Memory Map of the image

  Image Entry point : 0x080a1189

  Load Region LR_IROM1 (Base: 0x080a1000, Size: 0x0000aff0, Max: 0x00060000, ABSOLUTE, COMPRESSED[0x0000ad78])

    Execution Region ER_IROM1 (Exec base: 0x080a1000, Load base: 0x080a1000, Size: 0x0000aca0, Max: 0x00060000, ABSOLUTE)

    Exec Addr    Load Addr    Size         Type   Attr      Idx    E Section Name        Object

    0x080a1000   0x080a1000   0x00000188   Data   RO         3858    RESET               startup_stm32f405xx.o
    0x080a1188   0x080a1188   0x00000008   Code   RO         4294  * !!!main             c_w.l(__main.o)
    0x080a1190   0x080a1190   0x00000034   Code   RO         4671    !!!scatter          c_w.l(__scatter.o)
    0x080a11c4   0x080a11c4   0x0000005a   Code   RO         4669    !!dczerorl2         c_w.l(__dczerorl2.o)
    0x080a121e   0x080a121e   0x00000002   PAD
    0x080a1220   0x080a1220   0x0000001c   Code   RO         4673    !!handler_zi        c_w.l(__scatter_zi.o)
    0x080a123c   0x080a123c   0x00000002   Code   RO         4520    .ARM.Collect$$libinit$$00000000  c_w.l(libinit.o)
    0x080a123e   0x080a123e   0x00000004   Code   RO         4543    .ARM.Collect$$libinit$$00000001  c_w.l(libinit2.o)
    0x080a1242   0x080a1242   0x00000000   Code   RO         4546    .ARM.Collect$$libinit$$00000004  c_w.l(libinit2.o)
    0x080a1242   0x080a1242   0x00000000   Code   RO         4549    .ARM.Collect$$libinit$$0000000A  c_w.l(libinit2.o)
    0x080a1242   0x080a1242   0x00000000   Code   RO         4551    .ARM.Collect$$libinit$$0000000C  c_w.l(libinit2.o)
    0x080a1242   0x080a1242   0x00000000   Code   RO         4553    .ARM.Collect$$libinit$$0000000E  c_w.l(libinit2.o)
    0x080a1242   0x080a1242   0x00000000   Code   RO         4556    .ARM.Collect$$libinit$$00000011  c_w.l(libinit2.o)
    0x080a1242   0x080a1242   0x00000000   Code   RO         4558    .ARM.Collect$$libinit$$00000013  c_w.l(libinit2.o)
    0x080a1242   0x080a1242   0x00000000   Code   RO         4560    .ARM.Collect$$libinit$$00000015  c_w.l(libinit2.o)
    0x080a1242   0x080a1242   0x00000000   Code   RO         4562    .ARM.Collect$$libinit$$00000017  c_w.l(libinit2.o)
    0x080a1242   0x080a1242   0x00000000   Code   RO         4564    .ARM.Collect$$libinit$$00000019  c_w.l(libinit2.o)
    0x080a1242   0x080a1242   0x00000000   Code   RO         4566    .ARM.Collect$$libinit$$0000001B  c_w.l(libinit2.o)
    0x080a1242   0x080a1242   0x00000000   Code   RO         4568    .ARM.Collect$$libinit$$0000001D  c_w.l(libinit2.o)
    0x080a1242   0x080a1242   0x00000000   Code   RO         4570    .ARM.Collect$$libinit$$0000001F  c_w.l(libinit2.o)
    0x080a1242   0x080a1242   0x00000000   Code   RO         4572    .ARM.Collect$$libinit$$00000021  c_w.l(libinit2.o)
    0x080a1242   0x080a1242   0x00000000   Code   RO         4574    .ARM.Collect$$libinit$$00000023  c_w.l(libinit2.o)
    0x080a1242   0x080a1242   0x00000000   Code   RO         4576    .ARM.Collect$$libinit$$00000025  c_w.l(libinit2.o)
    0x080a1242   0x080a1242   0x00000000   Code   RO         4580    .ARM.Collect$$libinit$$0000002C  c_w.l(libinit2.o)
    0x080a1242   0x080a1242   0x00000000   Code   RO         4582    .ARM.Collect$$libinit$$0000002E  c_w.l(libinit2.o)
    0x080a1242   0x080a1242   0x00000000   Code   RO         4584    .ARM.Collect$$libinit$$00000030  c_w.l(libinit2.o)
    0x080a1242   0x080a1242   0x00000000   Code   RO         4586    .ARM.Collect$$libinit$$00000032  c_w.l(libinit2.o)
    0x080a1242   0x080a1242   0x00000002   Code   RO         4587    .ARM.Collect$$libinit$$00000033  c_w.l(libinit2.o)
    0x080a1244   0x080a1244   0x00000002   Code   RO         4624    .ARM.Collect$$libshutdown$$00000000  c_w.l(libshutdown.o)
    0x080a1246   0x080a1246   0x00000000   Code   RO         4652    .ARM.Collect$$libshutdown$$00000002  c_w.l(libshutdown2.o)
    0x080a1246   0x080a1246   0x00000000   Code   RO         4654    .ARM.Collect$$libshutdown$$00000004  c_w.l(libshutdown2.o)
    0x080a1246   0x080a1246   0x00000000   Code   RO         4657    .ARM.Collect$$libshutdown$$00000007  c_w.l(libshutdown2.o)
    0x080a1246   0x080a1246   0x00000000   Code   RO         4660    .ARM.Collect$$libshutdown$$0000000A  c_w.l(libshutdown2.o)
    0x080a1246   0x080a1246   0x00000000   Code   RO         4662    .ARM.Collect$$libshutdown$$0000000C  c_w.l(libshutdown2.o)
    0x080a1246   0x080a1246   0x00000000   Code   RO         4665    .ARM.Collect$$libshutdown$$0000000F  c_w.l(libshutdown2.o)
    0x080a1246   0x080a1246   0x00000002   Code   RO         4666    .ARM.Collect$$libshutdown$$00000010  c_w.l(libshutdown2.o)
    0x080a1248   0x080a1248   0x00000000   Code   RO         4312    .ARM.Collect$$rtentry$$00000000  c_w.l(__rtentry.o)
    0x080a1248   0x080a1248   0x00000000   Code   RO         4430    .ARM.Collect$$rtentry$$00000002  c_w.l(__rtentry2.o)
    0x080a1248   0x080a1248   0x00000006   Code   RO         4442    .ARM.Collect$$rtentry$$00000004  c_w.l(__rtentry4.o)
    0x080a124e   0x080a124e   0x00000000   Code   RO         4432    .ARM.Collect$$rtentry$$00000009  c_w.l(__rtentry2.o)
    0x080a124e   0x080a124e   0x00000004   Code   RO         4433    .ARM.Collect$$rtentry$$0000000A  c_w.l(__rtentry2.o)
    0x080a1252   0x080a1252   0x00000000   Code   RO         4435    .ARM.Collect$$rtentry$$0000000C  c_w.l(__rtentry2.o)
    0x080a1252   0x080a1252   0x00000008   Code   RO         4436    .ARM.Collect$$rtentry$$0000000D  c_w.l(__rtentry2.o)
    0x080a125a   0x080a125a   0x00000002   Code   RO         4528    .ARM.Collect$$rtexit$$00000000  c_w.l(rtexit.o)
    0x080a125c   0x080a125c   0x00000000   Code   RO         4593    .ARM.Collect$$rtexit$$00000002  c_w.l(rtexit2.o)
    0x080a125c   0x080a125c   0x00000004   Code   RO         4594    .ARM.Collect$$rtexit$$00000003  c_w.l(rtexit2.o)
    0x080a1260   0x080a1260   0x00000006   Code   RO         4595    .ARM.Collect$$rtexit$$00000004  c_w.l(rtexit2.o)
    0x080a1266   0x080a1266   0x00000002   PAD
    0x080a1268   0x080a1268   0x00000040   Code   RO         3859    .text               startup_stm32f405xx.o
    0x080a12a8   0x080a12a8   0x000000f0   Code   RO         4278    .text               c_w.l(lludivv7m.o)
    0x080a1398   0x080a1398   0x0000008a   Code   RO         4284    .text               c_w.l(rt_memcpy_v6.o)
    0x080a1422   0x080a1422   0x00000064   Code   RO         4286    .text               c_w.l(rt_memcpy_w.o)
    0x080a1486   0x080a1486   0x00000044   Code   RO         4288    .text               c_w.l(rt_memclr.o)
    0x080a14ca   0x080a14ca   0x0000004e   Code   RO         4290    .text               c_w.l(rt_memclr_w.o)
    0x080a1518   0x080a1518   0x00000006   Code   RO         4292    .text               c_w.l(heapauxi.o)
    0x080a151e   0x080a151e   0x0000004a   Code   RO         4468    .text               c_w.l(sys_stackheap_outer.o)
    0x080a1568   0x080a1568   0x00000012   Code   RO         4509    .text               c_w.l(exit.o)
    0x080a157a   0x080a157a   0x00000002   PAD
    0x080a157c   0x080a157c   0x00000008   Code   RO         4525    .text               c_w.l(libspace.o)
    0x080a1584   0x080a1584   0x0000000c   Code   RO         4588    .text               c_w.l(sys_exit.o)
    0x080a1590   0x080a1590   0x00000002   Code   RO         4613    .text               c_w.l(use_no_semi.o)
    0x080a1592   0x080a1592   0x00000000   Code   RO         4615    .text               c_w.l(indicate_semi.o)
    0x080a1592   0x080a1592   0x00000002   PAD
    0x080a1594   0x080a1594   0x00000014   Code   RO         1146    .text.ADC_GetValue  adc.o
    0x080a15a8   0x080a15a8   0x00000002   Code   RO         1138    .text.ADC_IRQHandler  adc.o
    0x080a15aa   0x080a15aa   0x00000002   PAD
    0x080a15ac   0x080a15ac   0x0000001e   Code   RO         1144    .text.ADC_SWStart   adc.o
    0x080a15ca   0x080a15ca   0x00000002   PAD
    0x080a15cc   0x080a15cc   0x00000056   Code   RO          813    .text.ADC_Value     adcprocess.o
    0x080a1622   0x080a1622   0x00000002   PAD
    0x080a1624   0x080a1624   0x00000104   Code   RO          214    .text.AGVLiftPosLp  vcu_ctrl.o
    0x080a1728   0x080a1728   0x00000076   Code   RO          216    .text.AGVWalkPosLp  vcu_ctrl.o
    0x080a179e   0x080a179e   0x00000002   PAD
    0x080a17a0   0x080a17a0   0x00000002   Code   RO          400    .text.Accl_Init     accelerator.o
    0x080a17a2   0x080a17a2   0x00000002   PAD
    0x080a17a4   0x080a17a4   0x000002c8   Code   RO         1136    .text.Adc_Init      adc.o
    0x080a1a6c   0x080a1a6c   0x0000000e   Code   RO          618    .text.BootProcess   host_com.o
    0x080a1a7a   0x080a1a7a   0x00000002   PAD
    0x080a1a7c   0x080a1a7c   0x0000002a   Code   RO          602    .text.BreakCanelFun  host_com.o
    0x080a1aa6   0x080a1aa6   0x00000002   PAD
    0x080a1aa8   0x080a1aa8   0x00000002   Code   RO         3823    .text.BusFault_Handler  stm32f4xx_it.o
    0x080a1aaa   0x080a1aaa   0x00000002   PAD
    0x080a1aac   0x080a1aac   0x00000016   Code   RO         1463    .text.CAN1_RX0_IRQHandler  can_vcu.o
    0x080a1ac2   0x080a1ac2   0x00000002   PAD
    0x080a1ac4   0x080a1ac4   0x00000016   Code   RO         1486    .text.CAN2_RX1_IRQHandler  can_node.o
    0x080a1ada   0x080a1ada   0x00000002   PAD
    0x080a1adc   0x080a1adc   0x000000b4   Code   RO         1469    .text.CanBusOff_Reset  can_vcu.o
    0x080a1b90   0x080a1b90   0x00000ce4   Code   RO          997    .text.CanTask2Process  nodeprocess.o
    0x080a2874   0x080a2874   0x00000166   Code   RO          921    .text.CanTaskProcess  vcuprocess.o
    0x080a29da   0x080a29da   0x00000002   PAD
    0x080a29dc   0x080a29dc   0x000000e0   Code   RO         1484    .text.Can_Node_Config  can_node.o
    0x080a2abc   0x080a2abc   0x00000600   Code   RO          995    .text.Can_Node_Receive  nodeprocess.o
    0x080a30bc   0x080a30bc   0x0000003e   Code   RO         1490    .text.Can_Node_receive_msg  can_node.o
    0x080a30fa   0x080a30fa   0x00000002   PAD
    0x080a30fc   0x080a30fc   0x00000148   Code   RO         1488    .text.Can_Node_send_msg  can_node.o
    0x080a3244   0x080a3244   0x000000e0   Code   RO         1459    .text.Can_VCU_Config  can_vcu.o
    0x080a3324   0x080a3324   0x0000012c   Code   RO          919    .text.Can_VCU_Receive  vcuprocess.o
    0x080a3450   0x080a3450   0x00000046   Code   RO         1467    .text.Can_VCU_receive_msg  can_vcu.o
    0x080a3496   0x080a3496   0x00000002   PAD
    0x080a3498   0x080a3498   0x00000148   Code   RO         1465    .text.Can_VCU_send_msg  can_vcu.o
    0x080a35e0   0x080a35e0   0x0000004a   Code   RO         1167    .text.DI_ReadAll    dido.o
    0x080a362a   0x080a362a   0x00000002   PAD
    0x080a362c   0x080a362c   0x0000002a   Code   RO         1165    .text.DI_ReadByIndex  dido.o
    0x080a3656   0x080a3656   0x00000002   PAD
    0x080a3658   0x080a3658   0x00000040   Code   RO         1262    .text.DMA1_Stream0_IRQHandler  uart_dbug.o
    0x080a3698   0x080a3698   0x00000040   Code   RO         1317    .text.DMA1_Stream1_IRQHandler  uart_pcdbug.o
    0x080a36d8   0x080a36d8   0x00000040   Code   RO         1290    .text.DMA1_Stream2_IRQHandler  uart_host.o
    0x080a3718   0x080a3718   0x00000012   Code   RO         1319    .text.DMA1_Stream3_IRQHandler  uart_pcdbug.o
    0x080a372a   0x080a372a   0x00000002   PAD
    0x080a372c   0x080a372c   0x00000012   Code   RO         1292    .text.DMA1_Stream4_IRQHandler  uart_host.o
    0x080a373e   0x080a373e   0x00000002   PAD
    0x080a3740   0x080a3740   0x00000040   Code   RO         1506    .text.DMA1_Stream5_IRQHandler  uart_sprintf.o
    0x080a3780   0x080a3780   0x00000012   Code   RO         1508    .text.DMA1_Stream6_IRQHandler  uart_sprintf.o
    0x080a3792   0x080a3792   0x00000002   PAD
    0x080a3794   0x080a3794   0x00000012   Code   RO         1264    .text.DMA1_Stream7_IRQHandler  uart_dbug.o
    0x080a37a6   0x080a37a6   0x00000002   PAD
    0x080a37a8   0x080a37a8   0x00000012   Code   RO         1140    .text.DMA2_Stream0_IRQHandler  adc.o
    0x080a37ba   0x080a37ba   0x00000002   PAD
    0x080a37bc   0x080a37bc   0x00000040   Code   RO         1195    .text.DMA2_Stream1_IRQHandler  rs485_steeringwheel.o
    0x080a37fc   0x080a37fc   0x00000040   Code   RO         1235    .text.DMA2_Stream2_IRQHandler  uart_pullrod.o
    0x080a383c   0x080a383c   0x00000012   Code   RO         1142    .text.DMA2_Stream4_IRQHandler  adc.o
    0x080a384e   0x080a384e   0x00000002   PAD
    0x080a3850   0x080a3850   0x00000012   Code   RO         1197    .text.DMA2_Stream6_IRQHandler  rs485_steeringwheel.o
    0x080a3862   0x080a3862   0x00000002   PAD
    0x080a3864   0x080a3864   0x00000012   Code   RO         1237    .text.DMA2_Stream7_IRQHandler  uart_pullrod.o
    0x080a3876   0x080a3876   0x00000002   PAD
    0x080a3878   0x080a3878   0x00000024   Code   RO         1175    .text.DO_ToggleByIndex  dido.o
    0x080a389c   0x080a389c   0x00000028   Code   RO         1171    .text.DO_WriteByIndex  dido.o
    0x080a38c4   0x080a38c4   0x0000015a   Code   RO          831    .text.DataBaseInit  databaseprocess.o
    0x080a3a1e   0x080a3a1e   0x00000002   PAD
    0x080a3a20   0x080a3a20   0x00000102   Code   RO          761    .text.DbugCom_ReceiveData  debug_com.o
    0x080a3b22   0x080a3b22   0x00000002   PAD
    0x080a3b24   0x080a3b24   0x00000002   Code   RO         3829    .text.DebugMon_Handler  stm32f4xx_it.o
    0x080a3b26   0x080a3b26   0x00000002   PAD
    0x080a3b28   0x080a3b28   0x00000016   Code   RO          522    .text.DidoProcessInit  didoprocess.o
    0x080a3b3e   0x080a3b3e   0x00000002   PAD
    0x080a3b40   0x080a3b40   0x00000116   Code   RO         1161    .text.Dido_Init     dido.o
    0x080a3c56   0x080a3c56   0x00000002   PAD
    0x080a3c58   0x080a3c58   0x00000018   Code   RO          516    .text.DoSetMagnetPower  didoprocess.o
    0x080a3c70   0x080a3c70   0x000000a6   Code   RO         1382    .text.EEPROM_Read   eeprom.o
    0x080a3d16   0x080a3d16   0x00000002   PAD
    0x080a3d18   0x080a3d18   0x000000ac   Code   RO         1378    .text.EEPROM_Write  eeprom.o
    0x080a3dc4   0x080a3dc4   0x00000006   Code   RO          379    .text.EMCtrlON      electromagnet_ctrl.o
    0x080a3dca   0x080a3dca   0x00000002   PAD
    0x080a3dcc   0x080a3dcc   0x00000080   Code   RO         1376    .text.Eeprom_Init   eeprom.o
    0x080a3e4c   0x080a3e4c   0x00000024   Code   RO          630    .text.EncoderCalaCommand  host_com.o
    0x080a3e70   0x080a3e70   0x00000280   Code   RO          290    .text.Energy_Consumption  monitor.o
    0x080a40f0   0x080a40f0   0x000000fa   Code   RO         2002    .text.FLASH_WaitForLastOperation  stm32f4xx_hal_flash.o
    0x080a41ea   0x080a41ea   0x00000002   PAD
    0x080a41ec   0x080a41ec   0x00000144   Code   RO          278    .text.FaultNum_Get  monitor.o
    0x080a4330   0x080a4330   0x00000054   Code   RO         3882    .text.Flash_HalfWordWrite  stflash.o
    0x080a4384   0x080a4384   0x00000054   Code   RO         3880    .text.Flash_WordWrite  stflash.o
    0x080a43d8   0x080a43d8   0x00000102   Code   RO          987    .text.FualtClear    nodeprocess.o
    0x080a44da   0x080a44da   0x00000002   PAD
    0x080a44dc   0x080a44dc   0x0000000c   Code   RO           91    .text.GetRUNSta     statectrl.o
    0x080a44e8   0x080a44e8   0x00000134   Code   RO          799    .text.Get_Temperature  adcprocess.o
    0x080a461c   0x080a461c   0x00000056   Code   RO          801    .text.Get_Version_AD  adcprocess.o
    0x080a4672   0x080a4672   0x00000002   PAD
    0x080a4674   0x080a4674   0x0000004e   Code   RO         1711    .text.HAL_CAN_AbortTxRequest  stm32f4xx_hal_can.o
    0x080a46c2   0x080a46c2   0x00000002   PAD
    0x080a46c4   0x080a46c4   0x00000026   Code   RO         1723    .text.HAL_CAN_ActivateNotification  stm32f4xx_hal_can.o
    0x080a46ea   0x080a46ea   0x00000002   PAD
    0x080a46ec   0x080a46ec   0x000000a4   Code   RO         1709    .text.HAL_CAN_AddTxMessage  stm32f4xx_hal_can.o
    0x080a4790   0x080a4790   0x000000de   Code   RO         1699    .text.HAL_CAN_ConfigFilter  stm32f4xx_hal_can.o
    0x080a486e   0x080a486e   0x00000002   PAD
    0x080a4870   0x080a4870   0x00000002   Code   RO         1753    .text.HAL_CAN_ErrorCallback  stm32f4xx_hal_can.o
    0x080a4872   0x080a4872   0x00000002   PAD
    0x080a4874   0x080a4874   0x00000020   Code   RO         1721    .text.HAL_CAN_GetRxFifoFillLevel  stm32f4xx_hal_can.o
    0x080a4894   0x080a4894   0x0000011a   Code   RO         1719    .text.HAL_CAN_GetRxMessage  stm32f4xx_hal_can.o
    0x080a49ae   0x080a49ae   0x00000002   PAD
    0x080a49b0   0x080a49b0   0x00000028   Code   RO         1713    .text.HAL_CAN_GetTxMailboxesFreeLevel  stm32f4xx_hal_can.o
    0x080a49d8   0x080a49d8   0x00000242   Code   RO         1727    .text.HAL_CAN_IRQHandler  stm32f4xx_hal_can.o
    0x080a4c1a   0x080a4c1a   0x00000002   PAD
    0x080a4c1c   0x080a4c1c   0x000000f4   Code   RO         1689    .text.HAL_CAN_Init  stm32f4xx_hal_can.o
    0x080a4d10   0x080a4d10   0x0000010e   Code   RO         1461    .text.HAL_CAN_MspInit  can_vcu.o
    0x080a4e1e   0x080a4e1e   0x00000002   PAD
    0x080a4e20   0x080a4e20   0x00000002   Code   RO         1741    .text.HAL_CAN_RxFifo0FullCallback  stm32f4xx_hal_can.o
    0x080a4e22   0x080a4e22   0x00000002   PAD
    0x080a4e24   0x080a4e24   0x00000002   Code   RO         1743    .text.HAL_CAN_RxFifo0MsgPendingCallback  stm32f4xx_hal_can.o
    0x080a4e26   0x080a4e26   0x00000002   PAD
    0x080a4e28   0x080a4e28   0x00000002   Code   RO         1745    .text.HAL_CAN_RxFifo1FullCallback  stm32f4xx_hal_can.o
    0x080a4e2a   0x080a4e2a   0x00000002   PAD
    0x080a4e2c   0x080a4e2c   0x00000002   Code   RO         1747    .text.HAL_CAN_RxFifo1MsgPendingCallback  stm32f4xx_hal_can.o
    0x080a4e2e   0x080a4e2e   0x00000002   PAD
    0x080a4e30   0x080a4e30   0x00000002   Code   RO         1749    .text.HAL_CAN_SleepCallback  stm32f4xx_hal_can.o
    0x080a4e32   0x080a4e32   0x00000002   PAD
    0x080a4e34   0x080a4e34   0x0000005a   Code   RO         1701    .text.HAL_CAN_Start  stm32f4xx_hal_can.o
    0x080a4e8e   0x080a4e8e   0x00000002   PAD
    0x080a4e90   0x080a4e90   0x00000002   Code   RO         1731    .text.HAL_CAN_TxMailbox0AbortCallback  stm32f4xx_hal_can.o
    0x080a4e92   0x080a4e92   0x00000002   PAD
    0x080a4e94   0x080a4e94   0x00000002   Code   RO         1729    .text.HAL_CAN_TxMailbox0CompleteCallback  stm32f4xx_hal_can.o
    0x080a4e96   0x080a4e96   0x00000002   PAD
    0x080a4e98   0x080a4e98   0x00000002   Code   RO         1735    .text.HAL_CAN_TxMailbox1AbortCallback  stm32f4xx_hal_can.o
    0x080a4e9a   0x080a4e9a   0x00000002   PAD
    0x080a4e9c   0x080a4e9c   0x00000002   Code   RO         1733    .text.HAL_CAN_TxMailbox1CompleteCallback  stm32f4xx_hal_can.o
    0x080a4e9e   0x080a4e9e   0x00000002   PAD
    0x080a4ea0   0x080a4ea0   0x00000002   Code   RO         1739    .text.HAL_CAN_TxMailbox2AbortCallback  stm32f4xx_hal_can.o
    0x080a4ea2   0x080a4ea2   0x00000002   PAD
    0x080a4ea4   0x080a4ea4   0x00000002   Code   RO         1737    .text.HAL_CAN_TxMailbox2CompleteCallback  stm32f4xx_hal_can.o
    0x080a4ea6   0x080a4ea6   0x00000002   PAD
    0x080a4ea8   0x080a4ea8   0x00000002   Code   RO         1751    .text.HAL_CAN_WakeUpFromRxMsgCallback  stm32f4xx_hal_can.o
    0x080a4eaa   0x080a4eaa   0x00000002   PAD
    0x080a4eac   0x080a4eac   0x00000028   Code   RO         1548    .text.HAL_Delay     stm32f4xx_hal.o
    0x080a4ed4   0x080a4ed4   0x00000014   Code   RO         2014    .text.HAL_FLASH_Lock  stm32f4xx_hal_flash.o
    0x080a4ee8   0x080a4ee8   0x00000108   Code   RO         2000    .text.HAL_FLASH_Program  stm32f4xx_hal_flash.o
    0x080a4ff0   0x080a4ff0   0x0000002e   Code   RO         2012    .text.HAL_FLASH_Unlock  stm32f4xx_hal_flash.o
    0x080a501e   0x080a501e   0x00000002   PAD
    0x080a5020   0x080a5020   0x00000198   Code   RO         2056    .text.HAL_GPIO_Init  stm32f4xx_hal_gpio.o
    0x080a51b8   0x080a51b8   0x0000000a   Code   RO         2060    .text.HAL_GPIO_ReadPin  stm32f4xx_hal_gpio.o
    0x080a51c2   0x080a51c2   0x00000002   PAD
    0x080a51c4   0x080a51c4   0x0000000e   Code   RO         2064    .text.HAL_GPIO_TogglePin  stm32f4xx_hal_gpio.o
    0x080a51d2   0x080a51d2   0x00000002   PAD
    0x080a51d4   0x080a51d4   0x0000000a   Code   RO         2062    .text.HAL_GPIO_WritePin  stm32f4xx_hal_gpio.o
    0x080a51de   0x080a51de   0x00000002   PAD
    0x080a51e0   0x080a51e0   0x0000000e   Code   RO         1556    .text.HAL_GetREVID  stm32f4xx_hal.o
    0x080a51ee   0x080a51ee   0x00000002   PAD
    0x080a51f0   0x080a51f0   0x0000000c   Code   RO         1540    .text.HAL_GetTick   stm32f4xx_hal.o
    0x080a51fc   0x080a51fc   0x0000000c   Code   RO         1576    .text.HAL_GetUIDw0  stm32f4xx_hal.o
    0x080a5208   0x080a5208   0x0000001a   Code   RO         1538    .text.HAL_IncTick   stm32f4xx_hal.o
    0x080a5222   0x080a5222   0x00000002   PAD
    0x080a5224   0x080a5224   0x0000002e   Code   RO         1528    .text.HAL_Init      stm32f4xx_hal.o
    0x080a5252   0x080a5252   0x00000002   PAD
    0x080a5254   0x080a5254   0x00000050   Code   RO         1530    .text.HAL_InitTick  stm32f4xx_hal.o
    0x080a52a4   0x080a52a4   0x00000002   Code   RO         3806    .text.HAL_MspInit   stm32f4xx_hal_msp.o
    0x080a52a6   0x080a52a6   0x00000002   PAD
    0x080a52a8   0x080a52a8   0x00000020   Code   RO         1774    .text.HAL_NVIC_EnableIRQ  stm32f4xx_hal_cortex.o
    0x080a52c8   0x080a52c8   0x00000056   Code   RO         1772    .text.HAL_NVIC_SetPriority  stm32f4xx_hal_cortex.o
    0x080a531e   0x080a531e   0x00000002   PAD
    0x080a5320   0x080a5320   0x00000020   Code   RO         1770    .text.HAL_NVIC_SetPriorityGrouping  stm32f4xx_hal_cortex.o
    0x080a5340   0x080a5340   0x00000154   Code   RO         2598    .text.HAL_RCC_ClockConfig  stm32f4xx_hal_rcc.o
    0x080a5494   0x080a5494   0x0000006a   Code   RO         2600    .text.HAL_RCC_GetSysClockFreq  stm32f4xx_hal_rcc.o
    0x080a54fe   0x080a54fe   0x00000002   PAD
    0x080a5500   0x080a5500   0x0000030c   Code   RO         2596    .text.HAL_RCC_OscConfig  stm32f4xx_hal_rcc.o
    0x080a580c   0x080a580c   0x0000002c   Code   RO         1782    .text.HAL_SYSTICK_Config  stm32f4xx_hal_cortex.o
    0x080a5838   0x080a5838   0x00000040   Code   RO         3407    .text.HAL_TIMEx_MasterConfigSynchronization  stm32f4xx_hal_tim_ex.o
    0x080a5878   0x080a5878   0x0000009e   Code   RO         3241    .text.HAL_TIM_Encoder_Init  stm32f4xx_hal_tim.o
    0x080a5916   0x080a5916   0x00000002   PAD
    0x080a5918   0x080a5918   0x00000002   Code   RO         3243    .text.HAL_TIM_Encoder_MspInit  stm32f4xx_hal_tim.o
    0x080a591a   0x080a591a   0x00000002   PAD
    0x080a591c   0x080a591c   0x0000004a   Code   RO         3249    .text.HAL_TIM_Encoder_Start  stm32f4xx_hal_tim.o
    0x080a5966   0x080a5966   0x00000002   PAD
    0x080a5968   0x080a5968   0x00000002   Code   RO         3819    .text.HardFault_Handler  stm32f4xx_it.o
    0x080a596a   0x080a596a   0x00000002   PAD
    0x080a596c   0x080a596c   0x00000278   Code   RO          282    .text.HeartBeat_Check  monitor.o
    0x080a5be4   0x080a5be4   0x00000030   Code   RO          588    .text.HostCom_AutoCharCommand  host_com.o
    0x080a5c14   0x080a5c14   0x0000007c   Code   RO          638    .text.HostCom_ClearCommand  host_com.o
    0x080a5c90   0x080a5c90   0x00000044   Code   RO          600    .text.HostCom_Fault_DisableCommand  host_com.o
    0x080a5cd4   0x080a5cd4   0x0000003a   Code   RO          642    .text.HostCom_ParamSendReport  host_com.o
    0x080a5d0e   0x080a5d0e   0x00000002   PAD
    0x080a5d10   0x080a5d10   0x0000002e   Code   RO          610    .text.HostCom_PowerSwCommand  host_com.o
    0x080a5d3e   0x080a5d3e   0x00000002   PAD
    0x080a5d40   0x080a5d40   0x0000024e   Code   RO          636    .text.HostCom_ProcCommand  host_com.o
    0x080a5f8e   0x080a5f8e   0x00000002   PAD
    0x080a5f90   0x080a5f90   0x000000ec   Code   RO          640    .text.HostCom_ProcRecvData  host_com.o
    0x080a607c   0x080a607c   0x00000060   Code   RO          626    .text.HostCom_RadLiftCommand  host_com.o
    0x080a60dc   0x080a60dc   0x0000002a   Code   RO          598    .text.HostCom_RadarCommand  host_com.o
    0x080a6106   0x080a6106   0x00000002   PAD
    0x080a6108   0x080a6108   0x0000005e   Code   RO          596    .text.HostCom_ReadBrakeCommand  host_com.o
    0x080a6166   0x080a6166   0x00000002   PAD
    0x080a6168   0x080a6168   0x00000052   Code   RO          606    .text.HostCom_ReadElectronmagCommand  host_com.o
    0x080a61ba   0x080a61ba   0x00000002   PAD
    0x080a61bc   0x080a61bc   0x00000086   Code   RO          582    .text.HostCom_ReadGasCommand  host_com.o
    0x080a6242   0x080a6242   0x00000002   PAD
    0x080a6244   0x080a6244   0x00000060   Code   RO          590    .text.HostCom_ReadGlandCommand  host_com.o
    0x080a62a4   0x080a62a4   0x00000060   Code   RO          586    .text.HostCom_ReadHuggingCommand  host_com.o
    0x080a6304   0x080a6304   0x00000062   Code   RO          584    .text.HostCom_ReadLiftCommand  host_com.o
    0x080a6366   0x080a6366   0x00000002   PAD
    0x080a6368   0x080a6368   0x00000060   Code   RO          594    .text.HostCom_ReadRotatingCommand  host_com.o
    0x080a63c8   0x080a63c8   0x00000086   Code   RO          580    .text.HostCom_ReadSteerCommand  host_com.o
    0x080a644e   0x080a644e   0x00000002   PAD
    0x080a6450   0x080a6450   0x0000006a   Code   RO          592    .text.HostCom_ReadTelescopicCommand  host_com.o
    0x080a64ba   0x080a64ba   0x00000002   PAD
    0x080a64bc   0x080a64bc   0x00000036   Code   RO          612    .text.HostCom_ReadTelescopicMBDRelayCommand  host_com.o
    0x080a64f2   0x080a64f2   0x00000002   PAD
    0x080a64f4   0x080a64f4   0x000003d8   Code   RO          644    .text.HostCom_SendReport  host_com.o
    0x080a68cc   0x080a68cc   0x0000004e   Code   RO          604    .text.HostCom_SlowSpdCommand  host_com.o
    0x080a691a   0x080a691a   0x00000002   PAD
    0x080a691c   0x080a691c   0x0000032c   Code   RO         1384    .text.I2C_Read      eeprom.o
    0x080a6c48   0x080a6c48   0x00000308   Code   RO         1380    .text.I2C_Write     eeprom.o
    0x080a6f50   0x080a6f50   0x00000484   Code   RO         1412    .text.IIC1_IRQHandler  iic_sim.o
    0x080a73d4   0x080a73d4   0x00000062   Code   RO         1400    .text.IIC_Init      iic_sim.o
    0x080a7436   0x080a7436   0x00000002   PAD
    0x080a7438   0x080a7438   0x000000d8   Code   RO         1418    .text.IIC_ReadByteStateMachine  iic_sim.o
    0x080a7510   0x080a7510   0x0000001c   Code   RO         1402    .text.IIC_SetCallback  iic_sim.o
    0x080a752c   0x080a752c   0x0000006a   Code   RO         1414    .text.IIC_StartStateMachine  iic_sim.o
    0x080a7596   0x080a7596   0x00000002   PAD
    0x080a7598   0x080a7598   0x00000048   Code   RO         1408    .text.IIC_WriteByte7  iic_sim.o
    0x080a75e0   0x080a75e0   0x000000cc   Code   RO         1416    .text.IIC_WriteByteStateMachine  iic_sim.o
    0x080a76ac   0x080a76ac   0x000001f4   Code   RO          732    .text.IMUCom_ProcRecvData  imu_com.o
    0x080a78a0   0x080a78a0   0x00000066   Code   RO          520    .text.IOCtrlInit    didoprocess.o
    0x080a7906   0x080a7906   0x00000002   PAD
    0x080a7908   0x080a7908   0x0000030e   Code   RO          288    .text.LightStateCheck  monitor.o
    0x080a7c16   0x080a7c16   0x00000002   PAD
    0x080a7c18   0x080a7c18   0x00000002   Code   RO         3821    .text.MemManage_Handler  stm32f4xx_it.o
    0x080a7c1a   0x080a7c1a   0x00000002   PAD
    0x080a7c1c   0x080a7c1c   0x000000c6   Code   RO          750    .text.Modbus_GetCRC16  modbuscrc.o
    0x080a7ce2   0x080a7ce2   0x00000002   PAD
    0x080a7ce4   0x080a7ce4   0x00000374   Code   RO          284    .text.MonitorProcess  monitor.o
    0x080a8058   0x080a8058   0x00000002   Code   RO         3817    .text.NMI_Handler   stm32f4xx_it.o
    0x080a805a   0x080a805a   0x00000002   PAD
    0x080a805c   0x080a805c   0x00000770   Code   RO          852    .text.Oled_Init     oled_com.o
    0x080a87cc   0x080a87cc   0x0000000e   Code   RO          850    .text.OledcomERRCallback  oled_com.o
    0x080a87da   0x080a87da   0x00000002   PAD
    0x080a87dc   0x080a87dc   0x0000000e   Code   RO          848    .text.OledcomRXCallback  oled_com.o
    0x080a87ea   0x080a87ea   0x00000002   PAD
    0x080a87ec   0x080a87ec   0x0000000e   Code   RO          846    .text.OledcomTXCallback  oled_com.o
    0x080a87fa   0x080a87fa   0x00000002   PAD
    0x080a87fc   0x080a87fc   0x0000003c   Code   RO          833    .text.Param2Eeprom  databaseprocess.o
    0x080a8838   0x080a8838   0x0000014c   Code   RO          991    .text.ParamRead_Write  nodeprocess.o
    0x080a8984   0x080a8984   0x00000002   Code   RO         3831    .text.PendSV_Handler  stm32f4xx_it.o
    0x080a8986   0x080a8986   0x00000002   PAD
    0x080a8988   0x080a8988   0x0000006e   Code   RO          210    .text.PosAddCalc    vcu_ctrl.o
    0x080a89f6   0x080a89f6   0x00000002   PAD
    0x080a89f8   0x080a89f8   0x00000096   Code   RO          518    .text.PowerCtrl     didoprocess.o
    0x080a8a8e   0x080a8a8e   0x00000002   PAD
    0x080a8a90   0x080a8a90   0x0000023c   Code   RO         1189    .text.RS485_SteeringWheel_Init  rs485_steeringwheel.o
    0x080a8ccc   0x080a8ccc   0x000000d0   Code   RO         1390    .text.Read          eeprom.o
    0x080a8d9c   0x080a8d9c   0x000000b2   Code   RO          989    .text.ResetCheck    nodeprocess.o
    0x080a8e4e   0x080a8e4e   0x00000002   PAD
    0x080a8e50   0x080a8e50   0x00000018   Code   RO           85    .text.RunStateInit  statectrl.o
    0x080a8e68   0x080a8e68   0x00000050   Code   RO         1439    .text.SPI2_IRQHandler  spi_rgbled.o
    0x080a8eb8   0x080a8eb8   0x0000000c   Code   RO          506    .text.STOP_0_Ctrl   didoprocess.o
    0x080a8ec4   0x080a8ec4   0x00000002   Code   RO         3827    .text.SVC_Handler   stm32f4xx_it.o
    0x080a8ec6   0x080a8ec6   0x00000002   PAD
    0x080a8ec8   0x080a8ec8   0x00000064   Code   RO          765    .text.Set_BootFlg   debug_com.o
    0x080a8f2c   0x080a8f2c   0x00000074   Code   RO          767    .text.Set_BootSuccessFlg  debug_com.o
    0x080a8fa0   0x080a8fa0   0x0000006a   Code   RO          547    .text.Solenoid_Init  pullrodprocess.o
    0x080a900a   0x080a900a   0x00000002   PAD
    0x080a900c   0x080a900c   0x000000c8   Code   RO          458    .text.SpdClc        encoderprocess.o
    0x080a90d4   0x080a90d4   0x00000052   Code   RO          121    .text.SpdCtrl_Init  spd_ctrl.o
    0x080a9126   0x080a9126   0x00000002   PAD
    0x080a9128   0x080a9128   0x00000024   Code   RO          622    .text.SteerCalaCommand  host_com.o
    0x080a914c   0x080a914c   0x00000064   Code   RO          771    .text.StoreVersion_Factory  debug_com.o
    0x080a91b0   0x080a91b0   0x00000064   Code   RO          773    .text.StoreVersion_NewApp  debug_com.o
    0x080a9214   0x080a9214   0x00000004   Code   RO         3833    .text.SysTick_Handler  stm32f4xx_it.o
    0x080a9218   0x080a9218   0x00000056   Code   RO         3842    .text.SystemInit    system_stm32f4xx.o
    0x080a926e   0x080a926e   0x00000002   PAD
    0x080a9270   0x080a9270   0x00000044   Code   RO         1350    .text.TIM5_IRQHandler  timerbase.o
    0x080a92b4   0x080a92b4   0x00000036   Code   RO         1346    .text.TIM7_IRQHandler  timerbase.o
    0x080a92ea   0x080a92ea   0x00000002   PAD
    0x080a92ec   0x080a92ec   0x0000005e   Code   RO         1348    .text.TIMER_Fast_Init  timerbase.o
    0x080a934a   0x080a934a   0x00000002   PAD
    0x080a934c   0x080a934c   0x00000124   Code   RO         3131    .text.TIM_Base_SetConfig  stm32f4xx_hal_tim.o
    0x080a9470   0x080a9470   0x0000000c   Code   RO         1342    .text.TimerBase_GetTicks_10KHz  timerbase.o
    0x080a947c   0x080a947c   0x0000000c   Code   RO         1344    .text.TimerBase_GetTicks_50KHz  timerbase.o
    0x080a9488   0x080a9488   0x0000005e   Code   RO         1340    .text.TimerBase_Init  timerbase.o
    0x080a94e6   0x080a94e6   0x00000002   PAD
    0x080a94e8   0x080a94e8   0x00000852   Code   RO           32    .text.TimerBase_Update_Callback  xint.o
    0x080a9d3a   0x080a9d3a   0x00000002   PAD
    0x080a9d3c   0x080a9d3c   0x000000c8   Code   RO         1217    .text.TimerENC1_Init  timerencoder.o
    0x080a9e04   0x080a9e04   0x000000a4   Code   RO         1219    .text.TimerENC2_Init  timerencoder.o
    0x080a9ea8   0x080a9ea8   0x00000046   Code   RO          498    .text.TurnSignalCtrl  didoprocess.o
    0x080a9eee   0x080a9eee   0x00000002   PAD
    0x080a9ef0   0x080a9ef0   0x00000076   Code   RO         1288    .text.UART4_IRQHandler  uart_host.o
    0x080a9f66   0x080a9f66   0x00000002   PAD
    0x080a9f68   0x080a9f68   0x00000076   Code   RO         1260    .text.UART5_IRQHandler  uart_dbug.o
    0x080a9fde   0x080a9fde   0x00000002   PAD
    0x080a9fe0   0x080a9fe0   0x00000074   Code   RO         1233    .text.USART1_IRQHandler  uart_pullrod.o
    0x080aa054   0x080aa054   0x00000076   Code   RO         1504    .text.USART2_IRQHandler  uart_sprintf.o
    0x080aa0ca   0x080aa0ca   0x00000002   PAD
    0x080aa0cc   0x080aa0cc   0x00000074   Code   RO         1315    .text.USART3_IRQHandler  uart_pcdbug.o
    0x080aa140   0x080aa140   0x00000074   Code   RO         1193    .text.USART6_IRQHandler  rs485_steeringwheel.o
    0x080aa1b4   0x080aa1b4   0x00000088   Code   RO         1266    .text.Uart_Dbug_Receive  uart_dbug.o
    0x080aa23c   0x080aa23c   0x00000174   Code   RO         1286    .text.Uart_Host_Init  uart_host.o
    0x080aa3b0   0x080aa3b0   0x0000007c   Code   RO         1294    .text.Uart_Host_Receive  uart_host.o
    0x080aa42c   0x080aa42c   0x00000068   Code   RO         1296    .text.Uart_Host_Send  uart_host.o
    0x080aa494   0x080aa494   0x0000017a   Code   RO         1313    .text.Uart_PCDbug_Init  uart_pcdbug.o
    0x080aa60e   0x080aa60e   0x00000002   PAD
    0x080aa610   0x080aa610   0x00000068   Code   RO         1323    .text.Uart_PCDbug_Send  uart_pcdbug.o
    0x080aa678   0x080aa678   0x000001b6   Code   RO         1231    .text.Uart_Solenoid_Init  uart_pullrod.o
    0x080aa82e   0x080aa82e   0x00000002   PAD
    0x080aa830   0x080aa830   0x00000174   Code   RO         1502    .text.Uart_Sprintf_Init  uart_sprintf.o
    0x080aa9a4   0x080aa9a4   0x00000068   Code   RO         1512    .text.Uart_Sprintf_Send  uart_sprintf.o
    0x080aaa0c   0x080aaa0c   0x0000003e   Code   RO          492    .text.UpdateIOSta   didoprocess.o
    0x080aaa4a   0x080aaa4a   0x00000002   PAD
    0x080aaa4c   0x080aaa4c   0x00000002   Code   RO         3825    .text.UsageFault_Handler  stm32f4xx_it.o
    0x080aaa4e   0x080aaa4e   0x00000002   PAD
    0x080aaa50   0x080aaa50   0x000004e0   Code   RO          220    .text.VCU_RegState_Ctrl  vcu_ctrl.o
    0x080aaf30   0x080aaf30   0x0000022e   Code   RO          388    .text.WirelessCtrl  wireless_ctrl.o
    0x080ab15e   0x080ab15e   0x00000002   PAD
    0x080ab160   0x080ab160   0x0000002a   Code   RO          620    .text.__NVIC_SystemReset  host_com.o
    0x080ab18a   0x080ab18a   0x00000002   PAD
    0x080ab18c   0x080ab18c   0x0000002a   Code   RO          769    .text.__NVIC_SystemReset  debug_com.o
    0x080ab1b6   0x080ab1b6   0x00000002   PAD
    0x080ab1b8   0x080ab1b8   0x0000002a   Code   RO          835    .text.__NVIC_SystemReset  databaseprocess.o
    0x080ab1e2   0x080ab1e2   0x00000002   PAD
    0x080ab1e4   0x080ab1e4   0x00000614   Code   RO            2    .text.main          main.o
    0x080ab7f8   0x080ab7f8   0x0000004e   Code   RO          553    .text.ramper        pullrodprocess.o
    0x080ab846   0x080ab846   0x00000002   PAD
    0x080ab848   0x080ab848   0x00000090   Code   RO         4002    _IQ15div            IQmathLib.lib(IQNdiv.o)
    0x080ab8d8   0x080ab8d8   0x00000090   Code   RO         4003    _IQ16div            IQmathLib.lib(IQNdiv.o)
    0x080ab968   0x080ab968   0x00000010   Code   RO         4093    _IQ16mpy            IQmathLib.lib(IQNmpy.o)
    0x080ab978   0x080ab978   0x0000000c   Code   RO         4183    _IQ16rmpy           IQmathLib.lib(IQNrmpy.o)
    0x080ab984   0x080ab984   0x0000001a   Code   RO         4607    x$fpl$fpinit        fz_wm.l(fpinit.o)
    0x080ab99e   0x080ab99e   0x00000010   Data   RO         3847    .rodata.AHBPrescTable  system_stm32f4xx.o
    0x080ab9ae   0x080ab9ae   0x00000088   Data   RO          817    .rodata.Value_Vs_Temp  adcprocess.o
    0x080aba36   0x080aba36   0x00000100   Data   RO          752    .rodata.aucCRCHi    modbuscrc.o
    0x080abb36   0x080abb36   0x00000100   Data   RO          753    .rodata.aucCRCLo    modbuscrc.o
    0x080abc36   0x080abc36   0x0000001c   Data   RO         1178    .rodata.g_u16InputGPIOPin  dido.o
    0x080abc52   0x080abc52   0x0000002c   Data   RO         1180    .rodata.g_u16OutputGPIOPin  dido.o
    0x080abc7e   0x080abc7e   0x00000002   PAD
    0x080abc80   0x080abc80   0x00000020   Data   RO         4668    Region$$Table       anon$$obj.o


    Execution Region RW_IRAM1 (Exec base: 0x20000000, Load base: 0x080abca0, Size: 0x00003088, Max: 0x00020000, ABSOLUTE, COMPRESSED[0x000000d8])

    Exec Addr    Load Addr    Size         Type   Attr      Idx    E Section Name        Object

    0x20000000   COMPRESSED   0x00000034   Data   RW         1149    .data.ADC_Port_List  adc.o
    0x20000034   COMPRESSED   0x00000050   Data   RW         1492    .data.CAN_NodeBaudTab  can_node.o
    0x20000084   COMPRESSED   0x00000050   Data   RW         1471    .data.CAN_VCUBaudTab  can_vcu.o
    0x200000d4   COMPRESSED   0x00000002   Data   RW          646    .data.Ctrl_OffLine_Flag  host_com.o
    0x200000d6   COMPRESSED   0x00000002   Data   RW         1001    .data.DrawWireLife  nodeprocess.o
    0x200000d8   COMPRESSED   0x00000004   Data   RW          324    .data.FaultCheckDisable  monitor.o
    0x200000dc   COMPRESSED   0x00000002   Data   RW          658    .data.HostSpdLife   host_com.o
    0x200000de   COMPRESSED   0x00000002   PAD
    0x200000e0   COMPRESSED   0x00000004   Data   RW         1420    .data.IIC_SCL_GPIO_PORT  iic_sim.o
    0x200000e4   COMPRESSED   0x00000004   Data   RW         1423    .data.IIC_SDA_GPIO_PORT  iic_sim.o
    0x200000e8   COMPRESSED   0x00000002   Data   RW          738    .data.IMULife       imu_com.o
    0x200000ea   COMPRESSED   0x00000001   Data   RW           20    .data.LED_Blink.LEDFaultHandle1  main.o
    0x200000eb   COMPRESSED   0x00000001   PAD
    0x200000ec   COMPRESSED   0x00000002   Data   RW          532    .data.LastMode      didoprocess.o
    0x200000ee   COMPRESSED   0x00000002   Data   RW          242    .data.LiftSpdKp     vcu_ctrl.o
    0x200000f0   COMPRESSED   0x0000004c   Data   RW          126    .data.PI_Pos        spd_ctrl.o
    0x2000013c   COMPRESSED   0x0000004c   Data   RW          127    .data.PI_PosStopSpd  spd_ctrl.o
    0x20000188   COMPRESSED   0x0000004c   Data   RW          125    .data.PI_Spd        spd_ctrl.o
    0x200001d4   COMPRESSED   0x00000060   Data   RW          837    .data.ParamHandle_Control  databaseprocess.o
    0x20000234   COMPRESSED   0x00000004   Data   RW          241    .data.PosLpKp       vcu_ctrl.o
    0x20000238   COMPRESSED   0x00000002   Data   RW         1000    .data.RadarLife     nodeprocess.o
    0x2000023a   COMPRESSED   0x00000002   Data   RW          647    .data.RaderReport   host_com.o
    0x2000023c   COMPRESSED   0x00000001   Data   RW           10    .data.SolenoidLast_u16StaFlg  main.o
    0x2000023d   COMPRESSED   0x00000003   PAD
    0x20000240   COMPRESSED   0x00000046   Data   RW          559    .data.Solenoid_Pack_Hand1  pullrodprocess.o
    0x20000286   COMPRESSED   0x00000002   PAD
    0x20000288   COMPRESSED   0x00000004   Data   RW         3846    .data.SystemCoreClock  system_stm32f4xx.o
    0x2000028c   COMPRESSED   0x00000004   Data   RW           67    .data.TimerBase_Update_Callback.Cnt_2mS  xint.o
    0x20000290   COMPRESSED   0x00000004   Data   RW          240    .data.TurnSpd       vcu_ctrl.o
    0x20000294   COMPRESSED   0x00000002   Data   RW          928    .data.VCULife       vcuprocess.o
    0x20000296   COMPRESSED   0x00000002   PAD
    0x20000298   COMPRESSED   0x00000038   Data   RW         1177    .data.g_psInputGPIOPort  dido.o
    0x200002d0   COMPRESSED   0x00000058   Data   RW         1179    .data.g_psOutputGPIOPort  dido.o
    0x20000328   COMPRESSED   0x00000004   Data   RW          256    .data.iqAGVWalkPosFb  vcu_ctrl.o
    0x2000032c   COMPRESSED   0x00000006   Data   RW          664    .data.m_PowerSwCmd  host_com.o
    0x20000332   COMPRESSED   0x00000001   Data   RW          530    .data.m_eCtrlMode   didoprocess.o
    0x20000333   COMPRESSED   0x00000001   PAD
    0x20000334   COMPRESSED   0x00000002   Data   RW         1007    .data.m_nGlandMBLife  nodeprocess.o
    0x20000336   COMPRESSED   0x00000002   Data   RW          657    .data.m_nHostLife   host_com.o
    0x20000338   COMPRESSED   0x00000002   Data   RW         1006    .data.m_nHuggingMBLife  nodeprocess.o
    0x2000033a   COMPRESSED   0x00000002   Data   RW         1004    .data.m_nRotatingMBLife  nodeprocess.o
    0x2000033c   COMPRESSED   0x00000002   Data   RW         1005    .data.m_nTelescopicMBLife  nodeprocess.o
    0x2000033e   COMPRESSED   0x00000002   PAD
    0x20000340   COMPRESSED   0x00000004   Data   RW          670    .data.psStatus      host_com.o
    0x20000344   COMPRESSED   0x00000002   Data   RW          392    .data.u16TurnCtrlWord  wireless_ctrl.o
    0x20000346   COMPRESSED   0x00000001   Data   RW          393    .data.u8TurnWorkMode  wireless_ctrl.o
    0x20000347   COMPRESSED   0x00000001   Data   RW         1583    .data.uwTickFreq    stm32f4xx_hal.o
    0x20000348   COMPRESSED   0x00000004   Data   RW         1582    .data.uwTickPrio    stm32f4xx_hal.o
    0x2000034c   COMPRESSED   0x00000004   PAD
    0x20000350        -       0x00000060   Zero   RW         4526    .bss                c_w.l(libspace.o)
    0x200003b0        -       0x0000001a   Zero   RW          820    .bss.ADC_Value_Num  adcprocess.o
    0x200003ca        -       0x00000002   Zero   RW          244    .bss.AGVLiftEndOfCtrlCnt  vcu_ctrl.o
    0x200003cc        -       0x00000002   Zero   RW          656    .bss.AGVReadErrCnt  host_com.o
    0x200003ce        -       0x00000002   Zero   RW          247    .bss.AGVSlowSpdPosCnt  vcu_ctrl.o
    0x200003d0        -       0x00000002   Zero   RW          246    .bss.AGVSlowSpdPosFB  vcu_ctrl.o
    0x200003d2        -       0x00000001   Zero   RW          254    .bss.AGVTurnCtrlMode  vcu_ctrl.o
    0x200003d3   COMPRESSED   0x00000001   PAD
    0x200003d4        -       0x00000002   Zero   RW          245    .bss.AGVWalkBrakeCnt  vcu_ctrl.o
    0x200003d6   COMPRESSED   0x00000002   PAD
    0x200003d8        -       0x00000004   Zero   RW          252    .bss.AGVWalkPosLp.s32AGVWalkSpd_div10  vcu_ctrl.o
    0x200003dc        -       0x00000001   Zero   RW          661    .bss.AutoCharFlag   host_com.o
    0x200003dd   COMPRESSED   0x00000003   PAD
    0x200003e0        -       0x00000008   Zero   RW         1059    .bss.BootRxHandle   nodeprocess.o
    0x200003e8        -       0x00000002   Zero   RW          265    .bss.BrakeCanelCmdCnt  vcu_ctrl.o
    0x200003ea        -       0x00000002   Zero   RW          266    .bss.BrakeCmdCnt    vcu_ctrl.o
    0x200003ec        -       0x00000002   Zero   RW          248    .bss.BreakCanelCnt  vcu_ctrl.o
    0x200003ee        -       0x00000001   Zero   RW           54    .bss.BreakCanelSwitch  xint.o
    0x200003ef   COMPRESSED   0x00000001   PAD
    0x200003f0        -       0x00000002   Zero   RW           61    .bss.BreakPos       xint.o
    0x200003f2        -       0x00000002   Zero   RW          142    .bss.Break_RangeFlag  spd_ctrl.o
    0x200003f4        -       0x00000002   Zero   RW           55    .bss.Break_Time     xint.o
    0x200003f6        -       0x00000002   Zero   RW            6    .bss.CANSendFlag    main.o
    0x200003f8        -       0x0000001c   Zero   RW           68    .bss.CPURateHandle1  xint.o
    0x20000414        -       0x00000001   Zero   RW         1042    .bss.Can2Task_Send.res  nodeprocess.o
    0x20000415   COMPRESSED   0x00000003   PAD
    0x20000418        -       0x00000004   Zero   RW         1475    .bss.CanBusOff_Reset.u32Can2ErrFlag  can_vcu.o
    0x2000041c        -       0x00000002   Zero   RW         1094    .bss.CanTask2Process.u16CanTask2Step  nodeprocess.o
    0x2000041e        -       0x00000001   Zero   RW          941    .bss.CanTaskProcess.u8CanTaskStep  vcuprocess.o
    0x2000041f   COMPRESSED   0x00000001   PAD
    0x20000420        -       0x00000028   Zero   RW         1493    .bss.Can_NodeHandle  can_node.o
    0x20000448        -       0x00000028   Zero   RW         1472    .bss.Can_VCUHandle  can_vcu.o
    0x20000470        -       0x00000008   Zero   RW          932    .bss.Can_VCU_Receive.Rx_Buffer  vcuprocess.o
    0x20000478        -       0x00000004   Zero   RW          659    .bss.Com_success_Cnt  host_com.o
    0x2000047c        -       0x00000002   Zero   RW          819    .bss.DA_i           adcprocess.o
    0x2000047e   COMPRESSED   0x00000002   PAD
    0x20000480        -       0x0000001a   Zero   RW          815    .bss.DA_num         adcprocess.o
    0x2000049a   COMPRESSED   0x00000002   PAD
    0x2000049c        -       0x000000ff   Zero   RW          782    .bss.DbugCom_RXBuf  debug_com.o
    0x2000059b   COMPRESSED   0x00000001   PAD
    0x2000059c        -       0x00000002   Zero   RW          776    .bss.DbugCom_RXLen  debug_com.o
    0x2000059e        -       0x00000008   Zero   RW           69    .bss.DbugCom_Tx     xint.o
    0x200005a6        -       0x00000002   Zero   RW           65    .bss.Diatance       xint.o
    0x200005a8        -       0x00000040   Zero   RW         1221    .bss.ENC_TimHandle1  timerencoder.o
    0x200005e8        -       0x00000040   Zero   RW         1222    .bss.ENC_TimHandle2  timerencoder.o
    0x20000628        -       0x00000001   Zero   RW          312    .bss.ElecMagSta     monitor.o
    0x20000629   COMPRESSED   0x00000003   PAD
    0x2000062c        -       0x00000020   Zero   RW          331    .bss.Energy_ElecMag  monitor.o
    0x2000064c        -       0x00000020   Zero   RW          326    .bss.Energy_MOTOR1  monitor.o
    0x2000066c        -       0x00000020   Zero   RW          327    .bss.Energy_MOTOR2  monitor.o
    0x2000068c        -       0x00000020   Zero   RW          325    .bss.Energy_PC      monitor.o
    0x200006ac        -       0x00000020   Zero   RW          328    .bss.Energy_SENSOR  monitor.o
    0x200006cc        -       0x00000004   Zero   RW          316    .bss.FaultCtrl      monitor.o
    0x200006d0        -       0x00000001   Zero   RW          315    .bss.FaultNum_Get.Lockbit  monitor.o
    0x200006d1   COMPRESSED   0x00000001   PAD
    0x200006d2        -       0x00000002   Zero   RW         1024    .bss.FualtClear.BoardIDOpt  nodeprocess.o
    0x200006d4        -       0x00000001   Zero   RW         1025    .bss.FualtClear.RST_MCUStaFlag  nodeprocess.o
    0x200006d5        -       0x00000001   Zero   RW         1011    .bss.GlandFaultClearFlag  nodeprocess.o
    0x200006d6        -       0x00000001   Zero   RW         1015    .bss.GlandMotorCalaFlag  nodeprocess.o
    0x200006d7        -       0x00000001   Zero   RW         1019    .bss.GlandMotorResetFlag  nodeprocess.o
    0x200006d8        -       0x00000001   Zero   RW         1023    .bss.GlandWRParamCmdFlag  nodeprocess.o
    0x200006d9   COMPRESSED   0x00000001   PAD
    0x200006da        -       0x00000002   Zero   RW          710    .bss.HostCom_ProcRecvData.nTimeCounter  host_com.o
    0x200006dc        -       0x00000002   Zero   RW          314    .bss.HostFaultClear  monitor.o
    0x200006de   COMPRESSED   0x00000002   PAD
    0x200006e0        -       0x00000004   Zero   RW          652    .bss.HostTextCnt    host_com.o
    0x200006e4        -       0x00000001   Zero   RW         1010    .bss.HuggingFaultClearFlag  nodeprocess.o
    0x200006e5        -       0x00000001   Zero   RW         1014    .bss.HuggingMotorCalaFlag  nodeprocess.o
    0x200006e6        -       0x00000001   Zero   RW         1018    .bss.HuggingMotorResetFlag  nodeprocess.o
    0x200006e7        -       0x00000001   Zero   RW         1022    .bss.HuggingWRParamCmdFlag  nodeprocess.o
    0x200006e8        -       0x00000001   Zero   RW          891    .bss.IIC1_result    oled_com.o
    0x200006e9        -       0x00000001   Zero   RW         1428    .bss.IIC_EN_Flg     iic_sim.o
    0x200006ea        -       0x00000002   Zero   RW          788    .bss.IapAppFlag     debug_com.o
    0x200006ec        -       0x00000006   Zero   RW          533    .bss.InputIOInfor   didoprocess.o
    0x200006f2        -       0x00000002   Zero   RW           22    .bss.LED_Blink.LEDFaultNum_Shadow  main.o
    0x200006f4        -       0x00000004   Zero   RW           21    .bss.LED_Blink.u32LedTickLast  main.o
    0x200006f8        -       0x00000004   Zero   RW          676    .bss.LastSpeed      host_com.o
    0x200006fc        -       0x00000002   Zero   RW          258    .bss.LiftCmdCnt     vcu_ctrl.o
    0x200006fe   COMPRESSED   0x00000002   PAD
    0x20000700        -       0x00000004   Zero   RW          249    .bss.LiftPosup      vcu_ctrl.o
    0x20000704        -       0x00000002   Zero   RW          262    .bss.LiftRaderCmdCnt  vcu_ctrl.o
    0x20000706   COMPRESSED   0x00000002   PAD
    0x20000708        -       0x00000004   Zero   RW          308    .bss.LightCnt       monitor.o
    0x2000070c        -       0x00000002   Zero   RW          307    .bss.LightState     monitor.o
    0x2000070e   COMPRESSED   0x00000002   PAD
    0x20000710        -       0x00000004   Zero   RW          343    .bss.Light_State    monitor.o
    0x20000714        -       0x00000001   Zero   RW          367    .bss.MOTOR1CurrOverCheck.res  monitor.o
    0x20000715        -       0x00000001   Zero   RW          368    .bss.MOTOR2CurrOverCheck.res  monitor.o
    0x20000716        -       0x00000400   Zero   RW          895    .bss.OLED_GRAM      oled_com.o
    0x20000b16        -       0x000000ff   Zero   RW          896    .bss.OledBuf_TX     oled_com.o
    0x20000c15        -       0x00000001   Zero   RW          369    .bss.PCCurrOverCheck.res  monitor.o
    0x20000c16        -       0x00000002   Zero   RW          651    .bss.PC_Rader_Stop  host_com.o
    0x20000c18        -       0x00000002   Zero   RW           43    .bss.PosModeFlag    xint.o
    0x20000c1a   COMPRESSED   0x00000002   PAD
    0x20000c1c        -       0x00000004   Zero   RW          145    .bss.Pos_StopTSpeed  spd_ctrl.o
    0x20000c20        -       0x00000002   Zero   RW           37    .bss.PowerFlag      xint.o
    0x20000c22        -       0x00000002   Zero   RW           36    .bss.PowerOffCnt    xint.o
    0x20000c24        -       0x00000002   Zero   RW           34    .bss.PowerOnCnt     xint.o
    0x20000c26        -       0x00000002   Zero   RW           35    .bss.PowerOnFlag    xint.o
    0x20000c28        -       0x00000002   Zero   RW           38    .bss.PowerTryCnt    xint.o
    0x20000c2a        -       0x00000001   Zero   RW          781    .bss.RCMODEComFlag  debug_com.o
    0x20000c2b        -       0x00000001   Zero   RW          329    .bss.RadarResult    monitor.o
    0x20000c2c        -       0x00000002   Zero   RW           49    .bss.RadarSwitch    xint.o
    0x20000c2e        -       0x00000002   Zero   RW          675    .bss.ReSet_Flag     host_com.o
    0x20000c30        -       0x00000008   Zero   RW         1055    .bss.RegReal_GlandMBDCalaCmd  nodeprocess.o
    0x20000c38        -       0x00000008   Zero   RW         1067    .bss.RegReal_GlandMBDCalaFB  nodeprocess.o
    0x20000c40        -       0x00000008   Zero   RW         1047    .bss.RegReal_GlandMBDCmd  nodeprocess.o
    0x20000c48        -       0x00000008   Zero   RW         1063    .bss.RegReal_GlandMBDCtrlFB  nodeprocess.o
    0x20000c50        -       0x00000008   Zero   RW         1029    .bss.RegReal_GlandMBDFaultClearCmd  nodeprocess.o
    0x20000c58        -       0x00000008   Zero   RW         1071    .bss.RegReal_GlandMBDFaultClearFB  nodeprocess.o
    0x20000c60        -       0x00000008   Zero   RW         1083    .bss.RegReal_GlandMBDFaultStaFB  nodeprocess.o
    0x20000c68        -       0x00000008   Zero   RW         1040    .bss.RegReal_GlandMBDParamCmd  nodeprocess.o
    0x20000c70        -       0x00000008   Zero   RW         1041    .bss.RegReal_GlandMBDParamFB  nodeprocess.o
    0x20000c78        -       0x00000008   Zero   RW         1033    .bss.RegReal_GlandMBDResetCmd  nodeprocess.o
    0x20000c80        -       0x00000008   Zero   RW         1079    .bss.RegReal_GlandMBDResetFB  nodeprocess.o
    0x20000c88        -       0x00000008   Zero   RW         1089    .bss.RegReal_GlandMBDRunningSta1FB  nodeprocess.o
    0x20000c90        -       0x00000008   Zero   RW         1051    .bss.RegReal_GlandMBDWatchDogCmd  nodeprocess.o
    0x20000c98        -       0x00000008   Zero   RW         1075    .bss.RegReal_GlandMBDWatchDogFB  nodeprocess.o
    0x20000ca0        -       0x00000008   Zero   RW         1054    .bss.RegReal_HuggingMBDCalaCmd  nodeprocess.o
    0x20000ca8        -       0x00000008   Zero   RW         1066    .bss.RegReal_HuggingMBDCalaFB  nodeprocess.o
    0x20000cb0        -       0x00000008   Zero   RW         1046    .bss.RegReal_HuggingMBDCmd  nodeprocess.o
    0x20000cb8        -       0x00000008   Zero   RW         1062    .bss.RegReal_HuggingMBDCtrlFB  nodeprocess.o
    0x20000cc0        -       0x00000008   Zero   RW         1028    .bss.RegReal_HuggingMBDFaultClearCmd  nodeprocess.o
    0x20000cc8        -       0x00000008   Zero   RW         1070    .bss.RegReal_HuggingMBDFaultClearFB  nodeprocess.o
    0x20000cd0        -       0x00000008   Zero   RW         1082    .bss.RegReal_HuggingMBDFaultStaFB  nodeprocess.o
    0x20000cd8        -       0x00000008   Zero   RW         1038    .bss.RegReal_HuggingMBDParamCmd  nodeprocess.o
    0x20000ce0        -       0x00000008   Zero   RW         1039    .bss.RegReal_HuggingMBDParamFB  nodeprocess.o
    0x20000ce8        -       0x00000008   Zero   RW         1032    .bss.RegReal_HuggingMBDResetCmd  nodeprocess.o
    0x20000cf0        -       0x00000008   Zero   RW         1078    .bss.RegReal_HuggingMBDResetFB  nodeprocess.o
    0x20000cf8        -       0x00000008   Zero   RW         1088    .bss.RegReal_HuggingMBDRunningSta1FB  nodeprocess.o
    0x20000d00        -       0x00000008   Zero   RW         1050    .bss.RegReal_HuggingMBDWatchDogCmd  nodeprocess.o
    0x20000d08        -       0x00000008   Zero   RW         1074    .bss.RegReal_HuggingMBDWatchDogFB  nodeprocess.o
    0x20000d10        -       0x00000008   Zero   RW          947    .bss.RegReal_PartsAndValve1Param  vcuprocess.o
    0x20000d18        -       0x0000000c   Zero   RW          784    .bss.RegReal_RCMODECmd  debug_com.o
    0x20000d24        -       0x00000008   Zero   RW         1092    .bss.RegReal_RadarRev  nodeprocess.o
    0x20000d2c   COMPRESSED   0x00000004   PAD
    0x20000d30        -       0x00000008   Zero   RW         1057    .bss.RegReal_RadarSend  nodeprocess.o
    0x20000d38        -       0x00000008   Zero   RW         1052    .bss.RegReal_RotatingMBDCalaCmd  nodeprocess.o
    0x20000d40        -       0x00000008   Zero   RW         1064    .bss.RegReal_RotatingMBDCalaFB  nodeprocess.o
    0x20000d48        -       0x00000008   Zero   RW         1044    .bss.RegReal_RotatingMBDCmd  nodeprocess.o
    0x20000d50        -       0x00000008   Zero   RW         1060    .bss.RegReal_RotatingMBDCtrlFB  nodeprocess.o
    0x20000d58        -       0x00000008   Zero   RW         1026    .bss.RegReal_RotatingMBDFaultClearCmd  nodeprocess.o
    0x20000d60        -       0x00000008   Zero   RW         1068    .bss.RegReal_RotatingMBDFaultClearFB  nodeprocess.o
    0x20000d68        -       0x00000008   Zero   RW         1080    .bss.RegReal_RotatingMBDFaultStaFB  nodeprocess.o
    0x20000d70        -       0x00000008   Zero   RW         1034    .bss.RegReal_RotatingMBDParamCmd  nodeprocess.o
    0x20000d78        -       0x00000008   Zero   RW         1035    .bss.RegReal_RotatingMBDParamFB  nodeprocess.o
    0x20000d80        -       0x00000008   Zero   RW         1030    .bss.RegReal_RotatingMBDResetCmd  nodeprocess.o
    0x20000d88        -       0x00000008   Zero   RW         1076    .bss.RegReal_RotatingMBDResetFB  nodeprocess.o
    0x20000d90        -       0x00000008   Zero   RW         1086    .bss.RegReal_RotatingMBDRunningSta1FB  nodeprocess.o
    0x20000d98        -       0x00000008   Zero   RW         1090    .bss.RegReal_RotatingMBDRunningSta2FB  nodeprocess.o
    0x20000da0        -       0x00000008   Zero   RW         1084    .bss.RegReal_RotatingMBDSensorStaFB  nodeprocess.o
    0x20000da8        -       0x00000008   Zero   RW         1048    .bss.RegReal_RotatingMBDWatchDogCmd  nodeprocess.o
    0x20000db0        -       0x00000008   Zero   RW         1072    .bss.RegReal_RotatingMBDWatchDogFB  nodeprocess.o
    0x20000db8        -       0x00000008   Zero   RW         1053    .bss.RegReal_TelescopicMBDCalaCmd  nodeprocess.o
    0x20000dc0        -       0x00000008   Zero   RW         1065    .bss.RegReal_TelescopicMBDCalaFB  nodeprocess.o
    0x20000dc8        -       0x00000008   Zero   RW         1045    .bss.RegReal_TelescopicMBDCmd  nodeprocess.o
    0x20000dd0        -       0x00000008   Zero   RW         1061    .bss.RegReal_TelescopicMBDCtrlFB  nodeprocess.o
    0x20000dd8        -       0x00000008   Zero   RW         1027    .bss.RegReal_TelescopicMBDFaultClearCmd  nodeprocess.o
    0x20000de0        -       0x00000008   Zero   RW         1069    .bss.RegReal_TelescopicMBDFaultClearFB  nodeprocess.o
    0x20000de8        -       0x00000008   Zero   RW         1081    .bss.RegReal_TelescopicMBDFaultStaFB  nodeprocess.o
    0x20000df0        -       0x00000008   Zero   RW         1036    .bss.RegReal_TelescopicMBDParamCmd  nodeprocess.o
    0x20000df8        -       0x00000008   Zero   RW         1037    .bss.RegReal_TelescopicMBDParamFB  nodeprocess.o
    0x20000e00        -       0x00000008   Zero   RW         1056    .bss.RegReal_TelescopicMBDRelayCmd  nodeprocess.o
    0x20000e08        -       0x00000008   Zero   RW         1093    .bss.RegReal_TelescopicMBDRelayCmdFB  nodeprocess.o
    0x20000e10        -       0x00000008   Zero   RW         1031    .bss.RegReal_TelescopicMBDResetCmd  nodeprocess.o
    0x20000e18        -       0x00000008   Zero   RW         1077    .bss.RegReal_TelescopicMBDResetFB  nodeprocess.o
    0x20000e20        -       0x00000008   Zero   RW         1087    .bss.RegReal_TelescopicMBDRunningSta1FB  nodeprocess.o
    0x20000e28        -       0x00000008   Zero   RW         1085    .bss.RegReal_TelescopicMBDSensorStaFB  nodeprocess.o
    0x20000e30        -       0x00000008   Zero   RW         1049    .bss.RegReal_TelescopicMBDWatchDogCmd  nodeprocess.o
    0x20000e38        -       0x00000008   Zero   RW         1073    .bss.RegReal_TelescopicMBDWatchDogFB  nodeprocess.o
    0x20000e40        -       0x00000008   Zero   RW          962    .bss.Reg_AGVBMSCtrlCmd  vcuprocess.o
    0x20000e48        -       0x00000008   Zero   RW          934    .bss.Reg_AGVBMSStaOrigDataFb  vcuprocess.o
    0x20000e50        -       0x00000008   Zero   RW          965    .bss.Reg_AGVChargeSWCmd  vcuprocess.o
    0x20000e58        -       0x00000008   Zero   RW          939    .bss.Reg_AGVChargeSWFb  vcuprocess.o
    0x20000e60        -       0x00000008   Zero   RW          960    .bss.Reg_AGVCtrlCmd1  vcuprocess.o
    0x20000e68        -       0x00000008   Zero   RW          961    .bss.Reg_AGVCtrlCmd2  vcuprocess.o
    0x20000e70        -       0x00000008   Zero   RW          935    .bss.Reg_AGVDataFb1  vcuprocess.o
    0x20000e78        -       0x00000008   Zero   RW          936    .bss.Reg_AGVDataFb2  vcuprocess.o
    0x20000e80        -       0x0000000a   Zero   RW          937    .bss.Reg_AGVPumpCtrFb  vcuprocess.o
    0x20000e8a   COMPRESSED   0x00000002   PAD
    0x20000e8c        -       0x00000008   Zero   RW          963    .bss.Reg_AGVTurnCtrlCmd1  vcuprocess.o
    0x20000e94   COMPRESSED   0x00000004   PAD
    0x20000e98        -       0x00000008   Zero   RW          964    .bss.Reg_AGVTurnCtrlCmd2  vcuprocess.o
    0x20000ea0        -       0x00000008   Zero   RW          938    .bss.Reg_AGVTurnFb  vcuprocess.o
    0x20000ea8        -       0x00000008   Zero   RW         1091    .bss.Reg_DrawWireSensorFb  nodeprocess.o
    0x20000eb0        -       0x00000008   Zero   RW          940    .bss.Reg_RCCtrlCmdFb  vcuprocess.o
    0x20000eb8        -       0x00000001   Zero   RW         1008    .bss.RotatingFaultClearFlag  nodeprocess.o
    0x20000eb9        -       0x00000001   Zero   RW         1012    .bss.RotatingMotorCalaFlag  nodeprocess.o
    0x20000eba        -       0x00000001   Zero   RW         1016    .bss.RotatingMotorResetFlag  nodeprocess.o
    0x20000ebb        -       0x00000001   Zero   RW         1020    .bss.RotatingWRParamCmdFlag  nodeprocess.o
    0x20000ebc        -       0x00000208   Zero   RW         1058    .bss.Rx2_frame      nodeprocess.o
    0x200010c4        -       0x00000004   Zero   RW          933    .bss.Rx_ID          vcuprocess.o
    0x200010c8        -       0x0000000e   Zero   RW          783    .bss.Rx_Wireless_Frame  debug_com.o
    0x200010d6   COMPRESSED   0x00000002   PAD
    0x200010d8        -       0x00000014   Zero   RW          785    .bss.Rx_Wireless_Framex  debug_com.o
    0x200010ec        -       0x00000001   Zero   RW          370    .bss.SensorCurrOverCheck.res  monitor.o
    0x200010ed   COMPRESSED   0x00000003   PAD
    0x200010f0        -       0x00000004   Zero   RW          164    .bss.SlowCtrlOverTimecnt  spd_ctrl.o
    0x200010f4        -       0x00000002   Zero   RW           44    .bss.SlowDiatance   xint.o
    0x200010f6        -       0x00000002   Zero   RW           45    .bss.SlowDir        xint.o
    0x200010f8        -       0x00000002   Zero   RW           73    .bss.SlowModeFlag   xint.o
    0x200010fa        -       0x00000002   Zero   RW          264    .bss.SlowSpdCmdCnt  vcu_ctrl.o
    0x200010fc        -       0x0000000a   Zero   RW          564    .bss.SolenoidCmddown  pullrodprocess.o
    0x20001106        -       0x00000046   Zero   RW          678    .bss.SolenoidCtrlCmd  host_com.o
    0x2000114c        -       0x00000001   Zero   RW          560    .bss.SolenoidInitFlg  pullrodprocess.o
    0x2000114d   COMPRESSED   0x00000003   PAD
    0x20001150        -       0x0000003c   Zero   RW          563    .bss.SolenoidReport  pullrodprocess.o
    0x2000118c        -       0x0000015e   Zero   RW          561    .bss.Solenoid_Pack_Hand1Array  pullrodprocess.o
    0x200012ea        -       0x00000002   Zero   RW          473    .bss.SpdClc.Timer3Counter_Old  encoderprocess.o
    0x200012ec        -       0x00000002   Zero   RW          336    .bss.StopFlag       monitor.o
    0x200012ee        -       0x00000002   Zero   RW           60    .bss.StreeCnt       xint.o
    0x200012f0        -       0x00000004   Zero   RW           50    .bss.System_Cnt     xint.o
    0x200012f4        -       0x00000002   Zero   RW          816    .bss.TSpm           adcprocess.o
    0x200012f6        -       0x00000001   Zero   RW         1009    .bss.TelescopicFaultClearFlag  nodeprocess.o
    0x200012f7        -       0x00000001   Zero   RW         1013    .bss.TelescopicMotorCalaFlag  nodeprocess.o
    0x200012f8        -       0x00000001   Zero   RW         1017    .bss.TelescopicMotorResetFlag  nodeprocess.o
    0x200012f9        -       0x00000001   Zero   RW         1021    .bss.TelescopicWRParamCmdFlag  nodeprocess.o
    0x200012fa        -       0x00000001   Zero   RW          365    .bss.TemperatureCheck.res  monitor.o
    0x200012fb   COMPRESSED   0x00000001   PAD
    0x200012fc        -       0x00000002   Zero   RW          366    .bss.TemperatureCheck.u16HighTempCnt  monitor.o
    0x200012fe   COMPRESSED   0x00000002   PAD
    0x20001300        -       0x00000004   Zero   RW          653    .bss.TextCnt        host_com.o
    0x20001304        -       0x00000002   Zero   RW          472    .bss.Timer3Counter  encoderprocess.o
    0x20001306   COMPRESSED   0x00000002   PAD
    0x20001308        -       0x00000004   Zero   RW         1352    .bss.TimerBaseTick_10KHz  timerbase.o
    0x2000130c        -       0x00000004   Zero   RW         1353    .bss.TimerBaseTick_50KHz  timerbase.o
    0x20001310        -       0x00000004   Zero   RW           66    .bss.TimerBase_Update_Callback.Cnt_1mS  xint.o
    0x20001314        -       0x00000004   Zero   RW          255    .bss.TurnDeg        vcu_ctrl.o
    0x20001318        -       0x00000208   Zero   RW         1043    .bss.Tx2_frame      nodeprocess.o
    0x20001520        -       0x00000208   Zero   RW          945    .bss.Tx_frame       vcuprocess.o
    0x20001728        -       0x00000004   Zero   RW          319    .bss.Warning_Report  monitor.o
    0x2000172c        -       0x00000004   Zero   RW          780    .bss.WirelessBDSN   debug_com.o
    0x20001730        -       0x00000001   Zero   RW          787    .bss.WriteCnt       debug_com.o
    0x20001731   COMPRESSED   0x00000003   PAD
    0x20001734        -       0x00000004   Zero   RW          462    .bss._iqSpd_M1      encoderprocess.o
    0x20001738        -       0x00000001   Zero   RW          789    .bss.flaerr         debug_com.o
    0x20001739   COMPRESSED   0x00000001   PAD
    0x2000173a        -       0x00000002   Zero   RW          466    .bss.g_Car_Pos      encoderprocess.o
    0x2000173c        -       0x00000004   Zero   RW          468    .bss.g_Spd2         encoderprocess.o
    0x20001740        -       0x00000008   Zero   RW          740    .bss.g_bIMURxBuf    imu_com.o
    0x20001748        -       0x00000002   Zero   RW          465    .bss.g_nRWheelPos   encoderprocess.o
    0x2000174a   COMPRESSED   0x00000002   PAD
    0x2000174c        -       0x000000ff   Zero   RW         1207    .bss.g_pu8RxBuf     rs485_steeringwheel.o
    0x2000184b   COMPRESSED   0x00000001   PAD
    0x2000184c        -       0x000000ff   Zero   RW         1248    .bss.g_pu8RxBuf     uart_pullrod.o
    0x2000194b   COMPRESSED   0x00000001   PAD
    0x2000194c        -       0x000000ff   Zero   RW         1303    .bss.g_pu8RxBuf     uart_host.o
    0x20001a4b   COMPRESSED   0x00000001   PAD
    0x20001a4c        -       0x000003ff   Zero   RW         1448    .bss.g_pu8SpiRGBTxBuf  spi_rgbled.o
    0x20001e4b   COMPRESSED   0x00000001   PAD
    0x20001e4c        -       0x000000ff   Zero   RW         1208    .bss.g_pu8TxBuf     rs485_steeringwheel.o
    0x20001f4b   COMPRESSED   0x00000001   PAD
    0x20001f4c        -       0x000000ff   Zero   RW         1249    .bss.g_pu8TxBuf     uart_pullrod.o
    0x2000204b   COMPRESSED   0x00000001   PAD
    0x2000204c        -       0x000000ff   Zero   RW         1304    .bss.g_pu8TxBuf     uart_host.o
    0x2000214b   COMPRESSED   0x00000001   PAD
    0x2000214c        -       0x000000ff   Zero   RW         1518    .bss.g_pu8TxBuf     uart_sprintf.o
    0x2000224b   COMPRESSED   0x00000001   PAD
    0x2000224c        -       0x00000012   Zero   RW          737    .bss.g_sImuData     imu_com.o
    0x2000225e        -       0x0000001a   Zero   RW         1151    .bss.g_u16AdcData   adc.o
    0x20002278        -       0x00000002   Zero   RW          665    .bss.g_u16ParamStep  host_com.o
    0x2000227a   COMPRESSED   0x00000002   PAD
    0x2000227c        -       0x00000004   Zero   RW          666    .bss.g_u32ParamMngTimeTick  host_com.o
    0x20002280        -       0x00000001   Zero   RW         1204    .bss.g_u32RxCplFlag  rs485_steeringwheel.o
    0x20002281   COMPRESSED   0x00000003   PAD
    0x20002284        -       0x00000001   Zero   RW         1246    .bss.g_u32RxCplFlag  uart_pullrod.o
    0x20002285   COMPRESSED   0x00000003   PAD
    0x20002288        -       0x00000001   Zero   RW         1272    .bss.g_u32RxCplFlag  uart_dbug.o
    0x20002289   COMPRESSED   0x00000003   PAD
    0x2000228c        -       0x00000001   Zero   RW         1300    .bss.g_u32RxCplFlag  uart_host.o
    0x2000228d   COMPRESSED   0x00000003   PAD
    0x20002290        -       0x00000001   Zero   RW         1514    .bss.g_u32RxCplFlag  uart_sprintf.o
    0x20002291   COMPRESSED   0x00000003   PAD
    0x20002294        -       0x00000004   Zero   RW         1205    .bss.g_u32RxLen     rs485_steeringwheel.o
    0x20002298        -       0x00000004   Zero   RW         1247    .bss.g_u32RxLen     uart_pullrod.o
    0x2000229c        -       0x00000004   Zero   RW         1273    .bss.g_u32RxLen     uart_dbug.o
    0x200022a0        -       0x00000004   Zero   RW         1301    .bss.g_u32RxLen     uart_host.o
    0x200022a4        -       0x00000004   Zero   RW         1515    .bss.g_u32RxLen     uart_sprintf.o
    0x200022a8        -       0x00000004   Zero   RW         1446    .bss.g_u32TxIndex   spi_rgbled.o
    0x200022ac        -       0x00000004   Zero   RW         1447    .bss.g_u32TxLen     spi_rgbled.o
    0x200022b0        -       0x00000001   Zero   RW           39    .bss.g_u8Tick1kHz   xint.o
    0x200022b1   COMPRESSED   0x00000003   PAD
    0x200022b4        -       0x00000004   Zero   RW          671    .bss.g_unHostTimeTick  host_com.o
    0x200022b8        -       0x00000004   Zero   RW          648    .bss.hostCnt1       host_com.o
    0x200022bc        -       0x00000004   Zero   RW          649    .bss.hostCnt2       host_com.o
    0x200022c0        -       0x00000004   Zero   RW          650    .bss.hostCnt3       host_com.o
    0x200022c4        -       0x0000000c   Zero   RW         1426    .bss.iic_callback   iic_sim.o
    0x200022d0        -       0x00000020   Zero   RW         1427    .bss.iic_state      iic_sim.o
    0x200022f0        -       0x00000004   Zero   RW          711    .bss.iqAGVLiftPos   host_com.o
    0x200022f4        -       0x00000004   Zero   RW          253    .bss.iqAGVWalkPosup  vcu_ctrl.o
    0x200022f8        -       0x00000004   Zero   RW          257    .bss.iqAgvWalkPosRef_m  vcu_ctrl.o
    0x200022fc        -       0x00000004   Zero   RW          235    .bss.iqPosition_m   vcu_ctrl.o
    0x20002300        -       0x00000004   Zero   RW          714    .bss.iqVCUTurnDegFB  host_com.o
    0x20002304        -       0x00000004   Zero   RW          234    .bss.iq_PosAddCircles  vcu_ctrl.o
    0x20002308        -       0x00000004   Zero   RW          231    .bss.iq_Position    vcu_ctrl.o
    0x2000230c        -       0x00000004   Zero   RW          233    .bss.iq_PositionDelta  vcu_ctrl.o
    0x20002310        -       0x00000004   Zero   RW          232    .bss.iq_PositionLast  vcu_ctrl.o
    0x20002314        -       0x00000004   Zero   RW          709    .bss.m_BootLinkCmd  host_com.o
    0x20002318        -       0x00000008   Zero   RW          690    .bss.m_GlandCmd     host_com.o
    0x20002320        -       0x00000006   Zero   RW          688    .bss.m_HuggingCmd   host_com.o
    0x20002326        -       0x00000006   Zero   RW          707    .bss.m_MotorCala    host_com.o
    0x2000232c        -       0x0000000a   Zero   RW          708    .bss.m_ParamMngCmd  host_com.o
    0x20002336        -       0x00000014   Zero   RW          721    .bss.m_ParamMngCmdAck  host_com.o
    0x2000234a        -       0x00000006   Zero   RW          699    .bss.m_Reset        host_com.o
    0x20002350        -       0x00000006   Zero   RW          691    .bss.m_TelescopicCmd  host_com.o
    0x20002356        -       0x00000006   Zero   RW          700    .bss.m_TelescopicMBDRelayCmd  host_com.o
    0x2000235c        -       0x00000004   Zero   RW          706    .bss.m_WatchDogCmd  host_com.o
    0x20002360        -       0x000000ff   Zero   RW          669    .bss.m_bRecvBuf     host_com.o
    0x2000245f   COMPRESSED   0x00000001   PAD
    0x20002460        -       0x000000ff   Zero   RW          668    .bss.m_bReportBuf   host_com.o
    0x2000255f        -       0x00000001   Zero   RW           98    .bss.m_eActState    statectrl.o
    0x20002560        -       0x00000001   Zero   RW           97    .bss.m_eRunState    statectrl.o
    0x20002561   COMPRESSED   0x00000001   PAD
    0x20002562        -       0x00000006   Zero   RW          689    .bss.m_sAutoCharCmd  host_com.o
    0x20002568        -       0x00000004   Zero   RW          696    .bss.m_sBreakCanel  host_com.o
    0x2000256c        -       0x00000036   Zero   RW          685    .bss.m_sCommandAck  host_com.o
    0x200025a2   COMPRESSED   0x00000002   PAD
    0x200025a4        -       0x00000004   Zero   RW          693    .bss.m_sCurBrakeCmd  host_com.o
    0x200025a8        -       0x00000004   Zero   RW          686    .bss.m_sCurGasCmd   host_com.o
    0x200025ac   COMPRESSED   0x00000004   PAD
    0x200025b0        -       0x00000008   Zero   RW          687    .bss.m_sCurLiftCmd  host_com.o
    0x200025b8        -       0x00000006   Zero   RW          692    .bss.m_sCurRotateCmd  host_com.o
    0x200025be        -       0x00000006   Zero   RW          684    .bss.m_sCurSteerCmd  host_com.o
    0x200025c4        -       0x00000006   Zero   RW          698    .bss.m_sElectronMagCmd  host_com.o
    0x200025ca        -       0x00000006   Zero   RW          705    .bss.m_sEncoderCalaCmd  host_com.o
    0x200025d0        -       0x00000006   Zero   RW          695    .bss.m_sFaultClear  host_com.o
    0x200025d6        -       0x00000006   Zero   RW          703    .bss.m_sRadLift     host_com.o
    0x200025dc        -       0x00000004   Zero   RW          694    .bss.m_sRadarCmd    host_com.o
    0x200025e0        -       0x00000006   Zero   RW          697    .bss.m_sSlow_SpdCmd  host_com.o
    0x200025e6        -       0x00000006   Zero   RW          704    .bss.m_sSound_LigntCmd  host_com.o
    0x200025ec        -       0x00000004   Zero   RW          701    .bss.m_sSteerCalaCmd  host_com.o
    0x200025f0        -       0x00000004   Zero   RW           15    .bss.m_unCnt10mS    main.o
    0x200025f4        -       0x00000004   Zero   RW           13    .bss.m_unCnt1mS     main.o
    0x200025f8        -       0x00000004   Zero   RW           14    .bss.m_unCnt1mS_Reset  main.o
    0x200025fc        -       0x00000002   Zero   RW          667    .bss.m_unRecvLen    host_com.o
    0x200025fe   COMPRESSED   0x00000002   PAD
    0x20002600        -       0x00000020   Zero   RW         2024    .bss.pFlash         stm32f4xx_hal_flash.o
    0x20002620        -       0x000000ff   Zero   RW         1275    .bss.pu8RxBuf       uart_dbug.o
    0x2000271f   COMPRESSED   0x00000001   PAD
    0x20002720        -       0x000000ff   Zero   RW         1517    .bss.pu8RxBuf       uart_sprintf.o
    0x2000281f   COMPRESSED   0x00000001   PAD
    0x20002820        -       0x000000ff   Zero   RW         1330    .bss.pu8_PCDbug_RxBuf  uart_pcdbug.o
    0x2000291f   COMPRESSED   0x00000001   PAD
    0x20002920        -       0x000000ff   Zero   RW         1331    .bss.pu8_PCDbug_TxBuf  uart_pcdbug.o
    0x20002a1f   COMPRESSED   0x00000001   PAD
    0x20002a20        -       0x00000002   Zero   RW          243    .bss.s16AGVWalkBrakePosFB  vcu_ctrl.o
    0x20002a22        -       0x00000002   Zero   RW          128    .bss.s16TargetSpeed  spd_ctrl.o
    0x20002a24        -       0x00000002   Zero   RW          818    .bss.s16Temperature  adcprocess.o
    0x20002a26        -       0x00000002   Zero   RW          715    .bss.s16VCUTurnDegFB  host_com.o
    0x20002a28        -       0x00000002   Zero   RW          713    .bss.s16VCUWalkSpdFB  host_com.o
    0x20002a2a        -       0x00000002   Zero   RW          391    .bss.s16WalkSpdTest  wireless_ctrl.o
    0x20002a2c        -       0x00000004   Zero   RW          250    .bss.s32PumpSpd     vcu_ctrl.o
    0x20002a30        -       0x00000004   Zero   RW          712    .bss.s32VCUWalkSpdFB  host_com.o
    0x20002a34        -       0x00000004   Zero   RW          474    .bss.tmp            encoderprocess.o
    0x20002a38        -       0x00000004   Zero   RW          475    .bss.tmp2           encoderprocess.o
    0x20002a3c        -       0x00000002   Zero   RW          716    .bss.u16AGVWalkPosFb  host_com.o
    0x20002a3e        -       0x00000002   Zero   RW          717    .bss.u16SENSORVlot  host_com.o
    0x20002a40        -       0x00000002   Zero   RW            9    .bss.u16StandbyCnt  main.o
    0x20002a42   COMPRESSED   0x00000002   PAD
    0x20002a44        -       0x00000004   Zero   RW         1473    .bss.u32Can1RsetTimes  can_vcu.o
    0x20002a48        -       0x00000004   Zero   RW         1474    .bss.u32Can2RsetTimes  can_vcu.o
    0x20002a4c        -       0x00000004   Zero   RW          999    .bss.u32CanTask2Cnt  nodeprocess.o
    0x20002a50        -       0x00000004   Zero   RW           11    .bss.u32CurrentPC   main.o
    0x20002a54        -       0x00000004   Zero   RW          237    .bss.u32LiftPos     vcu_ctrl.o
    0x20002a58        -       0x00000004   Zero   RW          320    .bss.u32MOTOR1CurrOverCnt  monitor.o
    0x20002a5c        -       0x00000004   Zero   RW          321    .bss.u32MOTOR2CurrOverCnt  monitor.o
    0x20002a60        -       0x00000004   Zero   RW          322    .bss.u32PCCurrOverCnt  monitor.o
    0x20002a64        -       0x00000004   Zero   RW          323    .bss.u32SensorCurrOverCnt  monitor.o
    0x20002a68        -       0x00000004   Zero   RW           12    .bss.u32VTOR_LongAddr  main.o
    0x20002a6c        -       0x00000001   Zero   RW         1327    .bss.u32_PCDbug_RxCplFlag  uart_pcdbug.o
    0x20002a6d   COMPRESSED   0x00000003   PAD
    0x20002a70        -       0x00000004   Zero   RW         1328    .bss.u32_PCDbug_RxLen  uart_pcdbug.o
    0x20002a74        -       0x00000001   Zero   RW         1003    .bss.u8BootFB_Flag  nodeprocess.o
    0x20002a75        -       0x00000001   Zero   RW          778    .bss.u8BootFlg_Solenoid  debug_com.o
    0x20002a76        -       0x00000001   Zero   RW          779    .bss.u8BootFlg_SteeringWheel  debug_com.o
    0x20002a77        -       0x00000001   Zero   RW          663    .bss.u8BootLinkFlag  host_com.o
    0x20002a78        -       0x00000001   Zero   RW         1274    .bss.u8DbugTxMutex  uart_dbug.o
    0x20002a79        -       0x00000001   Zero   RW         1516    .bss.u8DbugTxMutex  uart_sprintf.o
    0x20002a7a        -       0x00000001   Zero   RW         1302    .bss.u8HostTxMutex  uart_host.o
    0x20002a7b        -       0x00000001   Zero   RW          736    .bss.u8IMUDataRxFlag  imu_com.o
    0x20002a7c        -       0x00000001   Zero   RW           64    .bss.u8PowerSwFlag  xint.o
    0x20002a7d        -       0x00000001   Zero   RW          251    .bss.u8PumpSpd      vcu_ctrl.o
    0x20002a7e        -       0x00000001   Zero   RW         1245    .bss.u8SolenoidTxMutex  uart_pullrod.o
    0x20002a7f        -       0x00000001   Zero   RW            8    .bss.u8StandbyFlag  main.o
    0x20002a80        -       0x00000001   Zero   RW         1206    .bss.u8WheelTxMutex  rs485_steeringwheel.o
    0x20002a81        -       0x00000001   Zero   RW         1329    .bss.u8_PCDbug_TxMutex  uart_pcdbug.o
    0x20002a82   COMPRESSED   0x00000002   PAD
    0x20002a84        -       0x00000004   Zero   RW         1584    .bss.uwTick         stm32f4xx_hal.o
    0x20002a88        -       0x00000200   Zero   RW         3857    HEAP                startup_stm32f405xx.o
    0x20002c88        -       0x00000400   Zero   RW         3856    STACK               startup_stm32f405xx.o


==============================================================================

Image component sizes


      Code (inc. data)   RO Data    RW Data    ZI Data      Debug   Object Name

         2          0          0          0          0       1662   accelerator.o
       800          0          0         52         26       8586   adc.o
       480          0        136          0         58       3060   adcprocess.o
       636          0          0         80         40       4932   can_node.o
      1094          0          0         80         52       8621   can_vcu.o
       448          0          0         96          0       4478   databaseprocess.o
       716          0          0          0        314       4094   debug_com.o
       470          0         72        144          0       4569   dido.o
       442         10          0          3          6       8098   didoprocess.o
      2262          0          0          0          0      11276   eeprom.o
         6          0          0          0          0        560   electromagnet_ctrl.o
       200          0          0          0         24       2434   encoderprocess.o
      3530        198          0         18        862      19992   host_com.o
      1880         86          0          8         45       7239   iic_sim.o
       500          0          0          2         27       2072   imu_com.o
      1556         18          0          2         31       6459   main.o
       198          0        512          0          0       1130   modbuscrc.o
      3262         28          0          4        208      11899   monitor.o
      5604        672          0         12       1587      20489   nodeprocess.o
      1946          0          0          0       1280      18818   oled_com.o
       184          0          0         70        421       4826   pullrodprocess.o
       770         28          0          0        516       7880   rs485_steeringwheel.o
        82          0          0        228         12       5816   spd_ctrl.o
        80          0          0          0       1031       8268   spi_rgbled.o
        64         26        392          0       1536        892   startup_stm32f405xx.o
        36          0          0          0          2       3584   statectrl.o
       168          0          0          0          0       3654   stflash.o
       230          0          0          5          4       7086   stm32f4xx_hal.o
      1794          6          0          0          0      13590   stm32f4xx_hal_can.o
       194          0          0          0          0      10389   stm32f4xx_hal_cortex.o
       580          0          0          0         32       5302   stm32f4xx_hal_flash.o
       442          0          0          0          0       5098   stm32f4xx_hal_gpio.o
         2          0          0          0          0        500   stm32f4xx_hal_msp.o
      1226          0          0          0          0       7203   stm32f4xx_hal_rcc.o
       526          0          0          0          0      46826   stm32f4xx_hal_tim.o
        64          0          0          0          0      17040   stm32f4xx_hal_tim_ex.o
        20          0          0          0          0        969   stm32f4xx_it.o
        86          0         16          4          0       2616   system_stm32f4xx.o
       334          0          0          0          8       5199   timerbase.o
       364          0          0          0        128       5331   timerencoder.o
       336          0          0          0        261       7217   uart_dbug.o
       800          0          0          0        516       7421   uart_host.o
       680          0          0          0        516       7467   uart_pcdbug.o
       636          0          0          0        516       7525   uart_pullrod.o
       676          0          0          0        516       6835   uart_sprintf.o
      1736          0          0         14         72       4228   vcu_ctrl.o
       658         46          0          2        647      14687   vcuprocess.o
       558          0          0          3          2       1223   wireless_ctrl.o
      2130         20          0          4         75       3743   xint.o

    ----------------------------------------------------------------------
     41716       1138       1162        844      11484     372883   Object Totals
         0          0         32          0          0          0   (incl. Generated)
       228          0          2         13        113          0   (incl. Padding)

    ----------------------------------------------------------------------

      Code (inc. data)   RO Data    RW Data    ZI Data      Debug   Library Member Name

       288          4          0          0          0        496   IQNdiv.o
        16          2          0          0          0        188   IQNmpy.o
        12          0          0          0          0        192   IQNrmpy.o
        90          0          0          0          0          0   __dczerorl2.o
         8          0          0          0          0         68   __main.o
         0          0          0          0          0          0   __rtentry.o
        12          0          0          0          0          0   __rtentry2.o
         6          0          0          0          0          0   __rtentry4.o
        52          8          0          0          0          0   __scatter.o
        28          0          0          0          0          0   __scatter_zi.o
        18          0          0          0          0         80   exit.o
         6          0          0          0          0        152   heapauxi.o
         0          0          0          0          0          0   indicate_semi.o
         2          0          0          0          0          0   libinit.o
         6          0          0          0          0          0   libinit2.o
         2          0          0          0          0          0   libshutdown.o
         2          0          0          0          0          0   libshutdown2.o
         8          4          0          0         96         68   libspace.o
       240          0          0          0          0        100   lludivv7m.o
        68          0          0          0          0         68   rt_memclr.o
        78          0          0          0          0         80   rt_memclr_w.o
       138          0          0          0          0         68   rt_memcpy_v6.o
       100          0          0          0          0         80   rt_memcpy_w.o
         2          0          0          0          0          0   rtexit.o
        10          0          0          0          0          0   rtexit2.o
        12          4          0          0          0         68   sys_exit.o
        74          0          0          0          0         80   sys_stackheap_outer.o
         2          0          0          0          0         68   use_no_semi.o
        26          0          0          0          0        116   fpinit.o

    ----------------------------------------------------------------------
      1314         22          0          0         96       1972   Library Totals
         8          0          0          0          0          0   (incl. Padding)

    ----------------------------------------------------------------------

      Code (inc. data)   RO Data    RW Data    ZI Data      Debug   Library Name

       316          6          0          0          0        876   IQmathLib.lib
       964         16          0          0         96        980   c_w.l
        26          0          0          0          0        116   fz_wm.l

    ----------------------------------------------------------------------
      1314         22          0          0         96       1972   Library Totals

    ----------------------------------------------------------------------

==============================================================================


      Code (inc. data)   RO Data    RW Data    ZI Data      Debug   

     43030       1160       1162        844      11580     373687   Grand Totals
     43030       1160       1162        216      11580     373687   ELF Image Totals (compressed)
     43030       1160       1162        216          0          0   ROM Totals

==============================================================================

    Total RO  Size (Code + RO Data)                44192 (  43.16kB)
    Total RW  Size (RW Data + ZI Data)             12424 (  12.13kB)
    Total ROM Size (Code + RO Data + RW Data)      44408 (  43.37kB)

==============================================================================

