Component: ARM Compiler 6.15 Tool: armlink [5dd79300]

==============================================================================

Section Cross References

    main.o(.text.main) refers to main.o(.bss.main.u32VTOR_LongAddr) for main.u32VTOR_LongAddr
    main.o(.text.main) refers to stm32f4xx_hal.o(.text.HAL_Init) for HAL_Init
    main.o(.text.main) refers to stm32f4xx_hal_rcc.o(.text.HAL_RCC_OscConfig) for HAL_RCC_OscConfig
    main.o(.text.main) refers to stm32f4xx_hal_rcc.o(.text.HAL_RCC_ClockConfig) for HAL_RCC_ClockConfig
    main.o(.text.main) refers to stm32f4xx_hal.o(.text.HAL_GetREVID) for HAL_GetREVID
    main.o(.text.main) refers to databaseprocess.o(.text.DataBaseInit) for DataBaseInit
    main.o(.text.main) refers to monitor.o(.bss.g_u32FaultNum) for g_u32FaultNum
    main.o(.text.main) refers to timerbase.o(.text.TimerBase1_Init) for TimerBase1_Init
    main.o(.text.main) refers to timerbase.o(.text.TimerBase2_Init) for TimerBase2_Init
    main.o(.text.main) refers to timerbase.o(.text.TIMER_PWM_Source_Init) for TIMER_PWM_Source_Init
    main.o(.text.main) refers to timerpwm.o(.text.TimerPWM_Init) for TimerPWM_Init
    main.o(.text.main) refers to adc.o(.text.ADC_Init) for ADC_Init
    main.o(.text.main) refers to dido.o(.text.Dido_Init) for Dido_Init
    main.o(.text.main) refers to can_host.o(.text.Can_Host_Config) for Can_Host_Config
    main.o(.text.main) refers to reanglers485.o(.text.ReangleRS485_Init) for ReangleRS485_Init
    main.o(.text.main) refers to codertama.o(.text.CoderTama_Init) for CoderTama_Init
    main.o(.text.main) refers to uart.o(.text.Uart_Init) for Uart_Init
    main.o(.text.main) refers to motorinfo.o(.text.MotorInfo_Init) for MotorInfo_Init
    main.o(.text.main) refers to foc.o(.text.FOC_PID_Init) for FOC_PID_Init
    main.o(.text.main) refers to monitor.o(.text.MonitorInit) for MonitorInit
    main.o(.text.main) refers to hostprocess.o(.text.Set_BootSuccessFlg) for Set_BootSuccessFlg
    main.o(.text.main) refers to hostprocess.o(.text.StoreVersion_NewApp) for StoreVersion_NewApp
    main.o(.text.main) refers to hostprocess.o(.text.StoreVersion_Factory) for StoreVersion_Factory
    main.o(.text.main) refers to timerbase.o(.bss.u8Tick1kHz_Flag) for u8Tick1kHz_Flag
    main.o(.text.main) refers to main.o(.bss.u8Standby_Flag) for u8Standby_Flag
    main.o(.text.main) refers to hostprocess.o(.bss.RegReal_ResetCmd) for RegReal_ResetCmd
    main.o(.text.main) refers to main.o(.bss.LED_Blink.u32LedTickLast) for LED_Blink.u32LedTickLast
    main.o(.text.main) refers to timerbase.o(.text.TimerBase2_GetTicks) for TimerBase2_GetTicks
    main.o(.text.main) refers to main.o(.data.LED_Blink.LEDFaultHandle1) for LED_Blink.LEDFaultHandle1
    main.o(.text.main) refers to monitor.o(.text.FaultNum_Get) for FaultNum_Get
    main.o(.text.main) refers to main.o(.bss.LED_Blink.u32FaultNum) for LED_Blink.u32FaultNum
    main.o(.text.main) refers to dido.o(.text.DO_WriteByIndex) for DO_WriteByIndex
    main.o(.text.main) refers to hostprocess.o(.text.SoftReset) for SoftReset
    main.o(.text.main) refers to monitor.o(.bss.Foc_EN_Flag) for Foc_EN_Flag
    main.o(.text.main) refers to stm32f4xx_hal_gpio.o(.text.HAL_GPIO_TogglePin) for HAL_GPIO_TogglePin
    main.o(.ARM.exidx.text.main) refers to main.o(.text.main) for [Anonymous Symbol]
    int_ctrl.o(.text.TimerBase1_Update_Callback) refers to timerbase.o(.text.TimerBase1_GetTicks) for TimerBase1_GetTicks
    int_ctrl.o(.text.TimerBase1_Update_Callback) refers to hoststate_ctrl.o(.bss.m_eHostComState) for m_eHostComState
    int_ctrl.o(.text.TimerBase1_Update_Callback) refers to hoststate_ctrl.o(.text.HostState_Ctrl) for HostState_Ctrl
    int_ctrl.o(.text.TimerBase1_Update_Callback) refers to hostprocess.o(.bss.RegReal_PosCtrlCmd) for RegReal_PosCtrlCmd
    int_ctrl.o(.text.TimerBase1_Update_Callback) refers to motorcmd_ctrl.o(.bss.g_sMotorCmd) for g_sMotorCmd
    int_ctrl.o(.text.TimerBase1_Update_Callback) refers to motorcmd_ctrl.o(.text.MotorCmd_Ctrl) for MotorCmd_Ctrl
    int_ctrl.o(.text.TimerBase1_Update_Callback) refers to main.o(.bss.u8Standby_Flag) for u8Standby_Flag
    int_ctrl.o(.text.TimerBase1_Update_Callback) refers to sensorcali_ctrl.o(.text.SensorCali_Ctrl) for SensorCali_Ctrl
    int_ctrl.o(.text.TimerBase1_Update_Callback) refers to motorinfo.o(.bss.g_sMotor_Info) for g_sMotor_Info
    int_ctrl.o(.text.TimerBase1_Update_Callback) refers to motorinfo.o(.text.MotorInfo_Pressure) for MotorInfo_Pressure
    int_ctrl.o(.text.TimerBase1_Update_Callback) refers to monitor.o(.text.FaultClearProcess) for FaultClearProcess
    int_ctrl.o(.text.TimerBase1_Update_Callback) refers to hostprocess.o(.text.ParamRead_Write) for ParamRead_Write
    int_ctrl.o(.text.TimerBase1_Update_Callback) refers to motorinfo.o(.text.MotorInfo_Torque) for MotorInfo_Torque
    int_ctrl.o(.text.TimerBase1_Update_Callback) refers to monitor.o(.text.MonitorProcess) for MonitorProcess
[...]
    __rt_entry_postsh_1                      0x080a124f   Thumb Code     0  __rtentry2.o(.ARM.Collect$$rtentry$$00000009)
    __rt_entry_main                          0x080a1253   Thumb Code     0  __rtentry2.o(.ARM.Collect$$rtentry$$0000000D)
    __rt_entry_postli_1                      0x080a1253   Thumb Code     0  __rtentry2.o(.ARM.Collect$$rtentry$$0000000C)
    __rt_exit                                0x080a125b   Thumb Code     0  rtexit.o(.ARM.Collect$$rtexit$$00000000)
    __rt_exit_ls                             0x080a125d   Thumb Code     0  rtexit2.o(.ARM.Collect$$rtexit$$00000003)
    __rt_exit_prels_1                        0x080a125d   Thumb Code     0  rtexit2.o(.ARM.Collect$$rtexit$$00000002)
    __rt_exit_exit                           0x080a1261   Thumb Code     0  rtexit2.o(.ARM.Collect$$rtexit$$00000004)
    Reset_Handler                            0x080a1269   Thumb Code     8  startup_stm32f405xx.o(.text)
    CAN1_RX1_IRQHandler                      0x080a1283   Thumb Code     0  startup_stm32f405xx.o(.text)
    CAN1_SCE_IRQHandler                      0x080a1283   Thumb Code     0  startup_stm32f405xx.o(.text)
    CAN1_TX_IRQHandler                       0x080a1283   Thumb Code     0  startup_stm32f405xx.o(.text)
    CAN2_RX0_IRQHandler                      0x080a1283   Thumb Code     0  startup_stm32f405xx.o(.text)
    CAN2_RX1_IRQHandler                      0x080a1283   Thumb Code     0  startup_stm32f405xx.o(.text)
    CAN2_SCE_IRQHandler                      0x080a1283   Thumb Code     0  startup_stm32f405xx.o(.text)
    CAN2_TX_IRQHandler                       0x080a1283   Thumb Code     0  startup_stm32f405xx.o(.text)
    DMA1_Stream0_IRQHandler                  0x080a1283   Thumb Code     0  startup_stm32f405xx.o(.text)
    DMA1_Stream1_IRQHandler                  0x080a1283   Thumb Code     0  startup_stm32f405xx.o(.text)
    DMA1_Stream3_IRQHandler                  0x080a1283   Thumb Code     0  startup_stm32f405xx.o(.text)
    DMA1_Stream7_IRQHandler                  0x080a1283   Thumb Code     0  startup_stm32f405xx.o(.text)
    DMA2_Stream1_IRQHandler                  0x080a1283   Thumb Code     0  startup_stm32f405xx.o(.text)
    DMA2_Stream2_IRQHandler                  0x080a1283   Thumb Code     0  startup_stm32f405xx.o(.text)
    DMA2_Stream3_IRQHandler                  0x080a1283   Thumb Code     0  startup_stm32f405xx.o(.text)
    DMA2_Stream4_IRQHandler                  0x080a1283   Thumb Code     0  startup_stm32f405xx.o(.text)
    DMA2_Stream6_IRQHandler                  0x080a1283   Thumb Code     0  startup_stm32f405xx.o(.text)
    EXTI0_IRQHandler                         0x080a1283   Thumb Code     0  startup_stm32f405xx.o(.text)
    EXTI15_10_IRQHandler                     0x080a1283   Thumb Code     0  startup_stm32f405xx.o(.text)
    EXTI1_IRQHandler                         0x080a1283   Thumb Code     0  startup_stm32f405xx.o(.text)
    EXTI2_IRQHandler                         0x080a1283   Thumb Code     0  startup_stm32f405xx.o(.text)
    EXTI3_IRQHandler                         0x080a1283   Thumb Code     0  startup_stm32f405xx.o(.text)
    EXTI4_IRQHandler                         0x080a1283   Thumb Code     0  startup_stm32f405xx.o(.text)
    EXTI9_5_IRQHandler                       0x080a1283   Thumb Code     0  startup_stm32f405xx.o(.text)
    FLASH_IRQHandler                         0x080a1283   Thumb Code     0  startup_stm32f405xx.o(.text)
    FMC_IRQHandler                           0x080a1283   Thumb Code     0  startup_stm32f405xx.o(.text)
    FPU_IRQHandler                           0x080a1283   Thumb Code     0  startup_stm32f405xx.o(.text)
    HASH_RNG_IRQHandler                      0x080a1283   Thumb Code     0  startup_stm32f405xx.o(.text)
    I2C1_ER_IRQHandler                       0x080a1283   Thumb Code     0  startup_stm32f405xx.o(.text)
    I2C1_EV_IRQHandler                       0x080a1283   Thumb Code     0  startup_stm32f405xx.o(.text)
    I2C2_ER_IRQHandler                       0x080a1283   Thumb Code     0  startup_stm32f405xx.o(.text)
    I2C2_EV_IRQHandler                       0x080a1283   Thumb Code     0  startup_stm32f405xx.o(.text)
    I2C3_ER_IRQHandler                       0x080a1283   Thumb Code     0  startup_stm32f405xx.o(.text)
    I2C3_EV_IRQHandler                       0x080a1283   Thumb Code     0  startup_stm32f405xx.o(.text)
    OTG_FS_IRQHandler                        0x080a1283   Thumb Code     0  startup_stm32f405xx.o(.text)
    OTG_FS_WKUP_IRQHandler                   0x080a1283   Thumb Code     0  startup_stm32f405xx.o(.text)
    OTG_HS_EP1_IN_IRQHandler                 0x080a1283   Thumb Code     0  startup_stm32f405xx.o(.text)
    OTG_HS_EP1_OUT_IRQHandler                0x080a1283   Thumb Code     0  startup_stm32f405xx.o(.text)
    OTG_HS_IRQHandler                        0x080a1283   Thumb Code     0  startup_stm32f405xx.o(.text)
    OTG_HS_WKUP_IRQHandler                   0x080a1283   Thumb Code     0  startup_stm32f405xx.o(.text)
    PVD_IRQHandler                           0x080a1283   Thumb Code     0  startup_stm32f405xx.o(.text)
    RCC_IRQHandler                           0x080a1283   Thumb Code     0  startup_stm32f405xx.o(.text)
    RTC_Alarm_IRQHandler                     0x080a1283   Thumb Code     0  startup_stm32f405xx.o(.text)
    RTC_WKUP_IRQHandler                      0x080a1283   Thumb Code     0  startup_stm32f405xx.o(.text)
    SDIO_IRQHandler                          0x080a1283   Thumb Code     0  startup_stm32f405xx.o(.text)
    SPI1_IRQHandler                          0x080a1283   Thumb Code     0  startup_stm32f405xx.o(.text)
    SPI2_IRQHandler                          0x080a1283   Thumb Code     0  startup_stm32f405xx.o(.text)
    SPI3_IRQHandler                          0x080a1283   Thumb Code     0  startup_stm32f405xx.o(.text)
    TAMP_STAMP_IRQHandler                    0x080a1283   Thumb Code     0  startup_stm32f405xx.o(.text)
    TIM1_BRK_TIM9_IRQHandler                 0x080a1283   Thumb Code     0  startup_stm32f405xx.o(.text)
    TIM1_CC_IRQHandler                       0x080a1283   Thumb Code     0  startup_stm32f405xx.o(.text)
    TIM1_TRG_COM_TIM11_IRQHandler            0x080a1283   Thumb Code     0  startup_stm32f405xx.o(.text)
    TIM1_UP_TIM10_IRQHandler                 0x080a1283   Thumb Code     0  startup_stm32f405xx.o(.text)
    TIM4_IRQHandler                          0x080a1283   Thumb Code     0  startup_stm32f405xx.o(.text)
    TIM6_DAC_IRQHandler                      0x080a1283   Thumb Code     0  startup_stm32f405xx.o(.text)
    TIM7_IRQHandler                          0x080a1283   Thumb Code     0  startup_stm32f405xx.o(.text)
    TIM8_BRK_TIM12_IRQHandler                0x080a1283   Thumb Code     0  startup_stm32f405xx.o(.text)
    TIM8_CC_IRQHandler                       0x080a1283   Thumb Code     0  startup_stm32f405xx.o(.text)
    TIM8_TRG_COM_TIM14_IRQHandler            0x080a1283   Thumb Code     0  startup_stm32f405xx.o(.text)
    TIM8_UP_TIM13_IRQHandler                 0x080a1283   Thumb Code     0  startup_stm32f405xx.o(.text)
    UART5_IRQHandler                         0x080a1283   Thumb Code     0  startup_stm32f405xx.o(.text)
    USART3_IRQHandler                        0x080a1283   Thumb Code     0  startup_stm32f405xx.o(.text)
    USART6_IRQHandler                        0x080a1283   Thumb Code     0  startup_stm32f405xx.o(.text)
    WWDG_IRQHandler                          0x080a1283   Thumb Code     0  startup_stm32f405xx.o(.text)
    __user_initial_stackheap                 0x080a1285   Thumb Code     0  startup_stm32f405xx.o(.text)
    __aeabi_uldivmod                         0x080a12a9   Thumb Code     0  lludivv7m.o(.text)
    _ll_udiv                                 0x080a12a9   Thumb Code   240  lludivv7m.o(.text)
    __aeabi_memcpy                           0x080a1399   Thumb Code     0  rt_memcpy_v6.o(.text)
    __rt_memcpy                              0x080a1399   Thumb Code   138  rt_memcpy_v6.o(.text)
    _memcpy_lastbytes                        0x080a13ff   Thumb Code     0  rt_memcpy_v6.o(.text)
    __aeabi_memcpy4                          0x080a1423   Thumb Code     0  rt_memcpy_w.o(.text)
    __aeabi_memcpy8                          0x080a1423   Thumb Code     0  rt_memcpy_w.o(.text)
    __rt_memcpy_w                            0x080a1423   Thumb Code   100  rt_memcpy_w.o(.text)
    _memcpy_lastbytes_aligned                0x080a146b   Thumb Code     0  rt_memcpy_w.o(.text)
    __use_two_region_memory                  0x080a1487   Thumb Code     2  heapauxi.o(.text)
    __rt_heap_escrow$2region                 0x080a1489   Thumb Code     2  heapauxi.o(.text)
    __rt_heap_expand$2region                 0x080a148b   Thumb Code     2  heapauxi.o(.text)
    __user_setup_stackheap                   0x080a148d   Thumb Code    74  sys_stackheap_outer.o(.text)
    exit                                     0x080a14d7   Thumb Code    18  exit.o(.text)
    __user_libspace                          0x080a14e9   Thumb Code     8  libspace.o(.text)
    __user_perproc_libspace                  0x080a14e9   Thumb Code     0  libspace.o(.text)
    __user_perthread_libspace                0x080a14e9   Thumb Code     0  libspace.o(.text)
    _sys_exit                                0x080a14f1   Thumb Code     8  sys_exit.o(.text)
    __I$use$semihosting                      0x080a14fd   Thumb Code     0  use_no_semi.o(.text)
    __use_no_semihosting_swi                 0x080a14fd   Thumb Code     2  use_no_semi.o(.text)
    __semihosting_library_function           0x080a14ff   Thumb Code     0  indicate_semi.o(.text)
    ADC_CurrentSampleCpl_Callback            0x080a1501   Thumb Code   216  int_ctrl.o(.text.ADC_CurrentSampleCpl_Callback)
    ADC_GetValue                             0x080a15d9   Thumb Code    76  adc.o(.text.ADC_GetValue)
    ADC_IRQHandler                           0x080a1625   Thumb Code    20  adc.o(.text.ADC_IRQHandler)
    ADC_Init                                 0x080a1639   Thumb Code   470  adc.o(.text.ADC_Init)
    Angle_IQ0_5                              0x080a1811   Thumb Code   138  anglemath.o(.text.Angle_IQ0_5)
    Angle_IQ0_IQ1                            0x080a189d   Thumb Code   130  anglemath.o(.text.Angle_IQ0_IQ1)
    Angle_IQ0_IQ1_Avg                        0x080a1921   Thumb Code    28  anglemath.o(.text.Angle_IQ0_IQ1_Avg)
    BootProcess                              0x080a193d   Thumb Code    14  hostprocess.o(.text.BootProcess)
    BusFault_Handler                         0x080a194d   Thumb Code     2  stm32f4xx_it.o(.text.BusFault_Handler)
    CAN1_RX0_IRQHandler                      0x080a1951   Thumb Code    22  can_host.o(.text.CAN1_RX0_IRQHandler)
    CanBusOff_Reset                          0x080a1969   Thumb Code   154  can_host.o(.text.CanBusOff_Reset)
    CanFBDataObtain                          0x080a1a05   Thumb Code   142  hostprocess.o(.text.CanFBDataObtain)
    CanTaskProcess                           0x080a1a95   Thumb Code   580  hostprocess.o(.text.CanTaskProcess)
    Can_Host_Config                          0x080a1cd9   Thumb Code   224  can_host.o(.text.Can_Host_Config)
    Can_Host_Receive                         0x080a1db9   Thumb Code   316  hostprocess.o(.text.Can_Host_Receive)
    Can_Host_receive_msg                     0x080a1ef5   Thumb Code    80  can_host.o(.text.Can_Host_receive_msg)
    Can_Host_send_msg                        0x080a1f45   Thumb Code   352  can_host.o(.text.Can_Host_send_msg)
    CoderTama_GetCode                        0x080a20a5   Thumb Code    12  codertama.o(.text.CoderTama_GetCode)
    CoderTama_Init                           0x080a20b1   Thumb Code   424  codertama.o(.text.CoderTama_Init)
    CoderTama_SendQuery                      0x080a2259   Thumb Code   172  codertama.o(.text.CoderTama_SendQuery)
    Current_Loop                             0x080a2305   Thumb Code   100  foc.o(.text.Current_Loop)
    DI_ReadAll                               0x080a2369   Thumb Code   138  dido.o(.text.DI_ReadAll)
    DMA1_Stream2_IRQHandler                  0x080a23f5   Thumb Code    54  codertama.o(.text.DMA1_Stream2_IRQHandler)
    DMA1_Stream4_IRQHandler                  0x080a242d   Thumb Code    18  codertama.o(.text.DMA1_Stream4_IRQHandler)
    DMA1_Stream5_IRQHandler                  0x080a2441   Thumb Code    64  uart.o(.text.DMA1_Stream5_IRQHandler)
    DMA1_Stream6_IRQHandler                  0x080a2481   Thumb Code    18  uart.o(.text.DMA1_Stream6_IRQHandler)
    DMA2_Stream0_IRQHandler                  0x080a2495   Thumb Code    18  adc.o(.text.DMA2_Stream0_IRQHandler)
    DMA2_Stream5_IRQHandler                  0x080a24a9   Thumb Code    42  reanglers485.o(.text.DMA2_Stream5_IRQHandler)
    DMA2_Stream7_IRQHandler                  0x080a24d5   Thumb Code    18  reanglers485.o(.text.DMA2_Stream7_IRQHandler)
    DO_WriteByIndex                          0x080a24e9   Thumb Code    28  dido.o(.text.DO_WriteByIndex)
    DataBaseInit                             0x080a2505   Thumb Code   490  databaseprocess.o(.text.DataBaseInit)
    DebugMon_Handler                         0x080a26f1   Thumb Code     2  stm32f4xx_it.o(.text.DebugMon_Handler)
    Dido_Init                                0x080a26f5   Thumb Code   198  dido.o(.text.Dido_Init)
    EEPROM_Read                              0x080a27bd   Thumb Code   166  eeprom.o(.text.EEPROM_Read)
    EEPROM_Write                             0x080a2865   Thumb Code   172  eeprom.o(.text.EEPROM_Write)
    Eeprom_Init                              0x080a2911   Thumb Code   128  eeprom.o(.text.Eeprom_Init)
    Encoder_PosClc                           0x080a2991   Thumb Code    90  motorinfo.o(.text.Encoder_PosClc)
    FLASH_WaitForLastOperation               0x080a29ed   Thumb Code   250  stm32f4xx_hal_flash.o(.text.FLASH_WaitForLastOperation)
    FOC_Core                                 0x080a2ae9   Thumb Code  1290  foc.o(.text.FOC_Core)
    FOC_PID_Init                             0x080a2ff5   Thumb Code   140  foc.o(.text.FOC_PID_Init)
    FaultClearProcess                        0x080a3081   Thumb Code   124  monitor.o(.text.FaultClearProcess)
    FaultNum_Get                             0x080a30fd   Thumb Code   320  monitor.o(.text.FaultNum_Get)
    Flash_HalfWordWrite                      0x080a323d   Thumb Code    84  stflash.o(.text.Flash_HalfWordWrite)
    Flash_WordWrite                          0x080a3291   Thumb Code    84  stflash.o(.text.Flash_WordWrite)
    GetReangleValue                          0x080a3399   Thumb Code    14  reanglers485.o(.text.GetReangleValue)
    HAL_CAN_AbortTxRequest                   0x080a33a9   Thumb Code    78  stm32f4xx_hal_can.o(.text.HAL_CAN_AbortTxRequest)
    HAL_CAN_ActivateNotification             0x080a33f9   Thumb Code    38  stm32f4xx_hal_can.o(.text.HAL_CAN_ActivateNotification)
    HAL_CAN_AddTxMessage                     0x080a3421   Thumb Code   164  stm32f4xx_hal_can.o(.text.HAL_CAN_AddTxMessage)
    HAL_CAN_ConfigFilter                     0x080a34c5   Thumb Code   222  stm32f4xx_hal_can.o(.text.HAL_CAN_ConfigFilter)
    HAL_CAN_ErrorCallback                    0x080a35a5   Thumb Code     2  stm32f4xx_hal_can.o(.text.HAL_CAN_ErrorCallback)
    HAL_CAN_GetRxFifoFillLevel               0x080a35a9   Thumb Code    32  stm32f4xx_hal_can.o(.text.HAL_CAN_GetRxFifoFillLevel)
    HAL_CAN_GetRxMessage                     0x080a35c9   Thumb Code   282  stm32f4xx_hal_can.o(.text.HAL_CAN_GetRxMessage)
    HAL_CAN_GetTxMailboxesFreeLevel          0x080a36e5   Thumb Code    40  stm32f4xx_hal_can.o(.text.HAL_CAN_GetTxMailboxesFreeLevel)
    HAL_CAN_IRQHandler                       0x080a370d   Thumb Code   578  stm32f4xx_hal_can.o(.text.HAL_CAN_IRQHandler)
    HAL_CAN_Init                             0x080a3951   Thumb Code   244  stm32f4xx_hal_can.o(.text.HAL_CAN_Init)
    HAL_CAN_MspInit                          0x080a3a45   Thumb Code   146  can_host.o(.text.HAL_CAN_MspInit)
    HAL_CAN_RxFifo0FullCallback              0x080a3ad9   Thumb Code     2  stm32f4xx_hal_can.o(.text.HAL_CAN_RxFifo0FullCallback)
    HAL_CAN_RxFifo0MsgPendingCallback        0x080a3add   Thumb Code     2  stm32f4xx_hal_can.o(.text.HAL_CAN_RxFifo0MsgPendingCallback)
    HAL_CAN_RxFifo1FullCallback              0x080a3ae1   Thumb Code     2  stm32f4xx_hal_can.o(.text.HAL_CAN_RxFifo1FullCallback)
    HAL_CAN_RxFifo1MsgPendingCallback        0x080a3ae5   Thumb Code     2  stm32f4xx_hal_can.o(.text.HAL_CAN_RxFifo1MsgPendingCallback)
    HAL_CAN_SleepCallback                    0x080a3ae9   Thumb Code     2  stm32f4xx_hal_can.o(.text.HAL_CAN_SleepCallback)
    HAL_CAN_Start                            0x080a3aed   Thumb Code    90  stm32f4xx_hal_can.o(.text.HAL_CAN_Start)
    HAL_CAN_TxMailbox0AbortCallback          0x080a3b49   Thumb Code     2  stm32f4xx_hal_can.o(.text.HAL_CAN_TxMailbox0AbortCallback)
    HAL_CAN_TxMailbox0CompleteCallback       0x080a3b4d   Thumb Code     2  stm32f4xx_hal_can.o(.text.HAL_CAN_TxMailbox0CompleteCallback)
    HAL_CAN_TxMailbox1AbortCallback          0x080a3b51   Thumb Code     2  stm32f4xx_hal_can.o(.text.HAL_CAN_TxMailbox1AbortCallback)
    HAL_CAN_TxMailbox1CompleteCallback       0x080a3b55   Thumb Code     2  stm32f4xx_hal_can.o(.text.HAL_CAN_TxMailbox1CompleteCallback)
    HAL_CAN_TxMailbox2AbortCallback          0x080a3b59   Thumb Code     2  stm32f4xx_hal_can.o(.text.HAL_CAN_TxMailbox2AbortCallback)
    HAL_CAN_TxMailbox2CompleteCallback       0x080a3b5d   Thumb Code     2  stm32f4xx_hal_can.o(.text.HAL_CAN_TxMailbox2CompleteCallback)
    HAL_CAN_WakeUpFromRxMsgCallback          0x080a3b61   Thumb Code     2  stm32f4xx_hal_can.o(.text.HAL_CAN_WakeUpFromRxMsgCallback)
    HAL_Delay                                0x080a3b65   Thumb Code    40  stm32f4xx_hal.o(.text.HAL_Delay)
    HAL_FLASH_Lock                           0x080a3b8d   Thumb Code    20  stm32f4xx_hal_flash.o(.text.HAL_FLASH_Lock)
    HAL_FLASH_Program                        0x080a3ba1   Thumb Code   264  stm32f4xx_hal_flash.o(.text.HAL_FLASH_Program)
    HAL_FLASH_Unlock                         0x080a3ca9   Thumb Code    46  stm32f4xx_hal_flash.o(.text.HAL_FLASH_Unlock)
    HAL_GPIO_Init                            0x080a3cd9   Thumb Code   408  stm32f4xx_hal_gpio.o(.text.HAL_GPIO_Init)
    HAL_GPIO_ReadPin                         0x080a3e71   Thumb Code    10  stm32f4xx_hal_gpio.o(.text.HAL_GPIO_ReadPin)
    HAL_GPIO_TogglePin                       0x080a3e7d   Thumb Code    14  stm32f4xx_hal_gpio.o(.text.HAL_GPIO_TogglePin)
    HAL_GPIO_WritePin                        0x080a3e8d   Thumb Code    10  stm32f4xx_hal_gpio.o(.text.HAL_GPIO_WritePin)
    HAL_GetREVID                             0x080a3e99   Thumb Code    14  stm32f4xx_hal.o(.text.HAL_GetREVID)
    HAL_GetTick                              0x080a3ea9   Thumb Code    12  stm32f4xx_hal.o(.text.HAL_GetTick)
    HAL_GetUIDw0                             0x080a3eb5   Thumb Code    12  stm32f4xx_hal.o(.text.HAL_GetUIDw0)
    HAL_IncTick                              0x080a3ec1   Thumb Code    26  stm32f4xx_hal.o(.text.HAL_IncTick)
    HAL_Init                                 0x080a3edd   Thumb Code    46  stm32f4xx_hal.o(.text.HAL_Init)
    HAL_InitTick                             0x080a3f0d   Thumb Code    80  stm32f4xx_hal.o(.text.HAL_InitTick)
    HAL_MspInit                              0x080a3f5d   Thumb Code     2  stm32f4xx_hal_msp.o(.text.HAL_MspInit)
    HAL_NVIC_EnableIRQ                       0x080a3f61   Thumb Code    32  stm32f4xx_hal_cortex.o(.text.HAL_NVIC_EnableIRQ)
    HAL_NVIC_SetPriority                     0x080a3f81   Thumb Code    86  stm32f4xx_hal_cortex.o(.text.HAL_NVIC_SetPriority)
    HAL_NVIC_SetPriorityGrouping             0x080a3fd9   Thumb Code    32  stm32f4xx_hal_cortex.o(.text.HAL_NVIC_SetPriorityGrouping)
    HAL_RCC_ClockConfig                      0x080a3ff9   Thumb Code   340  stm32f4xx_hal_rcc.o(.text.HAL_RCC_ClockConfig)
    HAL_RCC_GetSysClockFreq                  0x080a414d   Thumb Code   106  stm32f4xx_hal_rcc.o(.text.HAL_RCC_GetSysClockFreq)
    HAL_RCC_OscConfig                        0x080a41b9   Thumb Code   780  stm32f4xx_hal_rcc.o(.text.HAL_RCC_OscConfig)
    HAL_SYSTICK_Config                       0x080a44c5   Thumb Code    44  stm32f4xx_hal_cortex.o(.text.HAL_SYSTICK_Config)
    HardFault_Handler                        0x080a44f1   Thumb Code     2  stm32f4xx_it.o(.text.HardFault_Handler)
    HostState_Ctrl                           0x080a44f5   Thumb Code    78  hoststate_ctrl.o(.text.HostState_Ctrl)
    MemManage_Handler                        0x080a4b79   Thumb Code     2  stm32f4xx_it.o(.text.MemManage_Handler)
    Modbus_GetCRC16                          0x080a4b7d   Thumb Code   198  modbuscrc.o(.text.Modbus_GetCRC16)
    MonitorInit                              0x080a4c45   Thumb Code  1418  monitor.o(.text.MonitorInit)
    MonitorProcess                           0x080a51d1   Thumb Code   912  monitor.o(.text.MonitorProcess)
    MotorCmd_Ctrl                            0x080a5561   Thumb Code   658  motorcmd_ctrl.o(.text.MotorCmd_Ctrl)
    MotorInfo_EAngleCalc                     0x080a57f5   Thumb Code    60  motorinfo.o(.text.MotorInfo_EAngleCalc)
    MotorInfo_GetCurrent                     0x080a5831   Thumb Code   142  motorinfo.o(.text.MotorInfo_GetCurrent)
    MotorInfo_Init                           0x080a58c1   Thumb Code   556  motorinfo.o(.text.MotorInfo_Init)
    MotorInfo_OutSpdCalc                     0x080a5aed   Thumb Code   128  motorinfo.o(.text.MotorInfo_OutSpdCalc)
    MotorInfo_PosAbsCalc                     0x080a5b6d   Thumb Code    14  motorinfo.o(.text.MotorInfo_PosAbsCalc)
    MotorInfo_Pressure                       0x080a5b7d   Thumb Code    56  motorinfo.o(.text.MotorInfo_Pressure)
    MotorInfo_Torque                         0x080a5bb5   Thumb Code   126  motorinfo.o(.text.MotorInfo_Torque)
    NMI_Handler                              0x080a5c35   Thumb Code     2  stm32f4xx_it.o(.text.NMI_Handler)
    Param2Eeprom                             0x080a5c39   Thumb Code    82  databaseprocess.o(.text.Param2Eeprom)
    ParamRead_Write                          0x080a5c8d   Thumb Code   590  hostprocess.o(.text.ParamRead_Write)
    PendSV_Handler                           0x080a5edd   Thumb Code     2  stm32f4xx_it.o(.text.PendSV_Handler)
    Pos_Loop                                 0x080a5ee1   Thumb Code   100  foc.o(.text.Pos_Loop)
    ReangleRS485_Init                        0x080a6015   Thumb Code   506  reanglers485.o(.text.ReangleRS485_Init)
    ReangleRS485_Send_Process                0x080a6211   Thumb Code   106  reanglers485.o(.text.ReangleRS485_Send_Process)
    SVC_Handler                              0x080a627d   Thumb Code     2  stm32f4xx_it.o(.text.SVC_Handler)
    SVPWM                                    0x080a6281   Thumb Code   118  svpwm.o(.text.SVPWM)
    SensorCali_Ctrl                          0x080a62f9   Thumb Code   434  sensorcali_ctrl.o(.text.SensorCali_Ctrl)
    SetBoardUpdata_Fault                     0x080a64ad   Thumb Code    36  monitor.o(.text.SetBoardUpdata_Fault)
    SetDBVersion_Fault                       0x080a64d1   Thumb Code    34  monitor.o(.text.SetDBVersion_Fault)
    SetE2prom_Fault                          0x080a64f5   Thumb Code    34  monitor.o(.text.SetE2prom_Fault)
    SetVector                                0x080a6519   Thumb Code    86  foc.o(.text.SetVector)
    Set_BootSuccessFlg                       0x080a65d5   Thumb Code   116  hostprocess.o(.text.Set_BootSuccessFlg)
    SoftReset                                0x080a6649   Thumb Code    10  hostprocess.o(.text.SoftReset)
    Speed_Loop                               0x080a6655   Thumb Code   156  foc.o(.text.Speed_Loop)
    StoreVersion_Factory                     0x080a66f1   Thumb Code   100  hostprocess.o(.text.StoreVersion_Factory)
    StoreVersion_NewApp                      0x080a6755   Thumb Code   100  hostprocess.o(.text.StoreVersion_NewApp)
    SysTick_Handler                          0x080a67b9   Thumb Code     4  stm32f4xx_it.o(.text.SysTick_Handler)
    SystemInit                               0x080a67bd   Thumb Code    86  system_stm32f4xx.o(.text.SystemInit)
    TIM2_IRQHandler                          0x080a6815   Thumb Code    52  timerbase.o(.text.TIM2_IRQHandler)
    TIM3_IRQHandler                          0x080a6849   Thumb Code    70  timerbase.o(.text.TIM3_IRQHandler)
    TIM5_IRQHandler                          0x080a6891   Thumb Code    60  timerbase.o(.text.TIM5_IRQHandler)
    TIMER_PWM_Source_Init                    0x080a68cd   Thumb Code   104  timerbase.o(.text.TIMER_PWM_Source_Init)
    TimerBase1_GetTicks                      0x080a6a55   Thumb Code    12  timerbase.o(.text.TimerBase1_GetTicks)
    TimerBase1_Init                          0x080a6a61   Thumb Code    96  timerbase.o(.text.TimerBase1_Init)
    TimerBase1_Update_Callback               0x080a6ac1   Thumb Code   170  int_ctrl.o(.text.TimerBase1_Update_Callback)
    TimerBase2_GetTicks                      0x080a6b6d   Thumb Code    12  timerbase.o(.text.TimerBase2_GetTicks)
    TimerBase2_Init                          0x080a6b79   Thumb Code    94  timerbase.o(.text.TimerBase2_Init)
    TimerPWM_DutySet                         0x080a6bd9   Thumb Code   214  timerpwm.o(.text.TimerPWM_DutySet)
    TimerPWM_Init                            0x080a6cb1   Thumb Code   244  timerpwm.o(.text.TimerPWM_Init)
    TimerPWM_ModeSet                         0x080a6da5   Thumb Code   276  timerpwm.o(.text.TimerPWM_ModeSet)
    UART4_IRQHandler                         0x080a6eb9   Thumb Code   514  codertama.o(.text.UART4_IRQHandler)
    USART1_IRQHandler                        0x080a70bd   Thumb Code   346  reanglers485.o(.text.USART1_IRQHandler)
    USART2_IRQHandler                        0x080a7219   Thumb Code   118  uart.o(.text.USART2_IRQHandler)
    Uart_Init                                0x080a7291   Thumb Code   504  uart.o(.text.Uart_Init)
    Uart_Send                                0x080a7489   Thumb Code    98  uart.o(.text.Uart_Send)
    UsageFault_Handler                       0x080a74ed   Thumb Code     2  stm32f4xx_it.o(.text.UsageFault_Handler)
    main                                     0x080a7549   Thumb Code   886  main.o(.text.main)
    _IQ16atan2                               0x080a78c1   Thumb Code     0  IQNatan2.o(_IQ16atan2)
    _IQ16cosPU                               0x080a7995   Thumb Code     0  IQNcosPU.o(_IQ16cosPU)
    _IQ16div                                 0x080a7a15   Thumb Code     0  IQNdiv.o(_IQ16div)
    _IQ16mpy                                 0x080a7aa5   Thumb Code     0  IQNmpy.o(_IQ16mpy)
    _IQ16rmpy                                0x080a7ab5   Thumb Code     0  IQNrmpy.o(_IQ16rmpy)
    _IQ16sinPU                               0x080a7ac1   Thumb Code     0  IQNsinPU.o(_IQ16sinPU)
    atan2PU_table                            0x080a7b3c   Data           0  IQtables.o(atan2PU_table)
    div_table                                0x080a873c   Data           0  IQtables.o(div_table)
    sincos_table                             0x080a8f3c   Data           0  IQtables.o(sincos_table)
    __aeabi_d2iz                             0x080a9741   Thumb Code     0  dfix.o(x$fpl$dfix)
    _dfix                                    0x080a9741   Thumb Code    94  dfix.o(x$fpl$dfix)
    __aeabi_ui2d                             0x080a979f   Thumb Code     0  dflt_clz.o(x$fpl$dfltu)
    _dfltu                                   0x080a979f   Thumb Code    38  dflt_clz.o(x$fpl$dfltu)
    __aeabi_dmul                             0x080a97c5   Thumb Code     0  dmul.o(x$fpl$dmul)
    _dmul                                    0x080a97c5   Thumb Code   332  dmul.o(x$fpl$dmul)
    __fpl_dnaninf                            0x080a9919   Thumb Code   156  dnaninf.o(x$fpl$dnaninf)
    __fpl_dretinf                            0x080a99b5   Thumb Code    12  dretinf.o(x$fpl$dretinf)
    _fp_init                                 0x080a99c1   Thumb Code    26  fpinit.o(x$fpl$fpinit)
    __fplib_config_fpu_vfp                   0x080a99d9   Thumb Code     0  fpinit.o(x$fpl$fpinit)
    __fplib_config_pureend_doubles           0x080a99d9   Thumb Code     0  fpinit.o(x$fpl$fpinit)
    AHBPrescTable                            0x080a99da   Data          16  system_stm32f4xx.o(.rodata.AHBPrescTable)
    __I$use$fp                               0x080a99da   Number         0  usenofp.o(x$fpl$usenofp)
    Region$$Table$$Base                      0x080a9c6c   Number         0  anon$$obj.o(Region$$Table)
    Region$$Table$$Limit                     0x080a9c8c   Number         0  anon$$obj.o(Region$$Table)
    ADC_Port_List                            0x20000000   Data          40  adc.o(.data.ADC_Port_List)
    Can_HostBaudTab                          0x20000028   Data          80  can_host.o(.data.Can_HostBaudTab)
    FaultCheckEnable                         0x20000084   Data           4  monitor.o(.data.FaultCheckEnable)
    ParamHandle_Steer                        0x2000008c   Data         272  databaseprocess.o(.data.ParamHandle_Steer)
    SystemCoreClock                          0x2000019c   Data           4  system_stm32f4xx.o(.data.SystemCoreClock)
    WarnCheckEnable                          0x200001a0   Data           4  monitor.o(.data.WarnCheckEnable)
    g_psInputGPIOPort                        0x200001a4   Data          24  dido.o(.data.g_psInputGPIOPort)
    g_psOutputGPIOPort                       0x200001bc   Data           4  dido.o(.data.g_psOutputGPIOPort)
    iqMiddleValue                            0x200001c4   Data           4  monitor.o(.data.iqMiddleValue)
    iqWarnningValue                          0x200001c8   Data           4  monitor.o(.data.iqWarnningValue)
    pi_id                                    0x200001cc   Data          76  foc.o(.data.pi_id)
    pi_iq                                    0x20000218   Data          76  foc.o(.data.pi_iq)
    pi_pos                                   0x20000264   Data          76  foc.o(.data.pi_pos)
    pi_spd                                   0x200002b0   Data          76  foc.o(.data.pi_spd)
    s16CoderTama1Life                        0x200002fc   Data           2  monitor.o(.data.s16CoderTama1Life)
    s16CoderTama2Life                        0x200002fe   Data           2  monitor.o(.data.s16CoderTama2Life)
    s16CtrlLife                              0x20000300   Data           2  monitor.o(.data.s16CtrlLife)
    s16ReangleLife                           0x20000302   Data           2  monitor.o(.data.s16ReangleLife)
    uwTickFreq                               0x20000304   Data           1  stm32f4xx_hal.o(.data.uwTickFreq)
    uwTickPrio                               0x20000308   Data           4  stm32f4xx_hal.o(.data.uwTickPrio)
    __libspace_start                         0x20000310   Data          96  libspace.o(.bss)
    __temporary_stack_top$libspace           0x20000370   Data           0  libspace.o(.bss)
    BootRxHandle                             0x20000378   Data           8  hostprocess.o(.bss.BootRxHandle)
    Can_HostHandle                           0x20000384   Data          40  can_host.o(.bss.Can_HostHandle)
    Clark                                    0x200003ac   Data          20  foc.o(.bss.Clark)
    Encoder_Handle                           0x20000454   Data          20  motorinfo.o(.bss.Encoder_Handle)
    FocCnt                                   0x20000470   Data           4  foc.o(.bss.FocCnt)
    Foc_EN_Flag                              0x20000474   Data           1  monitor.o(.bss.Foc_EN_Flag)
    IapAppFlag                               0x20000476   Data           2  hostprocess.o(.bss.IapAppFlag)
    Ipark                                    0x20000478   Data          28  foc.o(.bss.Ipark)
    OuTPos                                   0x200004bc   Data           4  motorinfo.o(.bss.OuTPos)
    Park                                     0x200004c0   Data          28  foc.o(.bss.Park)
    Reangle_Value                            0x200004dc   Data           4  reanglers485.o(.bss.Reangle_Value)
    RegReal_BoardState1                      0x200004e0   Data           8  hostprocess.o(.bss.RegReal_BoardState1)
    RegReal_BoardState2                      0x200004e8   Data           8  hostprocess.o(.bss.RegReal_BoardState2)
    RegReal_BoardState3                      0x200004f0   Data           8  hostprocess.o(.bss.RegReal_BoardState3)
    RegReal_FaultClearCmd                    0x200004f8   Data           8  hostprocess.o(.bss.RegReal_FaultClearCmd)
    RegReal_FaultClearFB                     0x20000500   Data           8  hostprocess.o(.bss.RegReal_FaultClearFB)
    RegReal_FaultCodeFB                      0x20000508   Data           8  hostprocess.o(.bss.RegReal_FaultCodeFB)
    RegReal_HeartCmd                         0x20000510   Data           8  hostprocess.o(.bss.RegReal_HeartCmd)
    RegReal_HeartFB                          0x20000518   Data           8  hostprocess.o(.bss.RegReal_HeartFB)
    RegReal_ParamManageCmd                   0x20000520   Data           8  hostprocess.o(.bss.RegReal_ParamManageCmd)
    RegReal_ParamManageFB                    0x20000528   Data           8  hostprocess.o(.bss.RegReal_ParamManageFB)
    RegReal_PosCtrlCmd                       0x20000530   Data           8  hostprocess.o(.bss.RegReal_PosCtrlCmd)
    RegReal_PosCtrlFB                        0x20000538   Data           8  hostprocess.o(.bss.RegReal_PosCtrlFB)
    RegReal_ResetCmd                         0x20000540   Data           8  hostprocess.o(.bss.RegReal_ResetCmd)
    RegReal_ResetFB                          0x20000548   Data           8  hostprocess.o(.bss.RegReal_ResetFB)
    RegReal_SensorCaliCmd                    0x20000550   Data           8  hostprocess.o(.bss.RegReal_SensorCaliCmd)
    RegReal_SensorCaliFB                     0x20000558   Data           8  hostprocess.o(.bss.RegReal_SensorCaliFB)
    RegReal_SensorDataFB                     0x20000560   Data           8  hostprocess.o(.bss.RegReal_SensorDataFB)
    Rx_frame                                 0x20000568   Data          16  hostprocess.o(.bss.Rx_frame)
    SVPWMStruct                              0x20000578   Data          40  svpwm.o(.bss.SVPWMStruct)
    SensorCaliFB                             0x200005a0   Data           8  sensorcali_ctrl.o(.bss.SensorCaliFB)
    SensorCali_Handle                        0x200005ae   Data           4  sensorcali_ctrl.o(.bss.SensorCali_Handle)
    TXBuf                                    0x200005b8   Data           8  foc.o(.bss.TXBuf)
    TX_1                                     0x200005c0   Data           4  can_host.o(.bss.TX_1)
    TX_2                                     0x200005c4   Data           4  can_host.o(.bss.TX_2)
    TX_3                                     0x200005c8   Data           4  can_host.o(.bss.TX_3)
    TimeoutCnt                               0x200005d0   Data           4  hostprocess.o(.bss.TimeoutCnt)
    Tx_frame                                 0x200005d4   Data          16  hostprocess.o(.bss.Tx_frame)
    WheelAngleHandle1                        0x200005e8   Data          28  codertama.o(.bss.WheelAngleHandle1)
    WriteCnt                                 0x20000604   Data           1  hostprocess.o(.bss.WriteCnt)
    XORTest1                                 0x20000605   Data           1  reanglers485.o(.bss.XORTest1)
    XORTest2                                 0x20000606   Data           1  reanglers485.o(.bss.XORTest2)
    _iqAngleTem                              0x2000060c   Data           4  codertama.o(.bss._iqAngleTem)
    flaerr                                   0x20000610   Data           1  hostprocess.o(.bss.flaerr)
    g_sMotorCmd                              0x20000c18   Data          20  motorcmd_ctrl.o(.bss.g_sMotorCmd)
    g_sMotor_Info                            0x20000c2c   Data          68  motorinfo.o(.bss.g_sMotor_Info)
    g_u16AdcData                             0x20000c70   Data          14  adc.o(.bss.g_u16AdcData)
    g_u16FultClearStep                       0x20000c7e   Data           2  hostprocess.o(.bss.g_u16FultClearStep)
    g_u16HeartStep                           0x20000c80   Data           2  hostprocess.o(.bss.g_u16HeartStep)
    g_u16ParamStep                           0x20000c82   Data           2  hostprocess.o(.bss.g_u16ParamStep)
    g_u16ResetStep                           0x20000c84   Data           2  hostprocess.o(.bss.g_u16ResetStep)
    g_u16SensorCaliStep                      0x20000c86   Data           2  hostprocess.o(.bss.g_u16SensorCaliStep)
    g_u32FaultNum                            0x20000c88   Data           4  monitor.o(.bss.g_u32FaultNum)
    g_u32WarningNum                          0x20000c98   Data           4  monitor.o(.bss.g_u32WarningNum)
    iqCoderErr                               0x20000ca0   Data           4  monitor.o(.bss.iqCoderErr)
    iqNewSpdRPM                              0x20000ca4   Data           4  motorinfo.o(.bss.iqNewSpdRPM)
    iqNowAddPos                              0x20000ca8   Data           4  motorinfo.o(.bss.iqNowAddPos)
    iqOffset_CurA                            0x20000cac   Data           4  motorinfo.o(.bss.iqOffset_CurA)
    iqOffset_CurB                            0x20000cb0   Data           4  motorinfo.o(.bss.iqOffset_CurB)
    iqOffset_CurC                            0x20000cb4   Data           4  motorinfo.o(.bss.iqOffset_CurC)
    m_eHostComState                          0x20000cb8   Data           1  hoststate_ctrl.o(.bss.m_eHostComState)
    pFlash                                   0x20000cc0   Data          32  stm32f4xx_hal_flash.o(.bss.pFlash)
    sTeles_Ctrl                              0x20000ce0   Data          12  foc.o(.bss.sTeles_Ctrl)
    u16Cnt_Left                              0x20000cec   Data           2  monitor.o(.bss.u16Cnt_Left)
    u16Cnt_Right                             0x20000cee   Data           2  monitor.o(.bss.u16Cnt_Right)
    u16PosCtrlFB_DelayCnt                    0x20000cf0   Data           2  hostprocess.o(.bss.u16PosCtrlFB_DelayCnt)
    u16PosCtrlFB_LastSN                      0x20000cf2   Data           2  hostprocess.o(.bss.u16PosCtrlFB_LastSN)
    u16StopFlag                              0x20000cf4   Data           2  motorcmd_ctrl.o(.bss.u16StopFlag)
    u32Can1RsetTimes                         0x20000cf8   Data           4  can_host.o(.bss.u32Can1RsetTimes)
    u32RXCnt1                                0x20000cfc   Data           4  reanglers485.o(.bss.u32RXCnt1)
    u32RXCnt2                                0x20000d00   Data           4  reanglers485.o(.bss.u32RXCnt2)
    u8Standby_Flag                           0x20000d0d   Data           1  main.o(.bss.u8Standby_Flag)
    u8Tick1kHz_Flag                          0x20000d0e   Data           1  timerbase.o(.bss.u8Tick1kHz_Flag)
    u8VoltOverCnt                            0x20000d0f   Data           1  monitor.o(.bss.u8VoltOverCnt)
    uwTick                                   0x20000d10   Data           4  stm32f4xx_hal.o(.bss.uwTick)



==============================================================================

Memory Map of the image

  Image Entry point : 0x080a1189

  Load Region LR_IROM1 (Base: 0x080a1000, Size: 0x00008fa0, Max: 0x00100000, ABSOLUTE, COMPRESSED[0x00008da8])

    Execution Region ER_IROM1 (Exec base: 0x080a1000, Load base: 0x080a1000, Size: 0x00008c8c, Max: 0x00100000, ABSOLUTE)

    Exec Addr    Load Addr    Size         Type   Attr      Idx    E Section Name        Object

    0x080a1000   0x080a1000   0x00000188   Data   RO          615    RESET               startup_stm32f405xx.o
    0x080a1188   0x080a1188   0x00000008   Code   RO         3533  * !!!main             c_w.l(__main.o)
    0x080a1190   0x080a1190   0x00000034   Code   RO         3900    !!!scatter          c_w.l(__scatter.o)
    0x080a11c4   0x080a11c4   0x0000005a   Code   RO         3898    !!dczerorl2         c_w.l(__dczerorl2.o)
    0x080a121e   0x080a121e   0x00000002   PAD
    0x080a1220   0x080a1220   0x0000001c   Code   RO         3902    !!handler_zi        c_w.l(__scatter_zi.o)
    0x080a123c   0x080a123c   0x00000002   Code   RO         3749    .ARM.Collect$$libinit$$00000000  c_w.l(libinit.o)
    0x080a123e   0x080a123e   0x00000004   Code   RO         3772    .ARM.Collect$$libinit$$00000001  c_w.l(libinit2.o)
    0x080a1242   0x080a1242   0x00000000   Code   RO         3775    .ARM.Collect$$libinit$$00000004  c_w.l(libinit2.o)
    0x080a1242   0x080a1242   0x00000000   Code   RO         3778    .ARM.Collect$$libinit$$0000000A  c_w.l(libinit2.o)
    0x080a1242   0x080a1242   0x00000000   Code   RO         3780    .ARM.Collect$$libinit$$0000000C  c_w.l(libinit2.o)
    0x080a1242   0x080a1242   0x00000000   Code   RO         3782    .ARM.Collect$$libinit$$0000000E  c_w.l(libinit2.o)
    0x080a1242   0x080a1242   0x00000000   Code   RO         3785    .ARM.Collect$$libinit$$00000011  c_w.l(libinit2.o)
    0x080a1242   0x080a1242   0x00000000   Code   RO         3787    .ARM.Collect$$libinit$$00000013  c_w.l(libinit2.o)
    0x080a1242   0x080a1242   0x00000000   Code   RO         3789    .ARM.Collect$$libinit$$00000015  c_w.l(libinit2.o)
    0x080a1242   0x080a1242   0x00000000   Code   RO         3791    .ARM.Collect$$libinit$$00000017  c_w.l(libinit2.o)
    0x080a1242   0x080a1242   0x00000000   Code   RO         3793    .ARM.Collect$$libinit$$00000019  c_w.l(libinit2.o)
    0x080a1242   0x080a1242   0x00000000   Code   RO         3795    .ARM.Collect$$libinit$$0000001B  c_w.l(libinit2.o)
    0x080a1242   0x080a1242   0x00000000   Code   RO         3797    .ARM.Collect$$libinit$$0000001D  c_w.l(libinit2.o)
    0x080a1242   0x080a1242   0x00000000   Code   RO         3799    .ARM.Collect$$libinit$$0000001F  c_w.l(libinit2.o)
    0x080a1242   0x080a1242   0x00000000   Code   RO         3801    .ARM.Collect$$libinit$$00000021  c_w.l(libinit2.o)
    0x080a1242   0x080a1242   0x00000000   Code   RO         3803    .ARM.Collect$$libinit$$00000023  c_w.l(libinit2.o)
    0x080a1242   0x080a1242   0x00000000   Code   RO         3805    .ARM.Collect$$libinit$$00000025  c_w.l(libinit2.o)
    0x080a1242   0x080a1242   0x00000000   Code   RO         3809    .ARM.Collect$$libinit$$0000002C  c_w.l(libinit2.o)
    0x080a1242   0x080a1242   0x00000000   Code   RO         3811    .ARM.Collect$$libinit$$0000002E  c_w.l(libinit2.o)
    0x080a1242   0x080a1242   0x00000000   Code   RO         3813    .ARM.Collect$$libinit$$00000030  c_w.l(libinit2.o)
    0x080a1242   0x080a1242   0x00000000   Code   RO         3815    .ARM.Collect$$libinit$$00000032  c_w.l(libinit2.o)
    0x080a1242   0x080a1242   0x00000002   Code   RO         3816    .ARM.Collect$$libinit$$00000033  c_w.l(libinit2.o)
    0x080a1244   0x080a1244   0x00000002   Code   RO         3853    .ARM.Collect$$libshutdown$$00000000  c_w.l(libshutdown.o)
    0x080a1246   0x080a1246   0x00000000   Code   RO         3881    .ARM.Collect$$libshutdown$$00000002  c_w.l(libshutdown2.o)
    0x080a1246   0x080a1246   0x00000000   Code   RO         3883    .ARM.Collect$$libshutdown$$00000004  c_w.l(libshutdown2.o)
    0x080a1246   0x080a1246   0x00000000   Code   RO         3886    .ARM.Collect$$libshutdown$$00000007  c_w.l(libshutdown2.o)
    0x080a1246   0x080a1246   0x00000000   Code   RO         3889    .ARM.Collect$$libshutdown$$0000000A  c_w.l(libshutdown2.o)
    0x080a1246   0x080a1246   0x00000000   Code   RO         3891    .ARM.Collect$$libshutdown$$0000000C  c_w.l(libshutdown2.o)
    0x080a1246   0x080a1246   0x00000000   Code   RO         3894    .ARM.Collect$$libshutdown$$0000000F  c_w.l(libshutdown2.o)
    0x080a1246   0x080a1246   0x00000002   Code   RO         3895    .ARM.Collect$$libshutdown$$00000010  c_w.l(libshutdown2.o)
    0x080a1248   0x080a1248   0x00000000   Code   RO         3551    .ARM.Collect$$rtentry$$00000000  c_w.l(__rtentry.o)
    0x080a1248   0x080a1248   0x00000000   Code   RO         3661    .ARM.Collect$$rtentry$$00000002  c_w.l(__rtentry2.o)
    0x080a1248   0x080a1248   0x00000006   Code   RO         3673    .ARM.Collect$$rtentry$$00000004  c_w.l(__rtentry4.o)
    0x080a124e   0x080a124e   0x00000000   Code   RO         3663    .ARM.Collect$$rtentry$$00000009  c_w.l(__rtentry2.o)
    0x080a124e   0x080a124e   0x00000004   Code   RO         3664    .ARM.Collect$$rtentry$$0000000A  c_w.l(__rtentry2.o)
    0x080a1252   0x080a1252   0x00000000   Code   RO         3666    .ARM.Collect$$rtentry$$0000000C  c_w.l(__rtentry2.o)
    0x080a1252   0x080a1252   0x00000008   Code   RO         3667    .ARM.Collect$$rtentry$$0000000D  c_w.l(__rtentry2.o)
    0x080a125a   0x080a125a   0x00000002   Code   RO         3757    .ARM.Collect$$rtexit$$00000000  c_w.l(rtexit.o)
    0x080a125c   0x080a125c   0x00000000   Code   RO         3822    .ARM.Collect$$rtexit$$00000002  c_w.l(rtexit2.o)
    0x080a125c   0x080a125c   0x00000004   Code   RO         3823    .ARM.Collect$$rtexit$$00000003  c_w.l(rtexit2.o)
    0x080a1260   0x080a1260   0x00000006   Code   RO         3824    .ARM.Collect$$rtexit$$00000004  c_w.l(rtexit2.o)
    0x080a1266   0x080a1266   0x00000002   PAD
    0x080a1268   0x080a1268   0x00000040   Code   RO          616    .text               startup_stm32f405xx.o
    0x080a12a8   0x080a12a8   0x000000f0   Code   RO         3523    .text               c_w.l(lludivv7m.o)
    0x080a1398   0x080a1398   0x0000008a   Code   RO         3527    .text               c_w.l(rt_memcpy_v6.o)
    0x080a1422   0x080a1422   0x00000064   Code   RO         3529    .text               c_w.l(rt_memcpy_w.o)
    0x080a1486   0x080a1486   0x00000006   Code   RO         3531    .text               c_w.l(heapauxi.o)
    0x080a148c   0x080a148c   0x0000004a   Code   RO         3697    .text               c_w.l(sys_stackheap_outer.o)
    0x080a14d6   0x080a14d6   0x00000012   Code   RO         3738    .text               c_w.l(exit.o)
    0x080a14e8   0x080a14e8   0x00000008   Code   RO         3754    .text               c_w.l(libspace.o)
    0x080a14f0   0x080a14f0   0x0000000c   Code   RO         3817    .text               c_w.l(sys_exit.o)
    0x080a14fc   0x080a14fc   0x00000002   Code   RO         3842    .text               c_w.l(use_no_semi.o)
    0x080a14fe   0x080a14fe   0x00000000   Code   RO         3844    .text               c_w.l(indicate_semi.o)
    0x080a14fe   0x080a14fe   0x00000002   PAD
    0x080a1500   0x080a1500   0x000000d8   Code   RO           20    .text.ADC_CurrentSampleCpl_Callback  int_ctrl.o
    0x080a15d8   0x080a15d8   0x0000004c   Code   RO          391    .text.ADC_GetValue  adc.o
    0x080a1624   0x080a1624   0x00000014   Code   RO          385    .text.ADC_IRQHandler  adc.o
    0x080a1638   0x080a1638   0x000001d6   Code   RO          383    .text.ADC_Init      adc.o
    0x080a180e   0x080a180e   0x00000002   PAD
    0x080a1810   0x080a1810   0x0000008a   Code   RO          491    .text.Angle_IQ0_5   anglemath.o
    0x080a189a   0x080a189a   0x00000002   PAD
    0x080a189c   0x080a189c   0x00000082   Code   RO          493    .text.Angle_IQ0_IQ1  anglemath.o
    0x080a191e   0x080a191e   0x00000002   PAD
    0x080a1920   0x080a1920   0x0000001c   Code   RO          495    .text.Angle_IQ0_IQ1_Avg  anglemath.o
    0x080a193c   0x080a193c   0x0000000e   Code   RO          130    .text.BootProcess   hostprocess.o
    0x080a194a   0x080a194a   0x00000002   PAD
    0x080a194c   0x080a194c   0x00000002   Code   RO          640    .text.BusFault_Handler  stm32f4xx_it.o
    0x080a194e   0x080a194e   0x00000002   PAD
    0x080a1950   0x080a1950   0x00000016   Code   RO          420    .text.CAN1_RX0_IRQHandler  can_host.o
    0x080a1966   0x080a1966   0x00000002   PAD
    0x080a1968   0x080a1968   0x0000009a   Code   RO          426    .text.CanBusOff_Reset  can_host.o
    0x080a1a02   0x080a1a02   0x00000002   PAD
    0x080a1a04   0x080a1a04   0x0000008e   Code   RO          122    .text.CanFBDataObtain  hostprocess.o
    0x080a1a92   0x080a1a92   0x00000002   PAD
    0x080a1a94   0x080a1a94   0x00000244   Code   RO          120    .text.CanTaskProcess  hostprocess.o
    0x080a1cd8   0x080a1cd8   0x000000e0   Code   RO          416    .text.Can_Host_Config  can_host.o
    0x080a1db8   0x080a1db8   0x0000013c   Code   RO          124    .text.Can_Host_Receive  hostprocess.o
    0x080a1ef4   0x080a1ef4   0x00000050   Code   RO          424    .text.Can_Host_receive_msg  can_host.o
    0x080a1f44   0x080a1f44   0x00000160   Code   RO          422    .text.Can_Host_send_msg  can_host.o
    0x080a20a4   0x080a20a4   0x0000000c   Code   RO          563    .text.CoderTama_GetCode  codertama.o
    0x080a20b0   0x080a20b0   0x000001a8   Code   RO          559    .text.CoderTama_Init  codertama.o
    0x080a2258   0x080a2258   0x000000ac   Code   RO          561    .text.CoderTama_SendQuery  codertama.o
    0x080a2304   0x080a2304   0x00000064   Code   RO          258    .text.Current_Loop  foc.o
    0x080a2368   0x080a2368   0x0000008a   Code   RO          594    .text.DI_ReadAll    dido.o
    0x080a23f2   0x080a23f2   0x00000002   PAD
    0x080a23f4   0x080a23f4   0x00000036   Code   RO          569    .text.DMA1_Stream2_IRQHandler  codertama.o
    0x080a242a   0x080a242a   0x00000002   PAD
    0x080a242c   0x080a242c   0x00000012   Code   RO          571    .text.DMA1_Stream4_IRQHandler  codertama.o
    0x080a243e   0x080a243e   0x00000002   PAD
    0x080a2440   0x080a2440   0x00000040   Code   RO          448    .text.DMA1_Stream5_IRQHandler  uart.o
    0x080a2480   0x080a2480   0x00000012   Code   RO          450    .text.DMA1_Stream6_IRQHandler  uart.o
    0x080a2492   0x080a2492   0x00000002   PAD
    0x080a2494   0x080a2494   0x00000012   Code   RO          389    .text.DMA2_Stream0_IRQHandler  adc.o
    0x080a24a6   0x080a24a6   0x00000002   PAD
    0x080a24a8   0x080a24a8   0x0000002a   Code   RO          535    .text.DMA2_Stream5_IRQHandler  reanglers485.o
    0x080a24d2   0x080a24d2   0x00000002   PAD
    0x080a24d4   0x080a24d4   0x00000012   Code   RO          537    .text.DMA2_Stream7_IRQHandler  reanglers485.o
    0x080a24e6   0x080a24e6   0x00000002   PAD
    0x080a24e8   0x080a24e8   0x0000001c   Code   RO          596    .text.DO_WriteByIndex  dido.o
    0x080a2504   0x080a2504   0x000001ea   Code   RO          183    .text.DataBaseInit  databaseprocess.o
    0x080a26ee   0x080a26ee   0x00000002   PAD
    0x080a26f0   0x080a26f0   0x00000002   Code   RO          646    .text.DebugMon_Handler  stm32f4xx_it.o
    0x080a26f2   0x080a26f2   0x00000002   PAD
    0x080a26f4   0x080a26f4   0x000000c6   Code   RO          590    .text.Dido_Init     dido.o
    0x080a27ba   0x080a27ba   0x00000002   PAD
    0x080a27bc   0x080a27bc   0x000000a6   Code   RO          511    .text.EEPROM_Read   eeprom.o
    0x080a2862   0x080a2862   0x00000002   PAD
    0x080a2864   0x080a2864   0x000000ac   Code   RO          507    .text.EEPROM_Write  eeprom.o
    0x080a2910   0x080a2910   0x00000080   Code   RO          505    .text.Eeprom_Init   eeprom.o
    0x080a2990   0x080a2990   0x0000005a   Code   RO          304    .text.Encoder_PosClc  motorinfo.o
    0x080a29ea   0x080a29ea   0x00000002   PAD
    0x080a29ec   0x080a29ec   0x000000fa   Code   RO         1147    .text.FLASH_WaitForLastOperation  stm32f4xx_hal_flash.o
    0x080a2ae6   0x080a2ae6   0x00000002   PAD
    0x080a2ae8   0x080a2ae8   0x0000050a   Code   RO          264    .text.FOC_Core      foc.o
    0x080a2ff2   0x080a2ff2   0x00000002   PAD
    0x080a2ff4   0x080a2ff4   0x0000008c   Code   RO          250    .text.FOC_PID_Init  foc.o
    0x080a3080   0x080a3080   0x0000007c   Code   RO           86    .text.FaultClearProcess  monitor.o
    0x080a30fc   0x080a30fc   0x00000140   Code   RO           72    .text.FaultNum_Get  monitor.o
    0x080a323c   0x080a323c   0x00000054   Code   RO          471    .text.Flash_HalfWordWrite  stflash.o
    0x080a3290   0x080a3290   0x00000054   Code   RO          469    .text.Flash_WordWrite  stflash.o
    0x080a32e4   0x080a32e4   0x000000b4   Code   RO           88    .text.GetCoderAngle  monitor.o
    0x080a3398   0x080a3398   0x0000000e   Code   RO          531    .text.GetReangleValue  reanglers485.o
    0x080a33a6   0x080a33a6   0x00000002   PAD
    0x080a33a8   0x080a33a8   0x0000004e   Code   RO          857    .text.HAL_CAN_AbortTxRequest  stm32f4xx_hal_can.o
    0x080a33f6   0x080a33f6   0x00000002   PAD
    0x080a33f8   0x080a33f8   0x00000026   Code   RO          869    .text.HAL_CAN_ActivateNotification  stm32f4xx_hal_can.o
    0x080a341e   0x080a341e   0x00000002   PAD
    0x080a3420   0x080a3420   0x000000a4   Code   RO          855    .text.HAL_CAN_AddTxMessage  stm32f4xx_hal_can.o
    0x080a34c4   0x080a34c4   0x000000de   Code   RO          845    .text.HAL_CAN_ConfigFilter  stm32f4xx_hal_can.o
    0x080a35a2   0x080a35a2   0x00000002   PAD
    0x080a35a4   0x080a35a4   0x00000002   Code   RO          899    .text.HAL_CAN_ErrorCallback  stm32f4xx_hal_can.o
    0x080a35a6   0x080a35a6   0x00000002   PAD
    0x080a35a8   0x080a35a8   0x00000020   Code   RO          867    .text.HAL_CAN_GetRxFifoFillLevel  stm32f4xx_hal_can.o
    0x080a35c8   0x080a35c8   0x0000011a   Code   RO          865    .text.HAL_CAN_GetRxMessage  stm32f4xx_hal_can.o
    0x080a36e2   0x080a36e2   0x00000002   PAD
    0x080a36e4   0x080a36e4   0x00000028   Code   RO          859    .text.HAL_CAN_GetTxMailboxesFreeLevel  stm32f4xx_hal_can.o
    0x080a370c   0x080a370c   0x00000242   Code   RO          873    .text.HAL_CAN_IRQHandler  stm32f4xx_hal_can.o
    0x080a394e   0x080a394e   0x00000002   PAD
    0x080a3950   0x080a3950   0x000000f4   Code   RO          835    .text.HAL_CAN_Init  stm32f4xx_hal_can.o
    0x080a3a44   0x080a3a44   0x00000092   Code   RO          418    .text.HAL_CAN_MspInit  can_host.o
    0x080a3ad6   0x080a3ad6   0x00000002   PAD
    0x080a3ad8   0x080a3ad8   0x00000002   Code   RO          887    .text.HAL_CAN_RxFifo0FullCallback  stm32f4xx_hal_can.o
    0x080a3ada   0x080a3ada   0x00000002   PAD
    0x080a3adc   0x080a3adc   0x00000002   Code   RO          889    .text.HAL_CAN_RxFifo0MsgPendingCallback  stm32f4xx_hal_can.o
    0x080a3ade   0x080a3ade   0x00000002   PAD
    0x080a3ae0   0x080a3ae0   0x00000002   Code   RO          891    .text.HAL_CAN_RxFifo1FullCallback  stm32f4xx_hal_can.o
    0x080a3ae2   0x080a3ae2   0x00000002   PAD
    0x080a3ae4   0x080a3ae4   0x00000002   Code   RO          893    .text.HAL_CAN_RxFifo1MsgPendingCallback  stm32f4xx_hal_can.o
    0x080a3ae6   0x080a3ae6   0x00000002   PAD
    0x080a3ae8   0x080a3ae8   0x00000002   Code   RO          895    .text.HAL_CAN_SleepCallback  stm32f4xx_hal_can.o
    0x080a3aea   0x080a3aea   0x00000002   PAD
    0x080a3aec   0x080a3aec   0x0000005a   Code   RO          847    .text.HAL_CAN_Start  stm32f4xx_hal_can.o
    0x080a3b46   0x080a3b46   0x00000002   PAD
    0x080a3b48   0x080a3b48   0x00000002   Code   RO          877    .text.HAL_CAN_TxMailbox0AbortCallback  stm32f4xx_hal_can.o
    0x080a3b4a   0x080a3b4a   0x00000002   PAD
    0x080a3b4c   0x080a3b4c   0x00000002   Code   RO          875    .text.HAL_CAN_TxMailbox0CompleteCallback  stm32f4xx_hal_can.o
    0x080a3b4e   0x080a3b4e   0x00000002   PAD
    0x080a3b50   0x080a3b50   0x00000002   Code   RO          881    .text.HAL_CAN_TxMailbox1AbortCallback  stm32f4xx_hal_can.o
    0x080a3b52   0x080a3b52   0x00000002   PAD
    0x080a3b54   0x080a3b54   0x00000002   Code   RO          879    .text.HAL_CAN_TxMailbox1CompleteCallback  stm32f4xx_hal_can.o
    0x080a3b56   0x080a3b56   0x00000002   PAD
    0x080a3b58   0x080a3b58   0x00000002   Code   RO          885    .text.HAL_CAN_TxMailbox2AbortCallback  stm32f4xx_hal_can.o
    0x080a3b5a   0x080a3b5a   0x00000002   PAD
    0x080a3b5c   0x080a3b5c   0x00000002   Code   RO          883    .text.HAL_CAN_TxMailbox2CompleteCallback  stm32f4xx_hal_can.o
    0x080a3b5e   0x080a3b5e   0x00000002   PAD
    0x080a3b60   0x080a3b60   0x00000002   Code   RO          897    .text.HAL_CAN_WakeUpFromRxMsgCallback  stm32f4xx_hal_can.o
    0x080a3b62   0x080a3b62   0x00000002   PAD
    0x080a3b64   0x080a3b64   0x00000028   Code   RO          694    .text.HAL_Delay     stm32f4xx_hal.o
    0x080a3b8c   0x080a3b8c   0x00000014   Code   RO         1159    .text.HAL_FLASH_Lock  stm32f4xx_hal_flash.o
    0x080a3ba0   0x080a3ba0   0x00000108   Code   RO         1145    .text.HAL_FLASH_Program  stm32f4xx_hal_flash.o
    0x080a3ca8   0x080a3ca8   0x0000002e   Code   RO         1157    .text.HAL_FLASH_Unlock  stm32f4xx_hal_flash.o
    0x080a3cd6   0x080a3cd6   0x00000002   PAD
    0x080a3cd8   0x080a3cd8   0x00000198   Code   RO         1201    .text.HAL_GPIO_Init  stm32f4xx_hal_gpio.o
    0x080a3e70   0x080a3e70   0x0000000a   Code   RO         1205    .text.HAL_GPIO_ReadPin  stm32f4xx_hal_gpio.o
    0x080a3e7a   0x080a3e7a   0x00000002   PAD
    0x080a3e7c   0x080a3e7c   0x0000000e   Code   RO         1209    .text.HAL_GPIO_TogglePin  stm32f4xx_hal_gpio.o
    0x080a3e8a   0x080a3e8a   0x00000002   PAD
    0x080a3e8c   0x080a3e8c   0x0000000a   Code   RO         1207    .text.HAL_GPIO_WritePin  stm32f4xx_hal_gpio.o
    0x080a3e96   0x080a3e96   0x00000002   PAD
    0x080a3e98   0x080a3e98   0x0000000e   Code   RO          702    .text.HAL_GetREVID  stm32f4xx_hal.o
    0x080a3ea6   0x080a3ea6   0x00000002   PAD
    0x080a3ea8   0x080a3ea8   0x0000000c   Code   RO          686    .text.HAL_GetTick   stm32f4xx_hal.o
    0x080a3eb4   0x080a3eb4   0x0000000c   Code   RO          722    .text.HAL_GetUIDw0  stm32f4xx_hal.o
    0x080a3ec0   0x080a3ec0   0x0000001a   Code   RO          684    .text.HAL_IncTick   stm32f4xx_hal.o
    0x080a3eda   0x080a3eda   0x00000002   PAD
    0x080a3edc   0x080a3edc   0x0000002e   Code   RO          674    .text.HAL_Init      stm32f4xx_hal.o
    0x080a3f0a   0x080a3f0a   0x00000002   PAD
    0x080a3f0c   0x080a3f0c   0x00000050   Code   RO          676    .text.HAL_InitTick  stm32f4xx_hal.o
    0x080a3f5c   0x080a3f5c   0x00000002   Code   RO          623    .text.HAL_MspInit   stm32f4xx_hal_msp.o
    0x080a3f5e   0x080a3f5e   0x00000002   PAD
    0x080a3f60   0x080a3f60   0x00000020   Code   RO          920    .text.HAL_NVIC_EnableIRQ  stm32f4xx_hal_cortex.o
    0x080a3f80   0x080a3f80   0x00000056   Code   RO          918    .text.HAL_NVIC_SetPriority  stm32f4xx_hal_cortex.o
    0x080a3fd6   0x080a3fd6   0x00000002   PAD
    0x080a3fd8   0x080a3fd8   0x00000020   Code   RO          916    .text.HAL_NVIC_SetPriorityGrouping  stm32f4xx_hal_cortex.o
    0x080a3ff8   0x080a3ff8   0x00000154   Code   RO         1759    .text.HAL_RCC_ClockConfig  stm32f4xx_hal_rcc.o
    0x080a414c   0x080a414c   0x0000006a   Code   RO         1761    .text.HAL_RCC_GetSysClockFreq  stm32f4xx_hal_rcc.o
    0x080a41b6   0x080a41b6   0x00000002   PAD
    0x080a41b8   0x080a41b8   0x0000030c   Code   RO         1757    .text.HAL_RCC_OscConfig  stm32f4xx_hal_rcc.o
    0x080a44c4   0x080a44c4   0x0000002c   Code   RO          928    .text.HAL_SYSTICK_Config  stm32f4xx_hal_cortex.o
    0x080a44f0   0x080a44f0   0x00000002   Code   RO          636    .text.HardFault_Handler  stm32f4xx_it.o
    0x080a44f2   0x080a44f2   0x00000002   PAD
    0x080a44f4   0x080a44f4   0x0000004e   Code   RO           47    .text.HostState_Ctrl  hoststate_ctrl.o
    0x080a4542   0x080a4542   0x00000002   PAD
    0x080a4544   0x080a4544   0x0000032c   Code   RO          513    .text.I2C_Read      eeprom.o
    0x080a4870   0x080a4870   0x00000308   Code   RO          509    .text.I2C_Write     eeprom.o
    0x080a4b78   0x080a4b78   0x00000002   Code   RO          638    .text.MemManage_Handler  stm32f4xx_it.o
    0x080a4b7a   0x080a4b7a   0x00000002   PAD
    0x080a4b7c   0x080a4b7c   0x000000c6   Code   RO          200    .text.Modbus_GetCRC16  modbuscrc.o
    0x080a4c42   0x080a4c42   0x00000002   PAD
    0x080a4c44   0x080a4c44   0x0000058a   Code   RO           74    .text.MonitorInit   monitor.o
    0x080a51ce   0x080a51ce   0x00000002   PAD
    0x080a51d0   0x080a51d0   0x00000390   Code   RO           76    .text.MonitorProcess  monitor.o
    0x080a5560   0x080a5560   0x00000292   Code   RO           32    .text.MotorCmd_Ctrl  motorcmd_ctrl.o
    0x080a57f2   0x080a57f2   0x00000002   PAD
    0x080a57f4   0x080a57f4   0x0000003c   Code   RO          298    .text.MotorInfo_EAngleCalc  motorinfo.o
    0x080a5830   0x080a5830   0x0000008e   Code   RO          296    .text.MotorInfo_GetCurrent  motorinfo.o
    0x080a58be   0x080a58be   0x00000002   PAD
    0x080a58c0   0x080a58c0   0x0000022c   Code   RO          290    .text.MotorInfo_Init  motorinfo.o
    0x080a5aec   0x080a5aec   0x00000080   Code   RO          292    .text.MotorInfo_OutSpdCalc  motorinfo.o
    0x080a5b6c   0x080a5b6c   0x0000000e   Code   RO          294    .text.MotorInfo_PosAbsCalc  motorinfo.o
    0x080a5b7a   0x080a5b7a   0x00000002   PAD
    0x080a5b7c   0x080a5b7c   0x00000038   Code   RO          300    .text.MotorInfo_Pressure  motorinfo.o
    0x080a5bb4   0x080a5bb4   0x0000007e   Code   RO          302    .text.MotorInfo_Torque  motorinfo.o
    0x080a5c32   0x080a5c32   0x00000002   PAD
    0x080a5c34   0x080a5c34   0x00000002   Code   RO          634    .text.NMI_Handler   stm32f4xx_it.o
    0x080a5c36   0x080a5c36   0x00000002   PAD
    0x080a5c38   0x080a5c38   0x00000052   Code   RO          185    .text.Param2Eeprom  databaseprocess.o
    0x080a5c8a   0x080a5c8a   0x00000002   PAD
    0x080a5c8c   0x080a5c8c   0x0000024e   Code   RO          140    .text.ParamRead_Write  hostprocess.o
    0x080a5eda   0x080a5eda   0x00000002   PAD
    0x080a5edc   0x080a5edc   0x00000002   Code   RO          648    .text.PendSV_Handler  stm32f4xx_it.o
    0x080a5ede   0x080a5ede   0x00000002   PAD
    0x080a5ee0   0x080a5ee0   0x00000064   Code   RO          262    .text.Pos_Loop      foc.o
    0x080a5f44   0x080a5f44   0x000000d0   Code   RO          519    .text.Read          eeprom.o
    0x080a6014   0x080a6014   0x000001fa   Code   RO          529    .text.ReangleRS485_Init  reanglers485.o
    0x080a620e   0x080a620e   0x00000002   PAD
    0x080a6210   0x080a6210   0x0000006a   Code   RO          541    .text.ReangleRS485_Send_Process  reanglers485.o
    0x080a627a   0x080a627a   0x00000002   PAD
    0x080a627c   0x080a627c   0x00000002   Code   RO          644    .text.SVC_Handler   stm32f4xx_it.o
    0x080a627e   0x080a627e   0x00000002   PAD
    0x080a6280   0x080a6280   0x00000076   Code   RO          211    .text.SVPWM         svpwm.o
    0x080a62f6   0x080a62f6   0x00000002   PAD
    0x080a62f8   0x080a62f8   0x000001b2   Code   RO           59    .text.SensorCali_Ctrl  sensorcali_ctrl.o
    0x080a64aa   0x080a64aa   0x00000002   PAD
    0x080a64ac   0x080a64ac   0x00000024   Code   RO           84    .text.SetBoardUpdata_Fault  monitor.o
    0x080a64d0   0x080a64d0   0x00000022   Code   RO           82    .text.SetDBVersion_Fault  monitor.o
    0x080a64f2   0x080a64f2   0x00000002   PAD
    0x080a64f4   0x080a64f4   0x00000022   Code   RO           80    .text.SetE2prom_Fault  monitor.o
    0x080a6516   0x080a6516   0x00000002   PAD
    0x080a6518   0x080a6518   0x00000056   Code   RO          266    .text.SetVector     foc.o
    0x080a656e   0x080a656e   0x00000002   PAD
    0x080a6570   0x080a6570   0x00000064   Code   RO          132    .text.Set_BootFlg   hostprocess.o
    0x080a65d4   0x080a65d4   0x00000074   Code   RO          134    .text.Set_BootSuccessFlg  hostprocess.o
    0x080a6648   0x080a6648   0x0000000a   Code   RO          126    .text.SoftReset     hostprocess.o
    0x080a6652   0x080a6652   0x00000002   PAD
    0x080a6654   0x080a6654   0x0000009c   Code   RO          260    .text.Speed_Loop    foc.o
    0x080a66f0   0x080a66f0   0x00000064   Code   RO          136    .text.StoreVersion_Factory  hostprocess.o
    0x080a6754   0x080a6754   0x00000064   Code   RO          138    .text.StoreVersion_NewApp  hostprocess.o
    0x080a67b8   0x080a67b8   0x00000004   Code   RO          650    .text.SysTick_Handler  stm32f4xx_it.o
    0x080a67bc   0x080a67bc   0x00000056   Code   RO          659    .text.SystemInit    system_stm32f4xx.o
    0x080a6812   0x080a6812   0x00000002   PAD
    0x080a6814   0x080a6814   0x00000034   Code   RO          342    .text.TIM2_IRQHandler  timerbase.o
    0x080a6848   0x080a6848   0x00000046   Code   RO          352    .text.TIM3_IRQHandler  timerbase.o
    0x080a688e   0x080a688e   0x00000002   PAD
    0x080a6890   0x080a6890   0x0000003c   Code   RO          348    .text.TIM5_IRQHandler  timerbase.o
    0x080a68cc   0x080a68cc   0x00000068   Code   RO          350    .text.TIMER_PWM_Source_Init  timerbase.o
    0x080a6934   0x080a6934   0x0000011e   Code   RO           78    .text.TemperatureCheck  monitor.o
    0x080a6a52   0x080a6a52   0x00000002   PAD
    0x080a6a54   0x080a6a54   0x0000000c   Code   RO          340    .text.TimerBase1_GetTicks  timerbase.o
    0x080a6a60   0x080a6a60   0x00000060   Code   RO          338    .text.TimerBase1_Init  timerbase.o
    0x080a6ac0   0x080a6ac0   0x000000aa   Code   RO           18    .text.TimerBase1_Update_Callback  int_ctrl.o
    0x080a6b6a   0x080a6b6a   0x00000002   PAD
    0x080a6b6c   0x080a6b6c   0x0000000c   Code   RO          346    .text.TimerBase2_GetTicks  timerbase.o
    0x080a6b78   0x080a6b78   0x0000005e   Code   RO          344    .text.TimerBase2_Init  timerbase.o
    0x080a6bd6   0x080a6bd6   0x00000002   PAD
    0x080a6bd8   0x080a6bd8   0x000000d6   Code   RO          368    .text.TimerPWM_DutySet  timerpwm.o
    0x080a6cae   0x080a6cae   0x00000002   PAD
    0x080a6cb0   0x080a6cb0   0x000000f4   Code   RO          366    .text.TimerPWM_Init  timerpwm.o
    0x080a6da4   0x080a6da4   0x00000114   Code   RO          370    .text.TimerPWM_ModeSet  timerpwm.o
    0x080a6eb8   0x080a6eb8   0x00000202   Code   RO          567    .text.UART4_IRQHandler  codertama.o
    0x080a70ba   0x080a70ba   0x00000002   PAD
    0x080a70bc   0x080a70bc   0x0000015a   Code   RO          533    .text.USART1_IRQHandler  reanglers485.o
    0x080a7216   0x080a7216   0x00000002   PAD
    0x080a7218   0x080a7218   0x00000076   Code   RO          446    .text.USART2_IRQHandler  uart.o
    0x080a728e   0x080a728e   0x00000002   PAD
    0x080a7290   0x080a7290   0x000001f8   Code   RO          442    .text.Uart_Init     uart.o
    0x080a7488   0x080a7488   0x00000062   Code   RO          444    .text.Uart_Send     uart.o
    0x080a74ea   0x080a74ea   0x00000002   PAD
    0x080a74ec   0x080a74ec   0x00000002   Code   RO          642    .text.UsageFault_Handler  stm32f4xx_it.o
    0x080a74ee   0x080a74ee   0x00000002   PAD
    0x080a74f0   0x080a74f0   0x0000002a   Code   RO          128    .text.__NVIC_SystemReset  hostprocess.o
    0x080a751a   0x080a751a   0x00000002   PAD
    0x080a751c   0x080a751c   0x0000002a   Code   RO          187    .text.__NVIC_SystemReset  databaseprocess.o
    0x080a7546   0x080a7546   0x00000002   PAD
    0x080a7548   0x080a7548   0x00000376   Code   RO            2    .text.main          main.o
    0x080a78be   0x080a78be   0x00000002   PAD
    0x080a78c0   0x080a78c0   0x000000d4   Code   RO         2981    _IQ16atan2          IQmathLib.lib(IQNatan2.o)
    0x080a7994   0x080a7994   0x00000080   Code   RO         3068    _IQ16cosPU          IQmathLib.lib(IQNcosPU.o)
    0x080a7a14   0x080a7a14   0x00000090   Code   RO         3158    _IQ16div            IQmathLib.lib(IQNdiv.o)
    0x080a7aa4   0x080a7aa4   0x00000010   Code   RO         3248    _IQ16mpy            IQmathLib.lib(IQNmpy.o)
    0x080a7ab4   0x080a7ab4   0x0000000c   Code   RO         3338    _IQ16rmpy           IQmathLib.lib(IQNrmpy.o)
    0x080a7ac0   0x080a7ac0   0x0000007c   Code   RO         3428    _IQ16sinPU          IQmathLib.lib(IQNsinPU.o)
    0x080a7b3c   0x080a7b3c   0x00000c00   Code   RO         3505    atan2PU_table       IQmathLib.lib(IQtables.o)
    0x080a873c   0x080a873c   0x00000800   Code   RO         3506    div_table           IQmathLib.lib(IQtables.o)
    0x080a8f3c   0x080a8f3c   0x00000804   Code   RO         3508    sincos_table        IQmathLib.lib(IQtables.o)
    0x080a9740   0x080a9740   0x0000005e   Code   RO         3539    x$fpl$dfix          fz_wm.l(dfix.o)
    0x080a979e   0x080a979e   0x00000026   Code   RO         3543    x$fpl$dfltu         fz_wm.l(dflt_clz.o)
    0x080a97c4   0x080a97c4   0x00000154   Code   RO         3549    x$fpl$dmul          fz_wm.l(dmul.o)
    0x080a9918   0x080a9918   0x0000009c   Code   RO         3647    x$fpl$dnaninf       fz_wm.l(dnaninf.o)
    0x080a99b4   0x080a99b4   0x0000000c   Code   RO         3649    x$fpl$dretinf       fz_wm.l(dretinf.o)
    0x080a99c0   0x080a99c0   0x0000001a   Code   RO         3836    x$fpl$fpinit        fz_wm.l(fpinit.o)
    0x080a99da   0x080a99da   0x00000000   Code   RO         3659    x$fpl$usenofp       fz_wm.l(usenofp.o)
    0x080a99da   0x080a99da   0x00000010   Data   RO          664    .rodata.AHBPrescTable  system_stm32f4xx.o
    0x080a99ea   0x080a99ea   0x00000080   Data   RO          111    .rodata.Steer_Vs_Temp  monitor.o
    0x080a9a6a   0x080a9a6a   0x00000100   Data   RO          202    .rodata.aucCRCHi    modbuscrc.o
    0x080a9b6a   0x080a9b6a   0x00000100   Data   RO          203    .rodata.aucCRCLo    modbuscrc.o
    0x080a9c6a   0x080a9c6a   0x00000002   PAD
    0x080a9c6c   0x080a9c6c   0x00000020   Data   RO         3897    Region$$Table       anon$$obj.o


    Execution Region RW_IRAM1 (Exec base: 0x20000000, Load base: 0x080a9c90, Size: 0x00001318, Max: 0x00020000, ABSOLUTE, COMPRESSED[0x00000118])

    Exec Addr    Load Addr    Size         Type   Attr      Idx    E Section Name        Object

    0x20000000   COMPRESSED   0x00000028   Data   RW          396    .data.ADC_Port_List  adc.o
    0x20000028   COMPRESSED   0x00000050   Data   RW          428    .data.Can_HostBaudTab  can_host.o
    0x20000078   COMPRESSED   0x00000004   Data   RW          327    .data.Current_Offset_Clc.iqDataMin.0  motorinfo.o
    0x2000007c   COMPRESSED   0x00000004   Data   RW          328    .data.Current_Offset_Clc.iqDataMin.1  motorinfo.o
    0x20000080   COMPRESSED   0x00000004   Data   RW          329    .data.Current_Offset_Clc.iqDataMin.2  motorinfo.o
    0x20000084   COMPRESSED   0x00000004   Data   RW           91    .data.FaultCheckEnable  monitor.o
    0x20000088   COMPRESSED   0x00000001   Data   RW            6    .data.LED_Blink.LEDFaultHandle1  main.o
    0x20000089   COMPRESSED   0x00000003   PAD
    0x2000008c   COMPRESSED   0x00000110   Data   RW          191    .data.ParamHandle_Steer  databaseprocess.o
    0x2000019c   COMPRESSED   0x00000004   Data   RW          663    .data.SystemCoreClock  system_stm32f4xx.o
    0x200001a0   COMPRESSED   0x00000004   Data   RW           92    .data.WarnCheckEnable  monitor.o
    0x200001a4   COMPRESSED   0x00000018   Data   RW          602    .data.g_psInputGPIOPort  dido.o
    0x200001bc   COMPRESSED   0x00000004   Data   RW          604    .data.g_psOutputGPIOPort  dido.o
    0x200001c0   COMPRESSED   0x00000002   Data   RW          575    .data.g_u16TamaCheckFlags  codertama.o
    0x200001c2   COMPRESSED   0x00000002   PAD
    0x200001c4   COMPRESSED   0x00000004   Data   RW          105    .data.iqMiddleValue  monitor.o
    0x200001c8   COMPRESSED   0x00000004   Data   RW          106    .data.iqWarnningValue  monitor.o
    0x200001cc   COMPRESSED   0x0000004c   Data   RW          269    .data.pi_id         foc.o
    0x20000218   COMPRESSED   0x0000004c   Data   RW          268    .data.pi_iq         foc.o
    0x20000264   COMPRESSED   0x0000004c   Data   RW          271    .data.pi_pos        foc.o
    0x200002b0   COMPRESSED   0x0000004c   Data   RW          270    .data.pi_spd        foc.o
    0x200002fc   COMPRESSED   0x00000002   Data   RW           95    .data.s16CoderTama1Life  monitor.o
    0x200002fe   COMPRESSED   0x00000002   Data   RW           96    .data.s16CoderTama2Life  monitor.o
    0x20000300   COMPRESSED   0x00000002   Data   RW           93    .data.s16CtrlLife   monitor.o
    0x20000302   COMPRESSED   0x00000002   Data   RW           94    .data.s16ReangleLife  monitor.o
    0x20000304   COMPRESSED   0x00000001   Data   RW          729    .data.uwTickFreq    stm32f4xx_hal.o
    0x20000305   COMPRESSED   0x00000003   PAD
    0x20000308   COMPRESSED   0x00000004   Data   RW          728    .data.uwTickPrio    stm32f4xx_hal.o
    0x2000030c   COMPRESSED   0x00000004   PAD
    0x20000310        -       0x00000060   Zero   RW         3755    .bss                c_w.l(libspace.o)
    0x20000370        -       0x00000004   Zero   RW           23    .bss.ADC_CurrentSampleCpl_Callback.g_u32CurrentTick  int_ctrl.o
    0x20000374        -       0x00000002   Zero   RW          281    .bss.BlockJudge.u16Cnt_Block  foc.o
    0x20000376   COMPRESSED   0x00000002   PAD
    0x20000378        -       0x00000008   Zero   RW          156    .bss.BootRxHandle   hostprocess.o
    0x20000380        -       0x00000004   Zero   RW          150    .bss.CanTaskProcess.u32CanTaskCnt  hostprocess.o
    0x20000384        -       0x00000028   Zero   RW          429    .bss.Can_HostHandle  can_host.o
    0x200003ac        -       0x00000014   Zero   RW          276    .bss.Clark          foc.o
    0x200003c0        -       0x00000078   Zero   RW          320    .bss.Current_Offset_Clc.iqArray  motorinfo.o
    0x20000438        -       0x00000004   Zero   RW          324    .bss.Current_Offset_Clc.iqDataMax.0  motorinfo.o
    0x2000043c        -       0x00000004   Zero   RW          325    .bss.Current_Offset_Clc.iqDataMax.1  motorinfo.o
    0x20000440        -       0x00000004   Zero   RW          326    .bss.Current_Offset_Clc.iqDataMax.2  motorinfo.o
    0x20000444        -       0x00000004   Zero   RW          321    .bss.Current_Offset_Clc.iqSum.0  motorinfo.o
    0x20000448        -       0x00000004   Zero   RW          322    .bss.Current_Offset_Clc.iqSum.1  motorinfo.o
    0x2000044c        -       0x00000004   Zero   RW          323    .bss.Current_Offset_Clc.iqSum.2  motorinfo.o
    0x20000450        -       0x00000002   Zero   RW          574    .bss.EcoderTxCnt    codertama.o
    0x20000452   COMPRESSED   0x00000002   PAD
    0x20000454        -       0x00000014   Zero   RW          318    .bss.Encoder_Handle  motorinfo.o
    0x20000468        -       0x00000002   Zero   RW          275    .bss.FOC_Core.u16SpeedLoopCount  foc.o
    0x2000046a        -       0x00000002   Zero   RW          107    .bss.FaultClearProcess.u16LastSN_FaultClear  monitor.o
    0x2000046c        -       0x00000001   Zero   RW           98    .bss.FaultNum_Get.Lockbit  monitor.o
    0x2000046d   COMPRESSED   0x00000003   PAD
    0x20000470        -       0x00000004   Zero   RW          272    .bss.FocCnt         foc.o
    0x20000474        -       0x00000001   Zero   RW           90    .bss.Foc_EN_Flag    monitor.o
    0x20000475   COMPRESSED   0x00000001   PAD
    0x20000476        -       0x00000002   Zero   RW          162    .bss.IapAppFlag     hostprocess.o
    0x20000478        -       0x0000001c   Zero   RW          279    .bss.Ipark          foc.o
    0x20000494        -       0x00000004   Zero   RW            8    .bss.LED_Blink.u32FaultNum  main.o
    0x20000498        -       0x00000004   Zero   RW            7    .bss.LED_Blink.u32LedTickLast  main.o
    0x2000049c        -       0x00000004   Zero   RW          109    .bss.LodeOverCheck.u32LodeOverCnt  monitor.o
    0x200004a0        -       0x00000008   Zero   RW           39    .bss.MotorCmd_Ctrl.Rx_SteerCtrlCmd  motorcmd_ctrl.o
    0x200004a8        -       0x00000001   Zero   RW           36    .bss.MotorCmd_Ctrl.eLastCmdMode  motorcmd_ctrl.o
    0x200004a9   COMPRESSED   0x00000001   PAD
    0x200004aa        -       0x00000002   Zero   RW           38    .bss.MotorCmd_Ctrl.u16Cnt_Init  motorcmd_ctrl.o
    0x200004ac        -       0x00000002   Zero   RW           37    .bss.MotorCmd_Ctrl.u16SteerCmdLastSN  motorcmd_ctrl.o
    0x200004ae   COMPRESSED   0x00000002   PAD
    0x200004b0        -       0x00000004   Zero   RW          315    .bss.MotorInfo_EAngleCalc.iqVaule  motorinfo.o
    0x200004b4        -       0x00000004   Zero   RW          311    .bss.MotorInfo_OutSpdCalc.iqOldAddPos  motorinfo.o
    0x200004b8        -       0x00000002   Zero   RW          316    .bss.MotorInfo_Pressure.u16Cnt_Pressure  motorinfo.o
    0x200004ba        -       0x00000002   Zero   RW          317    .bss.MotorInfo_Torque.u16Cnt_Torque  motorinfo.o
    0x200004bc        -       0x00000004   Zero   RW          313    .bss.OuTPos         motorinfo.o
    0x200004c0        -       0x0000001c   Zero   RW          277    .bss.Park           foc.o
    0x200004dc        -       0x00000004   Zero   RW          543    .bss.Reangle_Value  reanglers485.o
    0x200004e0        -       0x00000008   Zero   RW          154    .bss.RegReal_BoardState1  hostprocess.o
    0x200004e8        -       0x00000008   Zero   RW          172    .bss.RegReal_BoardState2  hostprocess.o
    0x200004f0        -       0x00000008   Zero   RW          173    .bss.RegReal_BoardState3  hostprocess.o
    0x200004f8        -       0x00000008   Zero   RW          158    .bss.RegReal_FaultClearCmd  hostprocess.o
    0x20000500        -       0x00000008   Zero   RW          168    .bss.RegReal_FaultClearFB  hostprocess.o
    0x20000508        -       0x00000008   Zero   RW          153    .bss.RegReal_FaultCodeFB  hostprocess.o
    0x20000510        -       0x00000008   Zero   RW          160    .bss.RegReal_HeartCmd  hostprocess.o
    0x20000518        -       0x00000008   Zero   RW          169    .bss.RegReal_HeartFB  hostprocess.o
    0x20000520        -       0x00000008   Zero   RW          159    .bss.RegReal_ParamManageCmd  hostprocess.o
    0x20000528        -       0x00000008   Zero   RW          165    .bss.RegReal_ParamManageFB  hostprocess.o
    0x20000530        -       0x00000008   Zero   RW          142    .bss.RegReal_PosCtrlCmd  hostprocess.o
    0x20000538        -       0x00000008   Zero   RW          152    .bss.RegReal_PosCtrlFB  hostprocess.o
    0x20000540        -       0x00000008   Zero   RW          151    .bss.RegReal_ResetCmd  hostprocess.o
    0x20000548        -       0x00000008   Zero   RW          170    .bss.RegReal_ResetFB  hostprocess.o
    0x20000550        -       0x00000008   Zero   RW          157    .bss.RegReal_SensorCaliCmd  hostprocess.o
    0x20000558        -       0x00000008   Zero   RW          167    .bss.RegReal_SensorCaliFB  hostprocess.o
    0x20000560        -       0x00000008   Zero   RW          171    .bss.RegReal_SensorDataFB  hostprocess.o
    0x20000568        -       0x00000010   Zero   RW          155    .bss.Rx_frame       hostprocess.o
    0x20000578        -       0x00000028   Zero   RW          217    .bss.SVPWMStruct    svpwm.o
    0x200005a0        -       0x00000008   Zero   RW           65    .bss.SensorCaliFB   sensorcali_ctrl.o
    0x200005a8        -       0x00000002   Zero   RW           62    .bss.SensorCali_Ctrl.u16Cnt_ResetDelay  sensorcali_ctrl.o
    0x200005aa        -       0x00000002   Zero   RW           63    .bss.SensorCali_Ctrl.u16Cnt_WriteTime  sensorcali_ctrl.o
    0x200005ac        -       0x00000002   Zero   RW           61    .bss.SensorCali_Ctrl.u16_SensorCaliCmd_Last  sensorcali_ctrl.o
    0x200005ae        -       0x00000004   Zero   RW           64    .bss.SensorCali_Handle  sensorcali_ctrl.o
    0x200005b2   COMPRESSED   0x00000002   PAD
    0x200005b4        -       0x00000004   Zero   RW          357    .bss.TIMER_PWM_SourceTick  timerbase.o
    0x200005b8        -       0x00000008   Zero   RW          280    .bss.TXBuf          foc.o
    0x200005c0        -       0x00000004   Zero   RW          430    .bss.TX_1           can_host.o
    0x200005c4        -       0x00000004   Zero   RW          431    .bss.TX_2           can_host.o
    0x200005c8        -       0x00000004   Zero   RW          432    .bss.TX_3           can_host.o
    0x200005cc        -       0x00000002   Zero   RW          110    .bss.TemperatureCheck.u16HighTempCnt  monitor.o
    0x200005ce   COMPRESSED   0x00000002   PAD
    0x200005d0        -       0x00000004   Zero   RW          164    .bss.TimeoutCnt     hostprocess.o
    0x200005d4        -       0x00000010   Zero   RW          166    .bss.Tx_frame       hostprocess.o
    0x200005e4        -       0x00000001   Zero   RW          108    .bss.VoltFaultCheck.u8VoltUnderCnt  monitor.o
    0x200005e5   COMPRESSED   0x00000003   PAD
    0x200005e8        -       0x0000001c   Zero   RW          573    .bss.WheelAngleHandle1  codertama.o
    0x20000604        -       0x00000001   Zero   RW          161    .bss.WriteCnt       hostprocess.o
    0x20000605        -       0x00000001   Zero   RW          547    .bss.XORTest1       reanglers485.o
    0x20000606        -       0x00000001   Zero   RW          548    .bss.XORTest2       reanglers485.o
    0x20000607   COMPRESSED   0x00000001   PAD
    0x20000608        -       0x00000004   Zero   RW          576    .bss._iqAngleM      codertama.o
    0x2000060c        -       0x00000004   Zero   RW          577    .bss._iqAngleTem    codertama.o
    0x20000610        -       0x00000001   Zero   RW          163    .bss.flaerr         hostprocess.o
    0x20000611   COMPRESSED   0x00000003   PAD
    0x20000614        -       0x000000ff   Zero   RW          459    .bss.g_pu8RxBuf     uart.o
    0x20000713        -       0x000000ff   Zero   RW          546    .bss.g_pu8RxBuf     reanglers485.o
    0x20000812        -       0x000000ff   Zero   RW          579    .bss.g_pu8RxBuf     codertama.o
    0x20000911   COMPRESSED   0x00000003   PAD
    0x20000914        -       0x000000ff   Zero   RW          460    .bss.g_pu8TxBuf     uart.o
    0x20000a13   COMPRESSED   0x00000001   PAD
    0x20000a14        -       0x000000ff   Zero   RW          550    .bss.g_pu8TxBuf     reanglers485.o
    0x20000b13   COMPRESSED   0x00000005   PAD
    0x20000b18        -       0x000000ff   Zero   RW          581    .bss.g_pu8TxBuf     codertama.o
    0x20000c17   COMPRESSED   0x00000001   PAD
    0x20000c18        -       0x00000014   Zero   RW           34    .bss.g_sMotorCmd    motorcmd_ctrl.o
    0x20000c2c        -       0x00000044   Zero   RW          309    .bss.g_sMotor_Info  motorinfo.o
    0x20000c70        -       0x0000000e   Zero   RW          398    .bss.g_u16AdcData   adc.o
    0x20000c7e        -       0x00000002   Zero   RW          144    .bss.g_u16FultClearStep  hostprocess.o
    0x20000c80        -       0x00000002   Zero   RW          146    .bss.g_u16HeartStep  hostprocess.o
    0x20000c82        -       0x00000002   Zero   RW          145    .bss.g_u16ParamStep  hostprocess.o
    0x20000c84        -       0x00000002   Zero   RW          147    .bss.g_u16ResetStep  hostprocess.o
    0x20000c86        -       0x00000002   Zero   RW          143    .bss.g_u16SensorCaliStep  hostprocess.o
    0x20000c88        -       0x00000004   Zero   RW           99    .bss.g_u32FaultNum  monitor.o
    0x20000c8c        -       0x00000001   Zero   RW          456    .bss.g_u32RxCplFlag  uart.o
    0x20000c8d   COMPRESSED   0x00000003   PAD
    0x20000c90        -       0x00000004   Zero   RW          457    .bss.g_u32RxLen     uart.o
    0x20000c94        -       0x00000004   Zero   RW          578    .bss.g_u32RxLen     codertama.o
    0x20000c98        -       0x00000004   Zero   RW          100    .bss.g_u32WarningNum  monitor.o
    0x20000c9c        -       0x00000001   Zero   RW          458    .bss.g_u8TxMutex    uart.o
    0x20000c9d        -       0x00000001   Zero   RW          580    .bss.g_u8TxMutex    codertama.o
    0x20000c9e   COMPRESSED   0x00000002   PAD
    0x20000ca0        -       0x00000004   Zero   RW          104    .bss.iqCoderErr     monitor.o
    0x20000ca4        -       0x00000004   Zero   RW          314    .bss.iqNewSpdRPM    motorinfo.o
    0x20000ca8        -       0x00000004   Zero   RW          312    .bss.iqNowAddPos    motorinfo.o
    0x20000cac        -       0x00000004   Zero   RW          306    .bss.iqOffset_CurA  motorinfo.o
    0x20000cb0        -       0x00000004   Zero   RW          307    .bss.iqOffset_CurB  motorinfo.o
    0x20000cb4        -       0x00000004   Zero   RW          308    .bss.iqOffset_CurC  motorinfo.o
    0x20000cb8        -       0x00000001   Zero   RW           49    .bss.m_eHostComState  hoststate_ctrl.o
    0x20000cb9   COMPRESSED   0x00000003   PAD
    0x20000cbc        -       0x00000004   Zero   RW            5    .bss.main.u32VTOR_LongAddr  main.o
    0x20000cc0        -       0x00000020   Zero   RW         1169    .bss.pFlash         stm32f4xx_hal_flash.o
    0x20000ce0        -       0x0000000c   Zero   RW          278    .bss.sTeles_Ctrl    foc.o
    0x20000cec        -       0x00000002   Zero   RW          102    .bss.u16Cnt_Left    monitor.o
    0x20000cee        -       0x00000002   Zero   RW          103    .bss.u16Cnt_Right   monitor.o
    0x20000cf0        -       0x00000002   Zero   RW          149    .bss.u16PosCtrlFB_DelayCnt  hostprocess.o
    0x20000cf2        -       0x00000002   Zero   RW          148    .bss.u16PosCtrlFB_LastSN  hostprocess.o
    0x20000cf4        -       0x00000002   Zero   RW           35    .bss.u16StopFlag    motorcmd_ctrl.o
    0x20000cf6   COMPRESSED   0x00000002   PAD
    0x20000cf8        -       0x00000004   Zero   RW          433    .bss.u32Can1RsetTimes  can_host.o
    0x20000cfc        -       0x00000004   Zero   RW          544    .bss.u32RXCnt1      reanglers485.o
    0x20000d00        -       0x00000004   Zero   RW          545    .bss.u32RXCnt2      reanglers485.o
    0x20000d04        -       0x00000004   Zero   RW          355    .bss.u32TimerBase1Tick  timerbase.o
    0x20000d08        -       0x00000004   Zero   RW          356    .bss.u32TimerBase2Tick  timerbase.o
    0x20000d0c        -       0x00000001   Zero   RW          549    .bss.u8ReangleTxMutex  reanglers485.o
    0x20000d0d        -       0x00000001   Zero   RW            4    .bss.u8Standby_Flag  main.o
    0x20000d0e        -       0x00000001   Zero   RW          354    .bss.u8Tick1kHz_Flag  timerbase.o
    0x20000d0f        -       0x00000001   Zero   RW           97    .bss.u8VoltOverCnt  monitor.o
    0x20000d10        -       0x00000004   Zero   RW          730    .bss.uwTick         stm32f4xx_hal.o
    0x20000d14   COMPRESSED   0x00000004   PAD
    0x20000d18        -       0x00000200   Zero   RW          614    HEAP                startup_stm32f405xx.o
    0x20000f18        -       0x00000400   Zero   RW          613    STACK               startup_stm32f405xx.o


==============================================================================

Image component sizes


      Code (inc. data)   RO Data    RW Data    ZI Data      Debug   Object Name

       584          0          0         40         14      10040   adc.o
       296          0          0          0          0       1272   anglemath.o
       978          0          0         80         56       8450   can_host.o
      1194          0          0          2        553       7530   codertama.o
       614          0          0        272          0       5959   databaseprocess.o
       364          0          0         28          0       3477   dido.o
      2262          0          0          0          0      11294   eeprom.o
      1872          0          0        304        104       7388   foc.o
      2110         44          0          0        202       8741   hostprocess.o
        78          6          0          0          1       1359   hoststate_ctrl.o
       386         10          0          0          4       1027   int_ctrl.o
       886          4          0          1         13       4830   main.o
       198          0        512          0          0       1142   modbuscrc.o
      3344          8        128         24         28      10542   monitor.o
       658          6          0          0         35       2662   motorcmd_ctrl.o
      1172          0          0         12        268       5468   motorinfo.o
      1032          0          0          0        525       7748   reanglers485.o
       434          0          0          0         18       1363   sensorcali_ctrl.o
        64         26        392          0       1536        904   startup_stm32f405xx.o
       168          0          0          0          0       3674   stflash.o
       230          0          0          5          4       7100   stm32f4xx_hal.o
      1794          6          0          0          0      13660   stm32f4xx_hal_can.o
       194          0          0          0          0      10401   stm32f4xx_hal_cortex.o
       580          0          0          0         32       5312   stm32f4xx_hal_flash.o
       442          0          0          0          0       5110   stm32f4xx_hal_gpio.o
         2          0          0          0          0        512   stm32f4xx_hal_msp.o
      1226          0          0          0          0       7215   stm32f4xx_hal_rcc.o
        20          0          0          0          0        981   stm32f4xx_it.o
       118          6          0          0         40       1496   svpwm.o
        86          0         16          4          0       2628   system_stm32f4xx.o
       500          0          0          0         13       5568   timerbase.o
       734          4          0          0          0       6750   timerpwm.o
       802         20          0          0        516       7503   uart.o

    ----------------------------------------------------------------------
     25600        140       1082        780       4012     179106   Object Totals
         0          0         32          0          0          0   (incl. Generated)
       178          0          2          8         50          0   (incl. Padding)

    ----------------------------------------------------------------------

      Code (inc. data)   RO Data    RW Data    ZI Data      Debug   Library Member Name

       212         12          0          0          0        276   IQNatan2.o
       128         14          0          0          0        236   IQNcosPU.o
       144          2          0          0          0        248   IQNdiv.o
        16          2          0          0          0        188   IQNmpy.o
        12          0          0          0          0        192   IQNrmpy.o
       124         14          0          0          0        232   IQNsinPU.o
      7172       7172          0          0          0        456   IQtables.o
        90          0          0          0          0          0   __dczerorl2.o
         8          0          0          0          0         68   __main.o
         0          0          0          0          0          0   __rtentry.o
        12          0          0          0          0          0   __rtentry2.o
         6          0          0          0          0          0   __rtentry4.o
        52          8          0          0          0          0   __scatter.o
        28          0          0          0          0          0   __scatter_zi.o
        18          0          0          0          0         80   exit.o
         6          0          0          0          0        152   heapauxi.o
         0          0          0          0          0          0   indicate_semi.o
         2          0          0          0          0          0   libinit.o
         6          0          0          0          0          0   libinit2.o
         2          0          0          0          0          0   libshutdown.o
         2          0          0          0          0          0   libshutdown2.o
         8          4          0          0         96         68   libspace.o
       240          0          0          0          0        100   lludivv7m.o
       138          0          0          0          0         68   rt_memcpy_v6.o
       100          0          0          0          0         80   rt_memcpy_w.o
         2          0          0          0          0          0   rtexit.o
        10          0          0          0          0          0   rtexit2.o
        12          4          0          0          0         68   sys_exit.o
        74          0          0          0          0         80   sys_stackheap_outer.o
         2          0          0          0          0         68   use_no_semi.o
        94          4          0          0          0        140   dfix.o
        38          0          0          0          0        116   dflt_clz.o
       340         12          0          0          0        152   dmul.o
       156          4          0          0          0        140   dnaninf.o
        12          0          0          0          0        116   dretinf.o
        26          0          0          0          0        116   fpinit.o
         0          0          0          0          0          0   usenofp.o

    ----------------------------------------------------------------------
      9298       7252          0          0         96       3440   Library Totals
         6          0          0          0          0          0   (incl. Padding)

    ----------------------------------------------------------------------

      Code (inc. data)   RO Data    RW Data    ZI Data      Debug   Library Name

      7808       7216          0          0          0       1828   IQmathLib.lib
       818         16          0          0         96        832   c_w.l
       666         20          0          0          0        780   fz_wm.l

    ----------------------------------------------------------------------
      9298       7252          0          0         96       3440   Library Totals

    ----------------------------------------------------------------------

==============================================================================


      Code (inc. data)   RO Data    RW Data    ZI Data      Debug   

     34898       7392       1082        780       4108     181238   Grand Totals
     34898       7392       1082        280       4108     181238   ELF Image Totals (compressed)
     34898       7392       1082        280          0          0   ROM Totals

==============================================================================

    Total RO  Size (Code + RO Data)                35980 (  35.14kB)
    Total RW  Size (RW Data + ZI Data)              4888 (   4.77kB)
    Total ROM Size (Code + RO Data + RW Data)      36260 (  35.41kB)

==============================================================================

