<html>
<body>
<pre>
<h1>µVision Build Log</h1>
<h2>Tool Versions:</h2>
IDE-Version: ¦ÌVision V5.33.0.0
Copyright (C) 2020 ARM Ltd and ARM Germany GmbH. All rights reserved.
License Information: LM muniu, muniu, LIC=FQQMA-1CUJE-F10PT-RM8ZT-0NQ08-8EAF0
 
Tool Versions:
Toolchain:       MDK-ARM Professional  Version: 5.33.0.0
Toolchain Path:  C:\Keil_v5\ARM\ARMCLANG\Bin
C Compiler:      ArmClang.exe V6.15
Assembler:       Armasm.exe V6.15
Linker/Locator:  ArmLink.exe V6.15
Library Manager: ArmAr.exe V6.15
Hex Converter:   FromElf.exe V6.15
CPU DLL:         SARMCM3.DLL V5.33.0.0
Dialog DLL:      DCM.DLL V1.17.3.0
Target DLL:      STLink\ST-LINKIII-KEIL_SWO.dll V3.0.8.0
Dialog DLL:      TCM.DLL V1.48.0.0
 
<h2>Project:</h2>
D:\workspace\2_Project\TextileRobot\3_Debug\Textile_GlandMDB_Param\Project\PMSM.uvprojx
Project File Date:  02/14/2025

<h2>Output:</h2>
*** Using Compiler 'V6.15', folder: 'C:\Keil_v5\ARM\ARMCLANG\Bin'
Rebuild target 'Target 1'
compiling TimerBase.c...
compiling TimerPWM.c...
compiling MotorInfo.c...
compiling DataBaseProcess.c...
compiling main.c...
compiling MotorCmd_Ctrl.c...
compiling HostProcess.c...
compiling Int_Ctrl.c...
compiling HostState_Ctrl.c...
compiling MODBusCRC.c...
compiling SVPWM.c...
compiling SensorCali_Ctrl.c...
compiling Foc.c...
compiling VVVF.c...
compiling Monitor.c...
compiling ADC.c...
compiling Can_Host.c...
compiling Uart.c...
compiling StFlash.c...
compiling AngleMath.c...
compiling stm32f4xx_hal_msp.c...
compiling Dido.c...
compiling ReangleRS485.c...
compiling CoderTama.c...
compiling stm32f4xx_it.c...
compiling system_stm32f4xx.c...
assembling startup_stm32f405xx.s...
compiling Eeprom.c...
compiling stm32f4xx_hal.c...
compiling stm32f4xx_hal_cec.c...
compiling stm32f4xx_hal_adc.c...
compiling stm32f4xx_hal_adc_ex.c...
compiling stm32f4xx_hal_crc.c...
compiling stm32f4xx_hal_cortex.c...
compiling stm32f4xx_hal_can.c...
compiling stm32f4xx_hal_cryp.c...
compiling stm32f4xx_hal_cryp_ex.c...
compiling stm32f4xx_hal_dcmi.c...
compiling stm32f4xx_hal_dcmi_ex.c...
compiling stm32f4xx_hal_dac_ex.c...
compiling stm32f4xx_hal_dac.c...
compiling stm32f4xx_hal_dfsdm.c...
compiling stm32f4xx_hal_dma2d.c...
compiling stm32f4xx_hal_dma_ex.c...
compiling stm32f4xx_hal_dma.c...
compiling stm32f4xx_hal_dsi.c...
compiling stm32f4xx_hal_eth.c...
compiling stm32f4xx_hal_exti.c...
compiling stm32f4xx_hal_flash.c...
compiling stm32f4xx_hal_flash_ex.c...
compiling stm32f4xx_hal_flash_ramfunc.c...
compiling stm32f4xx_hal_fmpi2c.c...
compiling stm32f4xx_hal_fmpi2c_ex.c...
compiling stm32f4xx_hal_hash.c...
compiling stm32f4xx_hal_hash_ex.c...
compiling stm32f4xx_hal_gpio.c...
compiling stm32f4xx_hal_i2c_ex.c...
compiling stm32f4xx_hal_iwdg.c...
compiling stm32f4xx_hal_lptim.c...
compiling stm32f4xx_hal_ltdc_ex.c...
compiling stm32f4xx_hal_ltdc.c...
compiling stm32f4xx_hal_i2s.c...
compiling stm32f4xx_hal_i2s_ex.c...
compiling stm32f4xx_hal_mmc.c...
compiling stm32f4xx_hal_irda.c...
compiling stm32f4xx_hal_pcd_ex.c...
compiling stm32f4xx_hal_nor.c...
compiling stm32f4xx_hal_pwr_ex.c...
compiling stm32f4xx_hal_pwr.c...
compiling stm32f4xx_hal_pccard.c...
compiling stm32f4xx_hal_qspi.c...
compiling stm32f4xx_hal_nand.c...
compiling stm32f4xx_hal_rcc.c...
compiling stm32f4xx_hal_rcc_ex.c...
compiling stm32f4xx_hal_rng.c...
compiling stm32f4xx_hal_sai.c...
compiling stm32f4xx_hal_sai_ex.c...
compiling stm32f4xx_hal_rtc.c...
compiling stm32f4xx_hal_sdram.c...
compiling stm32f4xx_hal_rtc_ex.c...
compiling stm32f4xx_hal_smbus.c...
compiling stm32f4xx_hal_spdifrx.c...
compiling stm32f4xx_hal_i2c.c...
compiling stm32f4xx_hal_smartcard.c...
compiling stm32f4xx_hal_sram.c...
compiling stm32f4xx_ll_adc.c...
compiling stm32f4xx_hal_sd.c...
compiling stm32f4xx_ll_crc.c...
compiling stm32f4xx_ll_dma.c...
compiling stm32f4xx_hal_wwdg.c...
compiling stm32f4xx_ll_dac.c...
compiling stm32f4xx_ll_dma2d.c...
compiling stm32f4xx_ll_exti.c...
compiling stm32f4xx_hal_tim_ex.c...
compiling stm32f4xx_hal_uart.c...
compiling stm32f4xx_ll_fmc.c...
compiling stm32f4xx_hal_usart.c...
compiling stm32f4xx_ll_gpio.c...
compiling stm32f4xx_hal_spi.c...
compiling stm32f4xx_ll_fsmc.c...
compiling stm32f4xx_ll_lptim.c...
compiling stm32f4xx_ll_i2c.c...
compiling stm32f4xx_ll_pwr.c...
compiling stm32f4xx_hal_tim.c...
compiling stm32f4xx_ll_rcc.c...
compiling stm32f4xx_ll_rng.c...
compiling stm32f4xx_ll_rtc.c...
compiling stm32f4xx_ll_spi.c...
compiling stm32f4xx_ll_tim.c...
compiling stm32f4xx_ll_usart.c...
compiling stm32f4xx_ll_utils.c...
compiling stm32f4xx_ll_sdmmc.c...
linking...
Program Size: Code=34898 RO-data=1082 RW-data=780 ZI-data=4108  
FromELF: creating hex file...
After Build - User command #1: C:\Keil_v5\ARM\ARMCC\bin\fromelf.exe --bin -o ./bin/BLDC_FOC.bin ./Objects/BLDC_FOC.axf
".\Objects\BLDC_FOC.axf" - 0 Error(s), 0 Warning(s).

<h2>Software Packages used:</h2>

Package Vendor: Keil
                http://www.keil.com/pack/Keil.STM32F4xx_DFP.2.9.0.pack
                Keil.STM32F4xx_DFP.2.9.0
                STMicroelectronics STM32F4 Series Device Support, Drivers and Examples

<h2>Collection of Component include folders:</h2>
  C:\Users\muniu\AppData\Local\Arm\Packs\Keil\STM32F4xx_DFP\2.9.0\Drivers\CMSIS\Device\ST\STM32F4xx\Include

<h2>Collection of Component Files used:</h2>
Build Time Elapsed:  00:00:05
</pre>
</body>
</html>
